{
    "config": {
        "allow_infeasible": true,
        "bvns_max_k": 8,
        "bvns_min_k": 4,
        "construction": "greedy",
        "cvns_it_per_k": 5,
        "ils_k": 4,
        "local_search": "PVND",
        "metaheuristic": "BVNS",
        "num_threads": 8,
        "operators": [
            "two_opt",
            "relocate_1",
            "relocate_2",
            "relocate_3",
            "relocate_4",
            "relocate_5",
            "exchange_1_1",
            "exchange_1_2",
            "exchange_2_2",
            "exchange_2_3",
            "exchange_2_4",
            "exchange_3_3",
            "exchange_3_4",
            "exchange_4_4"
        ],
        "perturbation": [
            "double_bridge"
        ],
        "timeout": 6
    },
    "histogram": {
        "all": {
            "exchange_1_1": 81,
            "exchange_1_2": 20,
            "exchange_2_2": 17,
            "exchange_2_3": 13,
            "exchange_2_4": 8,
            "exchange_3_3": 10,
            "exchange_3_4": 9,
            "exchange_4_4": 8,
            "relocate_1": 39,
            "relocate_2": 12,
            "relocate_3": 12,
            "relocate_4": 12,
            "relocate_5": 12,
            "two_opt": 309
        },
        "improving": {
            "exchange_1_1": 72,
            "exchange_1_2": 12,
            "exchange_2_2": 9,
            "exchange_2_3": 5,
            "exchange_2_4": 0,
            "exchange_3_3": 2,
            "exchange_3_4": 1,
            "exchange_4_4": 0,
            "relocate_1": 27,
            "relocate_2": 0,
            "relocate_3": 0,
            "relocate_4": 0,
            "relocate_5": 0,
            "two_opt": 297
        },
        "rate": {
            "exchange_1_1": 0.8888888955116272,
            "exchange_1_2": 0.6000000238418579,
            "exchange_2_2": 0.529411792755127,
            "exchange_2_3": 0.38461539149284363,
            "exchange_2_4": 0.0,
            "exchange_3_3": 0.20000000298023224,
            "exchange_3_4": 0.1111111119389534,
            "exchange_4_4": 0.0,
            "relocate_1": 0.692307710647583,
            "relocate_2": 0.0,
            "relocate_3": 0.0,
            "relocate_4": 0.0,
            "relocate_5": 0.0,
            "two_opt": 0.9611650705337524
        }
    },
    "last_improvement": 4,
    "name": "cvrp-X-n251-k28.xml",
    "solution": {
        "solution": {
            "fitness": 41275,
            "is_feasible": true,
            "permutation": [
                0,
                239,
                143,
                72,
                232,
                115,
                105,
                109,
                56,
                125,
                75,
                0,
                102,
                230,
                173,
                209,
                247,
                154,
                150,
                192,
                0,
                90,
                107,
                229,
                4,
                116,
                31,
                55,
                118,
                0,
                236,
                84,
                123,
                51,
                34,
                114,
                117,
                153,
                146,
                103,
                0,
                54,
                91,
                12,
                29,
                99,
                93,
                122,
                43,
                89,
                41,
                0,
                97,
                20,
                81,
                73,
                96,
                87,
                113,
                136,
                9,
                0,
                149,
                13,
                32,
                74,
                52,
                59,
                26,
                169,
                0,
                141,
                135,
                175,
                8,
                221,
                204,
                164,
                124,
                188,
                245,
                0,
                231,
                126,
                241,
                162,
                155,
                226,
                139,
                83,
                0,
                206,
                205,
                219,
                223,
                202,
                171,
                165,
                145,
                108,
                0,
                80,
                119,
                27,
                50,
                33,
                18,
                57,
                92,
                65,
                0,
                167,
                182,
                211,
                201,
                156,
                217,
                94,
                76,
                166,
                0,
                71,
                66,
                17,
                62,
                248,
                203,
                133,
                235,
                214,
                0,
                244,
                246,
                128,
                131,
                218,
                210,
                172,
                148,
                222,
                158,
                0,
                137,
                183,
                191,
                160,
                161,
                237,
                127,
                168,
                22,
                45,
                0,
                174,
                213,
                225,
                46,
                242,
                249,
                151,
                163,
                197,
                6,
                0,
                78,
                7,
                85,
                79,
                37,
                0,
                25,
                42,
                152,
                228,
                82,
                243,
                184,
                157,
                40,
                0,
                86,
                130,
                64,
                147,
                227,
                179,
                110,
                23,
                11,
                0,
                5,
                1,
                36,
                16,
                10,
                120,
                129,
                193,
                194,
                77,
                0,
                220,
                195,
                67,
                189,
                177,
                181,
                28,
                198,
                215,
                0,
                101,
                144,
                238,
                178,
                240,
                207,
                187,
                15,
                0,
                95,
                106,
                58,
                142,
                19,
                132,
                38,
                0,
                121,
                53,
                14,
                3,
                21,
                69,
                35,
                111,
                112,
                0,
                138,
                190,
                234,
                140,
                159,
                176,
                200,
                39,
                0,
                98,
                2,
                185,
                196,
                208,
                224,
                170,
                212,
                233,
                0,
                47,
                186,
                199,
                61,
                134,
                63,
                180,
                216,
                24,
                0,
                250,
                60,
                48,
                104,
                88,
                30,
                44,
                100,
                49,
                68,
                70,
                0
            ]
        }
    },
    "steps": {
        "0": 46163,
        "1": 42933,
        "2": 41943,
        "3": 41319,
        "4": 41275
    },
    "timeout": 6
}