{
    "config": {
        "allow_infeasible": true,
        "bvns_max_k": 8,
        "bvns_min_k": 4,
        "construction": "greedy",
        "cvns_it_per_k": 5,
        "ils_k": 4,
        "local_search": "PVND",
        "metaheuristic": "BVNS",
        "num_threads": 8,
        "operators": [
            "two_opt",
            "relocate_1",
            "relocate_2",
            "relocate_3",
            "relocate_4",
            "relocate_5",
            "exchange_1_1",
            "exchange_1_2",
            "exchange_2_2",
            "exchange_2_3",
            "exchange_2_4",
            "exchange_3_3",
            "exchange_3_4",
            "exchange_4_4"
        ],
        "perturbation": [
            "double_bridge"
        ],
        "timeout": 6
    },
    "histogram": {
        "all": {
            "exchange_1_1": 84,
            "exchange_1_2": 14,
            "exchange_2_2": 21,
            "exchange_2_3": 14,
            "exchange_2_4": 10,
            "exchange_3_3": 17,
            "exchange_3_4": 14,
            "exchange_4_4": 10,
            "relocate_1": 32,
            "relocate_2": 14,
            "relocate_3": 14,
            "relocate_4": 14,
            "relocate_5": 14,
            "two_opt": 269
        },
        "improving": {
            "exchange_1_1": 72,
            "exchange_1_2": 4,
            "exchange_2_2": 11,
            "exchange_2_3": 4,
            "exchange_2_4": 0,
            "exchange_3_3": 7,
            "exchange_3_4": 4,
            "exchange_4_4": 0,
            "relocate_1": 18,
            "relocate_2": 0,
            "relocate_3": 0,
            "relocate_4": 0,
            "relocate_5": 0,
            "two_opt": 255
        },
        "rate": {
            "exchange_1_1": 0.8571428656578064,
            "exchange_1_2": 0.2857142984867096,
            "exchange_2_2": 0.523809552192688,
            "exchange_2_3": 0.2857142984867096,
            "exchange_2_4": 0.0,
            "exchange_3_3": 0.4117647111415863,
            "exchange_3_4": 0.2857142984867096,
            "exchange_4_4": 0.0,
            "relocate_1": 0.5625,
            "relocate_2": 0.0,
            "relocate_3": 0.0,
            "relocate_4": 0.0,
            "relocate_5": 0.0,
            "two_opt": 0.9479553699493408
        }
    },
    "last_improvement": 6,
    "name": "cvrp-X-n251-k28.xml",
    "solution": {
        "solution": {
            "fitness": 40955,
            "is_feasible": true,
            "permutation": [
                0,
                90,
                121,
                53,
                14,
                23,
                11,
                20,
                97,
                107,
                0,
                4,
                73,
                96,
                87,
                3,
                21,
                69,
                35,
                111,
                112,
                0,
                195,
                182,
                156,
                217,
                94,
                117,
                76,
                166,
                150,
                40,
                0,
                144,
                245,
                238,
                243,
                178,
                240,
                82,
                184,
                0,
                80,
                119,
                101,
                75,
                54,
                50,
                33,
                92,
                250,
                120,
                0,
                37,
                244,
                205,
                190,
                140,
                159,
                128,
                222,
                0,
                233,
                170,
                241,
                225,
                249,
                151,
                242,
                155,
                212,
                174,
                0,
                181,
                172,
                145,
                165,
                171,
                218,
                131,
                176,
                227,
                130,
                0,
                78,
                85,
                7,
                58,
                106,
                95,
                0,
                102,
                152,
                214,
                235,
                203,
                161,
                192,
                127,
                237,
                228,
                0,
                41,
                26,
                32,
                72,
                143,
                239,
                168,
                22,
                45,
                103,
                0,
                15,
                25,
                42,
                187,
                17,
                215,
                66,
                71,
                0,
                59,
                52,
                56,
                74,
                115,
                105,
                232,
                13,
                149,
                0,
                162,
                126,
                231,
                224,
                208,
                196,
                142,
                98,
                0,
                160,
                230,
                154,
                247,
                209,
                173,
                248,
                137,
                0,
                86,
                136,
                200,
                179,
                110,
                113,
                9,
                81,
                229,
                0,
                12,
                29,
                89,
                43,
                122,
                68,
                49,
                48,
                100,
                44,
                30,
                0,
                36,
                10,
                60,
                129,
                194,
                77,
                24,
                197,
                163,
                213,
                0,
                157,
                133,
                191,
                183,
                207,
                31,
                55,
                118,
                0,
                141,
                135,
                167,
                201,
                221,
                204,
                114,
                164,
                153,
                146,
                0,
                47,
                65,
                27,
                57,
                70,
                18,
                91,
                169,
                125,
                0,
                5,
                83,
                1,
                186,
                199,
                16,
                226,
                139,
                6,
                0,
                175,
                211,
                8,
                202,
                223,
                219,
                147,
                64,
                0,
                46,
                193,
                216,
                180,
                63,
                134,
                88,
                104,
                61,
                0,
                220,
                62,
                67,
                189,
                177,
                198,
                39,
                206,
                116,
                0,
                108,
                28,
                148,
                210,
                246,
                234,
                138,
                158,
                79,
                0,
                38,
                2,
                19,
                185,
                132,
                0,
                236,
                84,
                188,
                124,
                34,
                51,
                123,
                109,
                99,
                93,
                0
            ]
        }
    },
    "steps": {
        "0": 47267,
        "1": 44128,
        "2": 42583,
        "3": 42191,
        "4": 41142,
        "5": 40964,
        "6": 40955
    },
    "timeout": 6
}