{
    "config": {
        "allow_infeasible": true,
        "bvns_max_k": 8,
        "bvns_min_k": 4,
        "construction": "greedy",
        "cvns_it_per_k": 5,
        "ils_k": 4,
        "local_search": "PVND",
        "metaheuristic": "BVNS",
        "num_threads": 8,
        "operators": [
            "two_opt",
            "relocate_1",
            "relocate_2",
            "relocate_3",
            "relocate_4",
            "relocate_5",
            "exchange_1_1",
            "exchange_1_2",
            "exchange_2_2",
            "exchange_2_3",
            "exchange_2_4",
            "exchange_3_3",
            "exchange_3_4",
            "exchange_4_4"
        ],
        "perturbation": [
            "double_bridge"
        ],
        "timeout": 6
    },
    "histogram": {
        "all": {
            "exchange_1_1": 108,
            "exchange_1_2": 13,
            "exchange_2_2": 29,
            "exchange_2_3": 14,
            "exchange_2_4": 11,
            "exchange_3_3": 16,
            "exchange_3_4": 13,
            "exchange_4_4": 13,
            "relocate_1": 24,
            "relocate_2": 11,
            "relocate_3": 11,
            "relocate_4": 11,
            "relocate_5": 11,
            "two_opt": 277
        },
        "improving": {
            "exchange_1_1": 97,
            "exchange_1_2": 2,
            "exchange_2_2": 18,
            "exchange_2_3": 3,
            "exchange_2_4": 0,
            "exchange_3_3": 5,
            "exchange_3_4": 2,
            "exchange_4_4": 2,
            "relocate_1": 13,
            "relocate_2": 0,
            "relocate_3": 0,
            "relocate_4": 0,
            "relocate_5": 0,
            "two_opt": 265
        },
        "rate": {
            "exchange_1_1": 0.8981481194496155,
            "exchange_1_2": 0.1538461595773697,
            "exchange_2_2": 0.6206896305084229,
            "exchange_2_3": 0.2142857164144516,
            "exchange_2_4": 0.0,
            "exchange_3_3": 0.3125,
            "exchange_3_4": 0.1538461595773697,
            "exchange_4_4": 0.1538461595773697,
            "relocate_1": 0.5416666865348816,
            "relocate_2": 0.0,
            "relocate_3": 0.0,
            "relocate_4": 0.0,
            "relocate_5": 0.0,
            "two_opt": 0.9566786885261536
        }
    },
    "last_improvement": 6,
    "name": "cvrp-X-n251-k28.xml",
    "solution": {
        "solution": {
            "fitness": 41210,
            "is_feasible": true,
            "permutation": [
                0,
                103,
                40,
                184,
                228,
                82,
                178,
                243,
                238,
                144,
                0,
                245,
                149,
                72,
                13,
                32,
                115,
                105,
                232,
                143,
                239,
                0,
                158,
                198,
                244,
                205,
                39,
                136,
                87,
                73,
                0,
                45,
                236,
                22,
                168,
                150,
                192,
                127,
                237,
                235,
                152,
                0,
                207,
                214,
                133,
                161,
                160,
                191,
                183,
                137,
                116,
                107,
                0,
                84,
                188,
                124,
                123,
                51,
                34,
                114,
                164,
                153,
                146,
                0,
                80,
                119,
                101,
                75,
                50,
                57,
                33,
                27,
                65,
                0,
                234,
                140,
                159,
                176,
                110,
                23,
                14,
                111,
                112,
                0,
                9,
                113,
                200,
                147,
                179,
                21,
                69,
                35,
                53,
                0,
                38,
                98,
                2,
                19,
                132,
                174,
                6,
                83,
                5,
                0,
                129,
                61,
                104,
                49,
                70,
                56,
                59,
                169,
                0,
                141,
                135,
                221,
                204,
                117,
                94,
                217,
                156,
                201,
                167,
                0,
                212,
                213,
                155,
                162,
                241,
                126,
                231,
                233,
                0,
                220,
                248,
                173,
                209,
                247,
                154,
                230,
                203,
                0,
                15,
                25,
                66,
                17,
                215,
                108,
                206,
                96,
                20,
                0,
                86,
                246,
                128,
                131,
                218,
                210,
                172,
                177,
                189,
                195,
                0,
                118,
                55,
                31,
                71,
                187,
                157,
                102,
                42,
                0,
                240,
                166,
                76,
                182,
                211,
                175,
                67,
                62,
                0,
                18,
                29,
                93,
                99,
                109,
                74,
                52,
                26,
                125,
                0,
                95,
                7,
                85,
                78,
                0,
                130,
                64,
                190,
                148,
                28,
                181,
                222,
                138,
                0,
                11,
                3,
                227,
                219,
                223,
                202,
                171,
                8,
                165,
                145,
                0,
                1,
                139,
                226,
                197,
                24,
                163,
                151,
                249,
                242,
                46,
                0,
                41,
                54,
                91,
                12,
                89,
                43,
                122,
                68,
                48,
                100,
                44,
                30,
                0,
                47,
                92,
                250,
                60,
                120,
                10,
                16,
                199,
                36,
                186,
                0,
                90,
                121,
                81,
                4,
                229,
                97,
                37,
                79,
                0,
                185,
                170,
                224,
                208,
                196,
                142,
                58,
                106,
                0,
                225,
                180,
                63,
                88,
                134,
                216,
                193,
                194,
                77,
                0
            ]
        }
    },
    "steps": {
        "0": 47331,
        "1": 44101,
        "2": 42862,
        "3": 42104,
        "4": 41935,
        "5": 41246,
        "6": 41210
    },
    "timeout": 6
}