{
    "config": {
        "allow_infeasible": true,
        "bvns_max_k": 8,
        "bvns_min_k": 4,
        "construction": "greedy",
        "cvns_it_per_k": 5,
        "ils_k": 4,
        "local_search": "PVND",
        "metaheuristic": "BVNS",
        "num_threads": 8,
        "operators": [
            "two_opt",
            "relocate_1",
            "relocate_2",
            "relocate_3",
            "relocate_4",
            "relocate_5",
            "exchange_1_1",
            "exchange_1_2",
            "exchange_2_2",
            "exchange_2_3",
            "exchange_2_4",
            "exchange_3_3",
            "exchange_3_4",
            "exchange_4_4"
        ],
        "perturbation": [
            "double_bridge"
        ],
        "timeout": 6
    },
    "histogram": {
        "all": {
            "exchange_1_1": 74,
            "exchange_1_2": 18,
            "exchange_2_2": 17,
            "exchange_2_3": 16,
            "exchange_2_4": 12,
            "exchange_3_3": 11,
            "exchange_3_4": 11,
            "exchange_4_4": 11,
            "relocate_1": 44,
            "relocate_2": 16,
            "relocate_3": 12,
            "relocate_4": 12,
            "relocate_5": 12,
            "two_opt": 322
        },
        "improving": {
            "exchange_1_1": 63,
            "exchange_1_2": 7,
            "exchange_2_2": 6,
            "exchange_2_3": 5,
            "exchange_2_4": 1,
            "exchange_3_3": 1,
            "exchange_3_4": 1,
            "exchange_4_4": 1,
            "relocate_1": 32,
            "relocate_2": 4,
            "relocate_3": 0,
            "relocate_4": 0,
            "relocate_5": 0,
            "two_opt": 308
        },
        "rate": {
            "exchange_1_1": 0.8513513803482056,
            "exchange_1_2": 0.3888888955116272,
            "exchange_2_2": 0.3529411852359772,
            "exchange_2_3": 0.3125,
            "exchange_2_4": 0.0833333358168602,
            "exchange_3_3": 0.09090909361839294,
            "exchange_3_4": 0.09090909361839294,
            "exchange_4_4": 0.09090909361839294,
            "relocate_1": 0.7272727489471436,
            "relocate_2": 0.25,
            "relocate_3": 0.0,
            "relocate_4": 0.0,
            "relocate_5": 0.0,
            "two_opt": 0.95652174949646
        }
    },
    "last_improvement": 6,
    "name": "cvrp-X-n251-k28.xml",
    "solution": {
        "solution": {
            "fitness": 40572,
            "is_feasible": true,
            "permutation": [
                0,
                116,
                86,
                130,
                64,
                200,
                147,
                179,
                110,
                113,
                0,
                39,
                227,
                176,
                219,
                159,
                128,
                246,
                234,
                244,
                0,
                170,
                224,
                126,
                241,
                225,
                46,
                242,
                162,
                231,
                0,
                104,
                88,
                30,
                44,
                63,
                134,
                180,
                216,
                249,
                6,
                0,
                107,
                97,
                20,
                4,
                81,
                229,
                37,
                0,
                121,
                53,
                11,
                73,
                96,
                9,
                136,
                79,
                0,
                103,
                168,
                146,
                153,
                117,
                94,
                217,
                156,
                201,
                220,
                0,
                80,
                119,
                101,
                40,
                102,
                42,
                55,
                118,
                15,
                0,
                158,
                198,
                175,
                211,
                182,
                167,
                247,
                209,
                160,
                0,
                190,
                140,
                131,
                223,
                202,
                218,
                171,
                8,
                165,
                0,
                54,
                91,
                12,
                93,
                89,
                43,
                122,
                68,
                18,
                33,
                41,
                0,
                187,
                207,
                183,
                62,
                67,
                189,
                177,
                195,
                17,
                0,
                184,
                178,
                22,
                239,
                143,
                72,
                149,
                236,
                45,
                245,
                0,
                235,
                203,
                230,
                166,
                76,
                154,
                173,
                133,
                0,
                5,
                83,
                186,
                199,
                16,
                155,
                213,
                212,
                174,
                0,
                84,
                188,
                232,
                124,
                51,
                34,
                164,
                114,
                204,
                221,
                135,
                0,
                75,
                56,
                74,
                32,
                52,
                59,
                26,
                169,
                0,
                95,
                106,
                58,
                7,
                85,
                78,
                0,
                25,
                157,
                152,
                228,
                82,
                243,
                238,
                144,
                0,
                65,
                250,
                60,
                120,
                129,
                24,
                197,
                226,
                139,
                1,
                0,
                98,
                2,
                142,
                196,
                185,
                19,
                132,
                38,
                0,
                233,
                208,
                151,
                77,
                193,
                194,
                163,
                10,
                36,
                0,
                31,
                206,
                205,
                222,
                181,
                141,
                248,
                214,
                0,
                125,
                13,
                115,
                105,
                123,
                109,
                99,
                29,
                50,
                0,
                27,
                57,
                70,
                49,
                100,
                48,
                61,
                92,
                47,
                0,
                240,
                150,
                192,
                127,
                237,
                161,
                191,
                108,
                71,
                0,
                90,
                112,
                111,
                35,
                69,
                21,
                3,
                14,
                23,
                87,
                0,
                138,
                148,
                210,
                145,
                172,
                28,
                215,
                66,
                137,
                0
            ]
        }
    },
    "steps": {
        "0": 46389,
        "1": 42969,
        "2": 41338,
        "3": 40778,
        "6": 40572
    },
    "timeout": 6
}