{
    "config": {
        "allow_infeasible": true,
        "bvns_max_k": 8,
        "bvns_min_k": 3,
        "construction": "random",
        "local_search": "RVND",
        "metaheuristic": "BVNS",
        "num_threads": 8,
        "operators": [
            "insert_1",
            "remove_1",
            "two_opt",
            "exchange_ids",
            "exchange_1_1",
            "exchange_1_2",
            "exchange_2_3",
            "exchange_2_4",
            "exchange_3_3",
            "exchange_3_4",
            "rexchange_1_2",
            "centered_exchange_1",
            "centered_exchange_2",
            "centered_exchange_3",
            "centered_exchange_4",
            "relocate_5",
            "rrelocate_2",
            "rrelocate_3",
            "rrelocate_5",
            "move_all_by_2",
            "move_all_by_3",
            "move_all_by_4"
        ],
        "perturbation": [
            "random_double_bridge"
        ],
        "timeout": 6
    },
    "histogram": {
        "all": {
            "centered_exchange_1": 6,
            "centered_exchange_2": 6,
            "centered_exchange_3": 6,
            "centered_exchange_4": 6,
            "exchange_1_1": 6,
            "exchange_1_2": 6,
            "exchange_2_3": 6,
            "exchange_2_4": 6,
            "exchange_3_3": 6,
            "exchange_3_4": 6,
            "exchange_ids": 6,
            "insert_1": 6,
            "move_all_by_2": 6,
            "move_all_by_3": 6,
            "move_all_by_4": 6,
            "relocate_5": 6,
            "remove_1": 6,
            "rexchange_1_2": 6,
            "rrelocate_2": 6,
            "rrelocate_3": 6,
            "rrelocate_5": 5,
            "two_opt": 6
        },
        "improving": {
            "centered_exchange_1": 6,
            "centered_exchange_2": 6,
            "centered_exchange_3": 6,
            "centered_exchange_4": 6,
            "exchange_1_1": 6,
            "exchange_1_2": 6,
            "exchange_2_3": 6,
            "exchange_2_4": 6,
            "exchange_3_3": 6,
            "exchange_3_4": 6,
            "exchange_ids": 6,
            "insert_1": 6,
            "move_all_by_2": 6,
            "move_all_by_3": 6,
            "move_all_by_4": 6,
            "relocate_5": 6,
            "remove_1": 0,
            "rexchange_1_2": 6,
            "rrelocate_2": 6,
            "rrelocate_3": 6,
            "rrelocate_5": 5,
            "two_opt": 6
        },
        "rate": {
            "centered_exchange_1": 1.0,
            "centered_exchange_2": 1.0,
            "centered_exchange_3": 1.0,
            "centered_exchange_4": 1.0,
            "exchange_1_1": 1.0,
            "exchange_1_2": 1.0,
            "exchange_2_3": 1.0,
            "exchange_2_4": 1.0,
            "exchange_3_3": 1.0,
            "exchange_3_4": 1.0,
            "exchange_ids": 1.0,
            "insert_1": 1.0,
            "move_all_by_2": 1.0,
            "move_all_by_3": 1.0,
            "move_all_by_4": 1.0,
            "relocate_5": 1.0,
            "remove_1": 0.0,
            "rexchange_1_2": 1.0,
            "rrelocate_2": 1.0,
            "rrelocate_3": 1.0,
            "rrelocate_5": 1.0,
            "two_opt": 1.0
        }
    },
    "last_improvement": 7,
    "name": "cvrp-X-n561-k42.xml",
    "solution": {
        "solution": {
            "fitness": 552578244,
            "is_feasible": false,
            "permutation": [
                487,
                545,
                432,
                111,
                245,
                103,
                84,
                410,
                392,
                323,
                191,
                32,
                189,
                299,
                1,
                527,
                133,
                6,
                171,
                243,
                23,
                101,
                448,
                313,
                129,
                0,
                168,
                274,
                416,
                186,
                69,
                34,
                144,
                159,
                143,
                163,
                206,
                33,
                396,
                42,
                353,
                267,
                362,
                389,
                61,
                120,
                261,
                29,
                96,
                544,
                233,
                24,
                107,
                124,
                30,
                257,
                251,
                466,
                325,
                368,
                110,
                370,
                419,
                343,
                68,
                266,
                18,
                128,
                199,
                439,
                481,
                417,
                39,
                7,
                185,
                28,
                227,
                134,
                31,
                135,
                328,
                286,
                170,
                391,
                288,
                474,
                324,
                14,
                360,
                374,
                44,
                321,
                533,
                320,
                476,
                317,
                541,
                287,
                198,
                254,
                221,
                180,
                398,
                247,
                560,
                46,
                490,
                138,
                346,
                348,
                51,
                127,
                289,
                500,
                495,
                552,
                314,
                512,
                256,
                35,
                350,
                282,
                304,
                455,
                47,
                312,
                271,
                80,
                404,
                338,
                339,
                59,
                303,
                477,
                507,
                400,
                192,
                108,
                49,
                344,
                142,
                452,
                67,
                228,
                557,
                149,
                315,
                470,
                526,
                54,
                524,
                351,
                293,
                153,
                309,
                440,
                85,
                505,
                45,
                16,
                190,
                270,
                75,
                496,
                279,
                5,
                384,
                427,
                78,
                423,
                491,
                375,
                431,
                71,
                335,
                475,
                285,
                418,
                203,
                508,
                0,
                165,
                11,
                230,
                332,
                294,
                154,
                284,
                158,
                546,
                367,
                184,
                349,
                361,
                447,
                0,
                506,
                130,
                246,
                409,
                280,
                262,
                393,
                488,
                326,
                534,
                386,
                372,
                188,
                258,
                550,
                554,
                182,
                434,
                530,
                483,
                460,
                379,
                511,
                478,
                281,
                406,
                454,
                430,
                316,
                57,
                376,
                539,
                278,
                0,
                102,
                405,
                436,
                87,
                65,
                486,
                77,
                217,
                366,
                422,
                438,
                499,
                354,
                292,
                160,
                214,
                131,
                10,
                3,
                521,
                336,
                425,
                172,
                64,
                459,
                268,
                531,
                493,
                411,
                20,
                58,
                241,
                166,
                36,
                457,
                473,
                174,
                462,
                238,
                259,
                161,
                295,
                444,
                482,
                509,
                122,
                407,
                232,
                437,
                381,
                220,
                503,
                363,
                528,
                456,
                0,
                17,
                364,
                216,
                322,
                173,
                91,
                494,
                239,
                234,
                60,
                387,
                489,
                86,
                90,
                79,
                8,
                333,
                152,
                205,
                112,
                15,
                510,
                305,
                81,
                458,
                514,
                558,
                542,
                169,
                105,
                549,
                40,
                119,
                471,
                535,
                357,
                99,
                377,
                82,
                147,
                106,
                385,
                537,
                369,
                207,
                307,
                302,
                311,
                132,
                252,
                116,
                497,
                141,
                145,
                114,
                37,
                433,
                19,
                502,
                464,
                151,
                334,
                250,
                442,
                248,
                525,
                443,
                109,
                290,
                231,
                340,
                382,
                355,
                222,
                515,
                164,
                435,
                0,
                441,
                519,
                187,
                72,
                319,
                136,
                244,
                397,
                504,
                492,
                501,
                273,
                177,
                269,
                194,
                297,
                522,
                548,
                283,
                517,
                155,
                373,
                211,
                378,
                253,
                329,
                551,
                195,
                479,
                41,
                485,
                229,
                352,
                13,
                146,
                0,
                469,
                265,
                277,
                179,
                529,
                139,
                123,
                429,
                480,
                300,
                449,
                424,
                356,
                95,
                310,
                451,
                516,
                347,
                74,
                399,
                126,
                208,
                50,
                21,
                242,
                53,
                518,
                240,
                89,
                446,
                264,
                390,
                520,
                113,
                341,
                428,
                365,
                523,
                27,
                100,
                498,
                543,
                215,
                224,
                276,
                275,
                55,
                301,
                197,
                212,
                413,
                540,
                401,
                421,
                193,
                219,
                4,
                12,
                92,
                196,
                445,
                62,
                461,
                532,
                210,
                157,
                83,
                56,
                235,
                98,
                547,
                412,
                25,
                237,
                181,
                97,
                178,
                394,
                395,
                272,
                555,
                156,
                388,
                426,
                380,
                176,
                306,
                2,
                117,
                249,
                94,
                125,
                559,
                236,
                162,
                383,
                403,
                104,
                468,
                513,
                327,
                402,
                463,
                200,
                345,
                223,
                26,
                70,
                148,
                467,
                137,
                88,
                93,
                9,
                255,
                226,
                371,
                118,
                204,
                201,
                209,
                38,
                121,
                318,
                167,
                76,
                298,
                472,
                556,
                342,
                420,
                414,
                465,
                536,
                291,
                66,
                150,
                140,
                415,
                296,
                225,
                359,
                63,
                213,
                183,
                175,
                52,
                538,
                43,
                218,
                337,
                484,
                330,
                358,
                408,
                453,
                260,
                48,
                450,
                22,
                331,
                263,
                308,
                73,
                553,
                115,
                202
            ]
        }
    },
    "steps": {
        "0": 603084193,
        "1": 592975684,
        "2": 592949744,
        "3": 582852889,
        "4": 572759761,
        "5": 562666368,
        "6": 552579048,
        "7": 552578244
    },
    "timeout": 6
}