{
    "config": {
        "allow_infeasible": true,
        "bvns_max_k": 8,
        "bvns_min_k": 3,
        "construction": "random",
        "local_search": "RVND",
        "metaheuristic": "BVNS",
        "num_threads": 8,
        "operators": [
            "insert_1",
            "remove_1",
            "two_opt",
            "exchange_ids",
            "exchange_1_1",
            "exchange_1_2",
            "exchange_2_3",
            "exchange_2_4",
            "exchange_3_3",
            "exchange_3_4",
            "rexchange_1_2",
            "centered_exchange_1",
            "centered_exchange_2",
            "centered_exchange_3",
            "centered_exchange_4",
            "relocate_5",
            "rrelocate_2",
            "rrelocate_3",
            "rrelocate_5",
            "move_all_by_2",
            "move_all_by_3",
            "move_all_by_4"
        ],
        "perturbation": [
            "random_double_bridge"
        ],
        "timeout": 6
    },
    "histogram": {
        "all": {
            "centered_exchange_1": 6,
            "centered_exchange_2": 6,
            "centered_exchange_3": 5,
            "centered_exchange_4": 6,
            "exchange_1_1": 6,
            "exchange_1_2": 6,
            "exchange_2_3": 5,
            "exchange_2_4": 6,
            "exchange_3_3": 6,
            "exchange_3_4": 6,
            "exchange_ids": 6,
            "insert_1": 6,
            "move_all_by_2": 6,
            "move_all_by_3": 6,
            "move_all_by_4": 6,
            "relocate_5": 6,
            "remove_1": 6,
            "rexchange_1_2": 6,
            "rrelocate_2": 6,
            "rrelocate_3": 6,
            "rrelocate_5": 6,
            "two_opt": 6
        },
        "improving": {
            "centered_exchange_1": 6,
            "centered_exchange_2": 6,
            "centered_exchange_3": 5,
            "centered_exchange_4": 6,
            "exchange_1_1": 6,
            "exchange_1_2": 6,
            "exchange_2_3": 5,
            "exchange_2_4": 6,
            "exchange_3_3": 6,
            "exchange_3_4": 6,
            "exchange_ids": 6,
            "insert_1": 6,
            "move_all_by_2": 6,
            "move_all_by_3": 6,
            "move_all_by_4": 6,
            "relocate_5": 6,
            "remove_1": 0,
            "rexchange_1_2": 6,
            "rrelocate_2": 6,
            "rrelocate_3": 6,
            "rrelocate_5": 6,
            "two_opt": 6
        },
        "rate": {
            "centered_exchange_1": 1.0,
            "centered_exchange_2": 1.0,
            "centered_exchange_3": 1.0,
            "centered_exchange_4": 1.0,
            "exchange_1_1": 1.0,
            "exchange_1_2": 1.0,
            "exchange_2_3": 1.0,
            "exchange_2_4": 1.0,
            "exchange_3_3": 1.0,
            "exchange_3_4": 1.0,
            "exchange_ids": 1.0,
            "insert_1": 1.0,
            "move_all_by_2": 1.0,
            "move_all_by_3": 1.0,
            "move_all_by_4": 1.0,
            "relocate_5": 1.0,
            "remove_1": 0.0,
            "rexchange_1_2": 1.0,
            "rrelocate_2": 1.0,
            "rrelocate_3": 1.0,
            "rrelocate_5": 1.0,
            "two_opt": 1.0
        }
    },
    "last_improvement": 7,
    "name": "cvrp-X-n561-k42.xml",
    "solution": {
        "solution": {
            "fitness": 552576001,
            "is_feasible": false,
            "permutation": [
                46,
                193,
                23,
                158,
                472,
                346,
                371,
                214,
                164,
                464,
                334,
                428,
                362,
                109,
                538,
                292,
                497,
                208,
                138,
                186,
                127,
                483,
                103,
                165,
                265,
                377,
                206,
                148,
                296,
                516,
                232,
                156,
                176,
                552,
                2,
                390,
                485,
                233,
                253,
                189,
                13,
                317,
                113,
                85,
                559,
                191,
                9,
                59,
                174,
                494,
                80,
                331,
                239,
                24,
                141,
                523,
                150,
                409,
                51,
                515,
                180,
                86,
                251,
                236,
                318,
                183,
                132,
                71,
                384,
                458,
                504,
                304,
                188,
                58,
                20,
                228,
                396,
                238,
                285,
                227,
                11,
                262,
                202,
                391,
                429,
                354,
                56,
                252,
                144,
                19,
                527,
                198,
                204,
                143,
                201,
                45,
                224,
                68,
                194,
                91,
                256,
                259,
                63,
                27,
                328,
                284,
                490,
                489,
                447,
                241,
                117,
                154,
                443,
                442,
                299,
                1,
                404,
                12,
                92,
                93,
                275,
                234,
                254,
                289,
                314,
                89,
                230,
                306,
                525,
                440,
                140,
                349,
                392,
                10,
                159,
                131,
                221,
                216,
                496,
                147,
                386,
                0,
                79,
                69,
                196,
                4,
                435,
                257,
                55,
                21,
                315,
                466,
                394,
                549,
                491,
                53,
                363,
                348,
                52,
                383,
                90,
                556,
                398,
                541,
                303,
                220,
                513,
                300,
                376,
                313,
                17,
                99,
                26,
                418,
                463,
                385,
                548,
                514,
                75,
                97,
                281,
                15,
                122,
                344,
                39,
                310,
                64,
                217,
                0,
                249,
                560,
                74,
                211,
                448,
                488,
                57,
                486,
                81,
                330,
                545,
                406,
                358,
                417,
                35,
                25,
                510,
                112,
                225,
                453,
                470,
                18,
                271,
                133,
                416,
                410,
                528,
                104,
                146,
                473,
                126,
                468,
                41,
                320,
                195,
                255,
                495,
                274,
                160,
                218,
                162,
                197,
                116,
                107,
                139,
                551,
                512,
                399,
                42,
                375,
                77,
                368,
                501,
                142,
                430,
                100,
                152,
                423,
                493,
                397,
                244,
                266,
                65,
                16,
                50,
                175,
                322,
                72,
                273,
                240,
                128,
                261,
                438,
                535,
                456,
                365,
                223,
                380,
                411,
                105,
                518,
                460,
                312,
                48,
                29,
                203,
                269,
                484,
                237,
                455,
                370,
                279,
                324,
                351,
                96,
                425,
                539,
                327,
                0,
                502,
                445,
                184,
                461,
                459,
                373,
                108,
                101,
                452,
                49,
                278,
                465,
                309,
                340,
                400,
                308,
                436,
                424,
                381,
                82,
                481,
                542,
                283,
                5,
                469,
                389,
                434,
                441,
                14,
                555,
                149,
                427,
                307,
                84,
                431,
                302,
                169,
                47,
                270,
                88,
                118,
                505,
                226,
                276,
                287,
                167,
                87,
                210,
                0,
                129,
                192,
                95,
                337,
                439,
                187,
                511,
                543,
                379,
                44,
                553,
                350,
                305,
                432,
                311,
                519,
                524,
                388,
                168,
                341,
                272,
                247,
                338,
                60,
                124,
                3,
                366,
                136,
                199,
                532,
                546,
                499,
                145,
                219,
                500,
                43,
                263,
                182,
                290,
                62,
                155,
                347,
                33,
                356,
                475,
                326,
                288,
                28,
                533,
                294,
                477,
                286,
                332,
                135,
                345,
                536,
                457,
                248,
                264,
                333,
                0,
                462,
                54,
                178,
                177,
                40,
                215,
                190,
                34,
                295,
                471,
                558,
                78,
                526,
                454,
                405,
                534,
                517,
                467,
                321,
                360,
                544,
                374,
                449,
                402,
                547,
                297,
                359,
                106,
                372,
                503,
                422,
                222,
                268,
                8,
                403,
                125,
                6,
                32,
                301,
                243,
                94,
                171,
                446,
                120,
                0,
                352,
                355,
                76,
                61,
                66,
                246,
                342,
                291,
                367,
                336,
                479,
                521,
                30,
                387,
                121,
                450,
                339,
                250,
                507,
                529,
                83,
                378,
                67,
                166,
                509,
                70,
                235,
                102,
                137,
                151,
                498,
                537,
                369,
                506,
                395,
                213,
                245,
                282,
                200,
                267,
                161,
                444,
                474,
                119,
                492,
                110,
                173,
                280,
                433,
                31,
                293,
                205,
                325,
                487,
                408,
                522,
                207,
                426,
                343,
                407,
                185,
                415,
                382,
                7,
                134,
                231,
                179,
                115,
                153,
                36,
                421,
                420,
                530,
                540,
                329,
                229,
                114,
                520,
                37,
                480,
                38,
                163,
                22,
                242,
                98,
                364,
                554,
                123,
                508,
                0,
                209,
                319,
                260,
                437,
                335,
                419,
                531,
                111,
                412,
                478,
                181,
                482,
                557,
                130,
                451,
                393,
                357,
                414,
                73,
                550,
                258,
                172,
                316,
                353,
                170,
                277,
                298,
                212,
                157,
                413,
                476,
                361,
                323,
                401
            ]
        }
    },
    "steps": {
        "0": 603086107,
        "1": 603048237,
        "2": 592948867,
        "3": 582849061,
        "4": 562680678,
        "5": 562665733,
        "6": 552577057,
        "7": 552576001
    },
    "timeout": 6
}