{
    "config": {
        "allow_infeasible": true,
        "bvns_max_k": 8,
        "bvns_min_k": 3,
        "construction": "random",
        "local_search": "RVND",
        "metaheuristic": "BVNS",
        "num_threads": 8,
        "operators": [
            "insert_1",
            "remove_1",
            "two_opt",
            "exchange_ids",
            "exchange_1_1",
            "exchange_1_2",
            "exchange_2_3",
            "exchange_2_4",
            "exchange_3_3",
            "exchange_3_4",
            "rexchange_1_2",
            "centered_exchange_1",
            "centered_exchange_2",
            "centered_exchange_3",
            "centered_exchange_4",
            "relocate_5",
            "rrelocate_2",
            "rrelocate_3",
            "rrelocate_5",
            "move_all_by_2",
            "move_all_by_3",
            "move_all_by_4"
        ],
        "perturbation": [
            "random_double_bridge"
        ],
        "timeout": 6
    },
    "histogram": {
        "all": {
            "centered_exchange_1": 5,
            "centered_exchange_2": 6,
            "centered_exchange_3": 5,
            "centered_exchange_4": 6,
            "exchange_1_1": 6,
            "exchange_1_2": 6,
            "exchange_2_3": 6,
            "exchange_2_4": 6,
            "exchange_3_3": 6,
            "exchange_3_4": 6,
            "exchange_ids": 6,
            "insert_1": 6,
            "move_all_by_2": 6,
            "move_all_by_3": 6,
            "move_all_by_4": 6,
            "relocate_5": 6,
            "remove_1": 6,
            "rexchange_1_2": 6,
            "rrelocate_2": 6,
            "rrelocate_3": 6,
            "rrelocate_5": 6,
            "two_opt": 6
        },
        "improving": {
            "centered_exchange_1": 5,
            "centered_exchange_2": 6,
            "centered_exchange_3": 5,
            "centered_exchange_4": 6,
            "exchange_1_1": 6,
            "exchange_1_2": 6,
            "exchange_2_3": 6,
            "exchange_2_4": 6,
            "exchange_3_3": 6,
            "exchange_3_4": 6,
            "exchange_ids": 6,
            "insert_1": 6,
            "move_all_by_2": 6,
            "move_all_by_3": 6,
            "move_all_by_4": 6,
            "relocate_5": 6,
            "remove_1": 0,
            "rexchange_1_2": 6,
            "rrelocate_2": 6,
            "rrelocate_3": 6,
            "rrelocate_5": 6,
            "two_opt": 6
        },
        "rate": {
            "centered_exchange_1": 1.0,
            "centered_exchange_2": 1.0,
            "centered_exchange_3": 1.0,
            "centered_exchange_4": 1.0,
            "exchange_1_1": 1.0,
            "exchange_1_2": 1.0,
            "exchange_2_3": 1.0,
            "exchange_2_4": 1.0,
            "exchange_3_3": 1.0,
            "exchange_3_4": 1.0,
            "exchange_ids": 1.0,
            "insert_1": 1.0,
            "move_all_by_2": 1.0,
            "move_all_by_3": 1.0,
            "move_all_by_4": 1.0,
            "relocate_5": 1.0,
            "remove_1": 0.0,
            "rexchange_1_2": 1.0,
            "rrelocate_2": 1.0,
            "rrelocate_3": 1.0,
            "rrelocate_5": 1.0,
            "two_opt": 1.0
        }
    },
    "last_improvement": 7,
    "name": "cvrp-X-n561-k42.xml",
    "solution": {
        "solution": {
            "fitness": 552572758,
            "is_feasible": false,
            "permutation": [
                199,
                130,
                519,
                376,
                104,
                21,
                209,
                489,
                22,
                201,
                45,
                18,
                40,
                492,
                272,
                261,
                346,
                69,
                339,
                133,
                247,
                520,
                461,
                230,
                294,
                179,
                202,
                277,
                227,
                313,
                517,
                431,
                380,
                501,
                128,
                177,
                462,
                152,
                259,
                423,
                111,
                475,
                393,
                523,
                340,
                529,
                332,
                241,
                388,
                337,
                77,
                97,
                187,
                384,
                369,
                350,
                491,
                132,
                169,
                110,
                270,
                322,
                518,
                474,
                444,
                397,
                78,
                87,
                100,
                555,
                385,
                481,
                317,
                416,
                76,
                137,
                456,
                528,
                325,
                375,
                215,
                16,
                47,
                54,
                504,
                426,
                39,
                478,
                545,
                406,
                305,
                98,
                503,
                307,
                274,
                43,
                9,
                500,
                348,
                161,
                0,
                303,
                24,
                479,
                66,
                329,
                94,
                109,
                189,
                235,
                363,
                245,
                374,
                134,
                129,
                156,
                427,
                70,
                211,
                441,
                300,
                335,
                399,
                74,
                31,
                308,
                62,
                113,
                507,
                530,
                477,
                150,
                154,
                392,
                83,
                0,
                210,
                246,
                413,
                117,
                262,
                153,
                446,
                536,
                428,
                162,
                80,
                118,
                48,
                464,
                331,
                410,
                3,
                541,
                284,
                102,
                546,
                521,
                438,
                468,
                165,
                360,
                353,
                321,
                99,
                192,
                463,
                64,
                51,
                512,
                229,
                349,
                139,
                1,
                286,
                195,
                292,
                23,
                92,
                30,
                145,
                11,
                425,
                372,
                358,
                411,
                359,
                487,
                417,
                281,
                181,
                188,
                412,
                558,
                178,
                297,
                370,
                244,
                484,
                386,
                535,
                301,
                208,
                151,
                90,
                450,
                276,
                55,
                174,
                164,
                0,
                257,
                85,
                120,
                389,
                33,
                407,
                296,
                220,
                537,
                319,
                543,
                238,
                223,
                293,
                448,
                142,
                106,
                25,
                511,
                207,
                200,
                356,
                310,
                362,
                367,
                403,
                447,
                180,
                508,
                314,
                89,
                265,
                513,
                330,
                14,
                5,
                203,
                173,
                71,
                63,
                58,
                432,
                455,
                112,
                493,
                482,
                454,
                368,
                549,
                460,
                514,
                547,
                237,
                498,
                282,
                458,
                35,
                544,
                351,
                449,
                280,
                434,
                336,
                533,
                231,
                345,
                467,
                373,
                166,
                502,
                121,
                387,
                146,
                515,
                50,
                435,
                268,
                421,
                409,
                415,
                457,
                451,
                155,
                232,
                539,
                172,
                480,
                347,
                469,
                377,
                550,
                29,
                273,
                343,
                260,
                269,
                242,
                160,
                398,
                86,
                318,
                191,
                554,
                328,
                285,
                488,
                283,
                466,
                88,
                0,
                114,
                352,
                27,
                405,
                485,
                443,
                323,
                309,
                342,
                382,
                442,
                141,
                127,
                497,
                107,
                116,
                182,
                157,
                525,
                299,
                253,
                184,
                401,
                459,
                433,
                7,
                552,
                222,
                527,
                266,
                144,
                159,
                65,
                183,
                224,
                271,
                556,
                61,
                476,
                233,
                560,
                333,
                429,
                391,
                256,
                136,
                471,
                453,
                394,
                395,
                149,
                91,
                437,
                364,
                291,
                420,
                46,
                243,
                32,
                197,
                532,
                445,
                73,
                123,
                390,
                414,
                499,
                465,
                551,
                357,
                553,
                496,
                206,
                524,
                288,
                422,
                483,
                338,
                171,
                12,
                440,
                140,
                28,
                96,
                316,
                101,
                516,
                258,
                36,
                115,
                185,
                170,
                67,
                217,
                108,
                436,
                148,
                267,
                103,
                72,
                186,
                252,
                175,
                52,
                341,
                287,
                168,
                138,
                355,
                0,
                56,
                105,
                81,
                44,
                326,
                320,
                306,
                41,
                540,
                212,
                236,
                6,
                255,
                60,
                93,
                167,
                125,
                263,
                290,
                158,
                198,
                531,
                486,
                324,
                304,
                439,
                295,
                205,
                84,
                49,
                430,
                509,
                557,
                542,
                53,
                79,
                163,
                0,
                298,
                218,
                289,
                334,
                538,
                472,
                226,
                383,
                59,
                470,
                119,
                366,
                344,
                408,
                302,
                213,
                194,
                400,
                2,
                250,
                17,
                402,
                37,
                176,
                42,
                279,
                57,
                396,
                15,
                327,
                82,
                534,
                122,
                225,
                510,
                95,
                147,
                452,
                311,
                240,
                216,
                190,
                204,
                143,
                196,
                4,
                495,
                239,
                490,
                221,
                131,
                214,
                68,
                315,
                419,
                548,
                75,
                522,
                506,
                379,
                312,
                381,
                228,
                526,
                20,
                26,
                0,
                473,
                38,
                19,
                424,
                365,
                354,
                124,
                559,
                234,
                193,
                249,
                251,
                254,
                505,
                10,
                371,
                34,
                126,
                361,
                378,
                264,
                248,
                219,
                404,
                275,
                494,
                8,
                418,
                135,
                13,
                278
            ]
        }
    },
    "steps": {
        "0": 603072489,
        "1": 603045139,
        "2": 592942563,
        "3": 582844253,
        "4": 562676767,
        "5": 562661784,
        "6": 552573711,
        "7": 552572758
    },
    "timeout": 6
}