{
    "config": {
        "allow_infeasible": true,
        "bvns_max_k": 8,
        "bvns_min_k": 3,
        "construction": "random",
        "local_search": "RVND",
        "metaheuristic": "BVNS",
        "num_threads": 8,
        "operators": [
            "insert_1",
            "remove_1",
            "two_opt",
            "exchange_ids",
            "exchange_1_1",
            "exchange_1_2",
            "exchange_2_3",
            "exchange_2_4",
            "exchange_3_3",
            "exchange_3_4",
            "rexchange_1_2",
            "centered_exchange_1",
            "centered_exchange_2",
            "centered_exchange_3",
            "centered_exchange_4",
            "relocate_5",
            "rrelocate_2",
            "rrelocate_3",
            "rrelocate_5",
            "move_all_by_2",
            "move_all_by_3",
            "move_all_by_4"
        ],
        "perturbation": [
            "random_double_bridge"
        ],
        "timeout": 6
    },
    "histogram": {
        "all": {
            "centered_exchange_1": 1104,
            "centered_exchange_2": 1104,
            "centered_exchange_3": 1104,
            "centered_exchange_4": 1104,
            "exchange_1_1": 1103,
            "exchange_1_2": 1104,
            "exchange_2_3": 1104,
            "exchange_2_4": 1103,
            "exchange_3_3": 1104,
            "exchange_3_4": 1104,
            "exchange_ids": 1104,
            "insert_1": 1104,
            "move_all_by_2": 1104,
            "move_all_by_3": 1104,
            "move_all_by_4": 1104,
            "relocate_5": 1104,
            "remove_1": 1104,
            "rexchange_1_2": 1104,
            "rrelocate_2": 1103,
            "rrelocate_3": 1104,
            "rrelocate_5": 1104,
            "two_opt": 1103
        },
        "improving": {
            "centered_exchange_1": 303,
            "centered_exchange_2": 235,
            "centered_exchange_3": 173,
            "centered_exchange_4": 80,
            "exchange_1_1": 511,
            "exchange_1_2": 446,
            "exchange_2_3": 337,
            "exchange_2_4": 267,
            "exchange_3_3": 251,
            "exchange_3_4": 293,
            "exchange_ids": 516,
            "insert_1": 113,
            "move_all_by_2": 440,
            "move_all_by_3": 446,
            "move_all_by_4": 495,
            "relocate_5": 312,
            "remove_1": 89,
            "rexchange_1_2": 525,
            "rrelocate_2": 482,
            "rrelocate_3": 407,
            "rrelocate_5": 402,
            "two_opt": 583
        },
        "rate": {
            "centered_exchange_1": 0.27445653080940247,
            "centered_exchange_2": 0.2128623127937317,
            "centered_exchange_3": 0.1567029058933258,
            "centered_exchange_4": 0.07246376574039459,
            "exchange_1_1": 0.4632819592952728,
            "exchange_1_2": 0.40398550033569336,
            "exchange_2_3": 0.30525362491607666,
            "exchange_2_4": 0.24206708371639252,
            "exchange_3_3": 0.22735507786273956,
            "exchange_3_4": 0.2653985619544983,
            "exchange_ids": 0.46739131212234497,
            "insert_1": 0.10235507041215897,
            "move_all_by_2": 0.39855071902275085,
            "move_all_by_3": 0.40398550033569336,
            "move_all_by_4": 0.448369562625885,
            "relocate_5": 0.28260868787765503,
            "remove_1": 0.08061594516038895,
            "rexchange_1_2": 0.47554346919059753,
            "rrelocate_2": 0.43699002265930176,
            "rrelocate_3": 0.3686594069004059,
            "rrelocate_5": 0.364130437374115,
            "two_opt": 0.5285584926605225
        }
    },
    "last_improvement": 0,
    "name": "cvrp-A-n65-k09.xml",
    "solution": {
        "solution": {
            "fitness": 1185,
            "is_feasible": true,
            "permutation": [
                0,
                62,
                28,
                33,
                1,
                12,
                13,
                18,
                29,
                0,
                43,
                4,
                3,
                36,
                35,
                37,
                49,
                0,
                5,
                45,
                41,
                16,
                50,
                60,
                30,
                0,
                47,
                34,
                31,
                26,
                6,
                64,
                46,
                0,
                17,
                22,
                9,
                14,
                27,
                15,
                0,
                51,
                39,
                7,
                63,
                11,
                54,
                48,
                57,
                23,
                0,
                21,
                44,
                56,
                59,
                53,
                0,
                32,
                40,
                58,
                20,
                61,
                42,
                38,
                2,
                0,
                55,
                25,
                8,
                10,
                52,
                24,
                19,
                0
            ]
        }
    },
    "steps": {
        "0": 1185
    },
    "timeout": 6
}