{
    "config": {
        "allow_infeasible": true,
        "bvns_max_k": 8,
        "bvns_min_k": 3,
        "construction": "random",
        "local_search": "RVND",
        "metaheuristic": "BVNS",
        "num_threads": 8,
        "operators": [
            "insert_1",
            "remove_1",
            "two_opt",
            "exchange_ids",
            "exchange_1_1",
            "exchange_1_2",
            "exchange_2_3",
            "exchange_2_4",
            "exchange_3_3",
            "exchange_3_4",
            "rexchange_1_2",
            "centered_exchange_1",
            "centered_exchange_2",
            "centered_exchange_3",
            "centered_exchange_4",
            "relocate_5",
            "rrelocate_2",
            "rrelocate_3",
            "rrelocate_5",
            "move_all_by_2",
            "move_all_by_3",
            "move_all_by_4"
        ],
        "perturbation": [
            "random_double_bridge"
        ],
        "timeout": 6
    },
    "histogram": {
        "all": {
            "centered_exchange_1": 1002,
            "centered_exchange_2": 1003,
            "centered_exchange_3": 1002,
            "centered_exchange_4": 1002,
            "exchange_1_1": 1002,
            "exchange_1_2": 1003,
            "exchange_2_3": 1003,
            "exchange_2_4": 1002,
            "exchange_3_3": 1002,
            "exchange_3_4": 1002,
            "exchange_ids": 1002,
            "insert_1": 1002,
            "move_all_by_2": 1002,
            "move_all_by_3": 1002,
            "move_all_by_4": 1002,
            "relocate_5": 1002,
            "remove_1": 1002,
            "rexchange_1_2": 1002,
            "rrelocate_2": 1002,
            "rrelocate_3": 1002,
            "rrelocate_5": 1002,
            "two_opt": 1002
        },
        "improving": {
            "centered_exchange_1": 237,
            "centered_exchange_2": 217,
            "centered_exchange_3": 126,
            "centered_exchange_4": 78,
            "exchange_1_1": 471,
            "exchange_1_2": 408,
            "exchange_2_3": 291,
            "exchange_2_4": 218,
            "exchange_3_3": 204,
            "exchange_3_4": 238,
            "exchange_ids": 475,
            "insert_1": 108,
            "move_all_by_2": 339,
            "move_all_by_3": 357,
            "move_all_by_4": 398,
            "relocate_5": 260,
            "remove_1": 90,
            "rexchange_1_2": 442,
            "rrelocate_2": 408,
            "rrelocate_3": 342,
            "rrelocate_5": 326,
            "two_opt": 513
        },
        "rate": {
            "centered_exchange_1": 0.2365269511938095,
            "centered_exchange_2": 0.21635094285011292,
            "centered_exchange_3": 0.12574850022792816,
            "centered_exchange_4": 0.07784431427717209,
            "exchange_1_1": 0.470059871673584,
            "exchange_1_2": 0.4067796468734741,
            "exchange_2_3": 0.2901296019554138,
            "exchange_2_4": 0.21756486594676971,
            "exchange_3_3": 0.20359280705451965,
            "exchange_3_4": 0.23752495646476746,
            "exchange_ids": 0.47405189275741577,
            "insert_1": 0.10778442770242691,
            "move_all_by_2": 0.33832335472106934,
            "move_all_by_3": 0.35628741979599,
            "move_all_by_4": 0.3972055912017822,
            "relocate_5": 0.2594810426235199,
            "remove_1": 0.08982036262750626,
            "rexchange_1_2": 0.4411177635192871,
            "rrelocate_2": 0.4071856141090393,
            "rrelocate_3": 0.341317355632782,
            "rrelocate_5": 0.3253493010997772,
            "two_opt": 0.5119760632514954
        }
    },
    "last_improvement": 2,
    "name": "cvrp-A-n65-k09.xml",
    "solution": {
        "solution": {
            "fitness": 1181,
            "is_feasible": true,
            "permutation": [
                0,
                30,
                37,
                35,
                36,
                3,
                4,
                49,
                0,
                28,
                23,
                57,
                48,
                54,
                11,
                63,
                7,
                0,
                55,
                29,
                18,
                62,
                39,
                51,
                17,
                0,
                60,
                50,
                16,
                41,
                2,
                38,
                42,
                61,
                45,
                0,
                43,
                27,
                14,
                9,
                22,
                15,
                0,
                21,
                25,
                52,
                24,
                13,
                12,
                1,
                33,
                0,
                5,
                32,
                20,
                58,
                40,
                53,
                0,
                19,
                8,
                10,
                59,
                44,
                56,
                0,
                47,
                34,
                31,
                26,
                6,
                64,
                46,
                0
            ]
        }
    },
    "steps": {
        "0": 1185,
        "1": 1183,
        "2": 1181
    },
    "timeout": 6
}