{
    "config": {
        "allow_infeasible": true,
        "bvns_max_k": 8,
        "bvns_min_k": 3,
        "construction": "random",
        "local_search": "RVND",
        "metaheuristic": "BVNS",
        "num_threads": 8,
        "operators": [
            "insert_1",
            "remove_1",
            "two_opt",
            "exchange_ids",
            "exchange_1_1",
            "exchange_1_2",
            "exchange_2_3",
            "exchange_2_4",
            "exchange_3_3",
            "exchange_3_4",
            "rexchange_1_2",
            "centered_exchange_1",
            "centered_exchange_2",
            "centered_exchange_3",
            "centered_exchange_4",
            "relocate_5",
            "rrelocate_2",
            "rrelocate_3",
            "rrelocate_5",
            "move_all_by_2",
            "move_all_by_3",
            "move_all_by_4"
        ],
        "perturbation": [
            "random_double_bridge"
        ],
        "timeout": 6
    },
    "histogram": {
        "all": {
            "centered_exchange_1": 984,
            "centered_exchange_2": 984,
            "centered_exchange_3": 984,
            "centered_exchange_4": 984,
            "exchange_1_1": 984,
            "exchange_1_2": 984,
            "exchange_2_3": 984,
            "exchange_2_4": 984,
            "exchange_3_3": 984,
            "exchange_3_4": 984,
            "exchange_ids": 984,
            "insert_1": 984,
            "move_all_by_2": 984,
            "move_all_by_3": 984,
            "move_all_by_4": 984,
            "relocate_5": 984,
            "remove_1": 984,
            "rexchange_1_2": 984,
            "rrelocate_2": 984,
            "rrelocate_3": 984,
            "rrelocate_5": 984,
            "two_opt": 984
        },
        "improving": {
            "centered_exchange_1": 238,
            "centered_exchange_2": 225,
            "centered_exchange_3": 140,
            "centered_exchange_4": 68,
            "exchange_1_1": 450,
            "exchange_1_2": 408,
            "exchange_2_3": 289,
            "exchange_2_4": 234,
            "exchange_3_3": 206,
            "exchange_3_4": 236,
            "exchange_ids": 420,
            "insert_1": 110,
            "move_all_by_2": 357,
            "move_all_by_3": 376,
            "move_all_by_4": 445,
            "relocate_5": 238,
            "remove_1": 85,
            "rexchange_1_2": 437,
            "rrelocate_2": 412,
            "rrelocate_3": 341,
            "rrelocate_5": 340,
            "two_opt": 539
        },
        "rate": {
            "centered_exchange_1": 0.24186991155147552,
            "centered_exchange_2": 0.2286585420370102,
            "centered_exchange_3": 0.14227642118930817,
            "centered_exchange_4": 0.06910569220781326,
            "exchange_1_1": 0.4573170840740204,
            "exchange_1_2": 0.4146341383457184,
            "exchange_2_3": 0.2936991751194,
            "exchange_2_4": 0.23780487477779388,
            "exchange_3_3": 0.2093495875597,
            "exchange_3_4": 0.2398373931646347,
            "exchange_ids": 0.4268292784690857,
            "insert_1": 0.11178861558437347,
            "move_all_by_2": 0.3628048896789551,
            "move_all_by_3": 0.38211381435394287,
            "move_all_by_4": 0.45223575830459595,
            "relocate_5": 0.24186991155147552,
            "remove_1": 0.08638211339712143,
            "rexchange_1_2": 0.44410568475723267,
            "rrelocate_2": 0.4186991751194,
            "rrelocate_3": 0.34654471278190613,
            "rrelocate_5": 0.3455284535884857,
            "two_opt": 0.547764241695404
        }
    },
    "last_improvement": 0,
    "name": "cvrp-A-n65-k09.xml",
    "solution": {
        "solution": {
            "fitness": 1185,
            "is_feasible": true,
            "permutation": [
                0,
                46,
                64,
                6,
                26,
                31,
                34,
                47,
                0,
                49,
                37,
                35,
                36,
                3,
                4,
                43,
                0,
                51,
                39,
                7,
                63,
                11,
                54,
                48,
                57,
                23,
                0,
                32,
                40,
                58,
                20,
                61,
                42,
                38,
                2,
                0,
                17,
                22,
                9,
                14,
                27,
                15,
                0,
                53,
                59,
                56,
                44,
                21,
                0,
                19,
                24,
                52,
                10,
                8,
                25,
                55,
                0,
                62,
                28,
                33,
                1,
                12,
                13,
                18,
                29,
                0,
                5,
                45,
                41,
                16,
                50,
                60,
                30,
                0
            ]
        }
    },
    "steps": {
        "0": 1185
    },
    "timeout": 6
}