{
    "config": {
        "allow_infeasible": true,
        "bvns_max_k": 8,
        "bvns_min_k": 3,
        "construction": "random",
        "local_search": "RVND",
        "metaheuristic": "BVNS",
        "num_threads": 8,
        "operators": [
            "insert_1",
            "remove_1",
            "two_opt",
            "exchange_ids",
            "exchange_1_1",
            "exchange_1_2",
            "exchange_2_3",
            "exchange_2_4",
            "exchange_3_3",
            "exchange_3_4",
            "rexchange_1_2",
            "centered_exchange_1",
            "centered_exchange_2",
            "centered_exchange_3",
            "centered_exchange_4",
            "relocate_5",
            "rrelocate_2",
            "rrelocate_3",
            "rrelocate_5",
            "move_all_by_2",
            "move_all_by_3",
            "move_all_by_4"
        ],
        "perturbation": [
            "random_double_bridge"
        ],
        "timeout": 6
    },
    "histogram": {
        "all": {
            "centered_exchange_1": 987,
            "centered_exchange_2": 986,
            "centered_exchange_3": 987,
            "centered_exchange_4": 986,
            "exchange_1_1": 987,
            "exchange_1_2": 986,
            "exchange_2_3": 987,
            "exchange_2_4": 986,
            "exchange_3_3": 986,
            "exchange_3_4": 987,
            "exchange_ids": 986,
            "insert_1": 987,
            "move_all_by_2": 986,
            "move_all_by_3": 987,
            "move_all_by_4": 986,
            "relocate_5": 987,
            "remove_1": 987,
            "rexchange_1_2": 986,
            "rrelocate_2": 986,
            "rrelocate_3": 987,
            "rrelocate_5": 986,
            "two_opt": 987
        },
        "improving": {
            "centered_exchange_1": 227,
            "centered_exchange_2": 182,
            "centered_exchange_3": 119,
            "centered_exchange_4": 58,
            "exchange_1_1": 452,
            "exchange_1_2": 415,
            "exchange_2_3": 284,
            "exchange_2_4": 192,
            "exchange_3_3": 185,
            "exchange_3_4": 223,
            "exchange_ids": 453,
            "insert_1": 104,
            "move_all_by_2": 342,
            "move_all_by_3": 378,
            "move_all_by_4": 386,
            "relocate_5": 225,
            "remove_1": 83,
            "rexchange_1_2": 436,
            "rrelocate_2": 391,
            "rrelocate_3": 322,
            "rrelocate_5": 306,
            "two_opt": 498
        },
        "rate": {
            "centered_exchange_1": 0.22998987138271332,
            "centered_exchange_2": 0.18458418548107147,
            "centered_exchange_3": 0.12056737393140793,
            "centered_exchange_4": 0.05882352963089943,
            "exchange_1_1": 0.45795339345932007,
            "exchange_1_2": 0.42089250683784485,
            "exchange_2_3": 0.2877406179904938,
            "exchange_2_4": 0.19472616910934448,
            "exchange_3_3": 0.18762677907943726,
            "exchange_3_4": 0.22593718767166138,
            "exchange_ids": 0.45943203568458557,
            "insert_1": 0.10536980628967285,
            "move_all_by_2": 0.3468559980392456,
            "move_all_by_3": 0.38297873735427856,
            "move_all_by_4": 0.3914807438850403,
            "relocate_5": 0.22796352207660675,
            "remove_1": 0.08409321308135986,
            "rexchange_1_2": 0.44219067692756653,
            "rrelocate_2": 0.3965517282485962,
            "rrelocate_3": 0.326241135597229,
            "rrelocate_5": 0.3103448152542114,
            "two_opt": 0.5045592784881592
        }
    },
    "last_improvement": 3,
    "name": "cvrp-A-n65-k09.xml",
    "solution": {
        "solution": {
            "fitness": 1180,
            "is_feasible": true,
            "permutation": [
                0,
                17,
                31,
                26,
                6,
                64,
                46,
                39,
                0,
                40,
                10,
                8,
                52,
                24,
                19,
                18,
                29,
                0,
                49,
                4,
                35,
                36,
                3,
                14,
                27,
                15,
                0,
                53,
                59,
                44,
                56,
                21,
                0,
                51,
                47,
                34,
                9,
                22,
                43,
                0,
                62,
                33,
                1,
                12,
                13,
                25,
                55,
                0,
                5,
                45,
                16,
                50,
                60,
                30,
                37,
                0,
                32,
                20,
                58,
                61,
                42,
                38,
                2,
                41,
                0,
                7,
                63,
                11,
                54,
                48,
                57,
                23,
                28,
                0
            ]
        }
    },
    "steps": {
        "0": 1186,
        "1": 1182,
        "3": 1180
    },
    "timeout": 6
}