{
    "config": {
        "allow_infeasible": true,
        "bvns_max_k": 8,
        "bvns_min_k": 3,
        "construction": "random",
        "local_search": "RVND",
        "metaheuristic": "BVNS",
        "num_threads": 8,
        "operators": [
            "insert_1",
            "remove_1",
            "two_opt",
            "exchange_ids",
            "exchange_1_1",
            "exchange_1_2",
            "exchange_2_3",
            "exchange_2_4",
            "exchange_3_3",
            "exchange_3_4",
            "rexchange_1_2",
            "centered_exchange_1",
            "centered_exchange_2",
            "centered_exchange_3",
            "centered_exchange_4",
            "relocate_5",
            "rrelocate_2",
            "rrelocate_3",
            "rrelocate_5",
            "move_all_by_2",
            "move_all_by_3",
            "move_all_by_4"
        ],
        "perturbation": [
            "random_double_bridge"
        ],
        "timeout": 6
    },
    "histogram": {
        "all": {
            "centered_exchange_1": 962,
            "centered_exchange_2": 961,
            "centered_exchange_3": 961,
            "centered_exchange_4": 961,
            "exchange_1_1": 961,
            "exchange_1_2": 961,
            "exchange_2_3": 961,
            "exchange_2_4": 962,
            "exchange_3_3": 962,
            "exchange_3_4": 961,
            "exchange_ids": 962,
            "insert_1": 961,
            "move_all_by_2": 961,
            "move_all_by_3": 961,
            "move_all_by_4": 961,
            "relocate_5": 961,
            "remove_1": 961,
            "rexchange_1_2": 961,
            "rrelocate_2": 961,
            "rrelocate_3": 961,
            "rrelocate_5": 961,
            "two_opt": 961
        },
        "improving": {
            "centered_exchange_1": 229,
            "centered_exchange_2": 180,
            "centered_exchange_3": 133,
            "centered_exchange_4": 69,
            "exchange_1_1": 452,
            "exchange_1_2": 413,
            "exchange_2_3": 307,
            "exchange_2_4": 198,
            "exchange_3_3": 183,
            "exchange_3_4": 219,
            "exchange_ids": 435,
            "insert_1": 103,
            "move_all_by_2": 351,
            "move_all_by_3": 372,
            "move_all_by_4": 384,
            "relocate_5": 218,
            "remove_1": 84,
            "rexchange_1_2": 433,
            "rrelocate_2": 376,
            "rrelocate_3": 311,
            "rrelocate_5": 332,
            "two_opt": 496
        },
        "rate": {
            "centered_exchange_1": 0.23804573714733124,
            "centered_exchange_2": 0.18730488419532776,
            "centered_exchange_3": 0.13839749991893768,
            "centered_exchange_4": 0.07180020958185196,
            "exchange_1_1": 0.47034338116645813,
            "exchange_1_2": 0.4297606647014618,
            "exchange_2_3": 0.31945890188217163,
            "exchange_2_4": 0.2058212012052536,
            "exchange_3_3": 0.1902286857366562,
            "exchange_3_4": 0.2278876155614853,
            "exchange_ids": 0.45218294858932495,
            "insert_1": 0.10718002170324326,
            "move_all_by_2": 0.3652445375919342,
            "move_all_by_3": 0.3870967626571655,
            "move_all_by_4": 0.39958375692367554,
            "relocate_5": 0.22684703767299652,
            "remove_1": 0.08740895241498947,
            "rexchange_1_2": 0.45057231187820435,
            "rrelocate_2": 0.391259104013443,
            "rrelocate_3": 0.3236212134361267,
            "rrelocate_5": 0.3454734683036804,
            "two_opt": 0.5161290168762207
        }
    },
    "last_improvement": 1,
    "name": "cvrp-A-n65-k09.xml",
    "solution": {
        "solution": {
            "fitness": 1177,
            "is_feasible": true,
            "permutation": [
                0,
                55,
                29,
                13,
                12,
                1,
                33,
                62,
                0,
                21,
                25,
                44,
                56,
                53,
                0,
                41,
                2,
                38,
                42,
                61,
                58,
                20,
                32,
                0,
                39,
                46,
                64,
                6,
                26,
                31,
                17,
                0,
                59,
                40,
                10,
                8,
                52,
                24,
                19,
                18,
                0,
                49,
                4,
                35,
                36,
                3,
                14,
                27,
                15,
                0,
                5,
                45,
                16,
                50,
                60,
                30,
                37,
                0,
                51,
                47,
                34,
                9,
                22,
                43,
                0,
                28,
                23,
                57,
                48,
                54,
                11,
                63,
                7,
                0
            ]
        }
    },
    "steps": {
        "0": 1188,
        "1": 1177
    },
    "timeout": 6
}