{
    "config": {
        "allow_infeasible": true,
        "bvns_max_k": 8,
        "bvns_min_k": 3,
        "construction": "random",
        "local_search": "RVND",
        "metaheuristic": "BVNS",
        "num_threads": 8,
        "operators": [
            "insert_1",
            "remove_1",
            "two_opt",
            "exchange_ids",
            "exchange_1_1",
            "exchange_1_2",
            "exchange_2_3",
            "exchange_2_4",
            "exchange_3_3",
            "exchange_3_4",
            "rexchange_1_2",
            "centered_exchange_1",
            "centered_exchange_2",
            "centered_exchange_3",
            "centered_exchange_4",
            "relocate_5",
            "rrelocate_2",
            "rrelocate_3",
            "rrelocate_5",
            "move_all_by_2",
            "move_all_by_3",
            "move_all_by_4"
        ],
        "perturbation": [
            "random_double_bridge"
        ],
        "timeout": 6
    },
    "histogram": {
        "all": {
            "centered_exchange_1": 1007,
            "centered_exchange_2": 1006,
            "centered_exchange_3": 1006,
            "centered_exchange_4": 1007,
            "exchange_1_1": 1006,
            "exchange_1_2": 1007,
            "exchange_2_3": 1007,
            "exchange_2_4": 1007,
            "exchange_3_3": 1007,
            "exchange_3_4": 1007,
            "exchange_ids": 1006,
            "insert_1": 1007,
            "move_all_by_2": 1006,
            "move_all_by_3": 1006,
            "move_all_by_4": 1007,
            "relocate_5": 1007,
            "remove_1": 1007,
            "rexchange_1_2": 1006,
            "rrelocate_2": 1007,
            "rrelocate_3": 1006,
            "rrelocate_5": 1006,
            "two_opt": 1006
        },
        "improving": {
            "centered_exchange_1": 263,
            "centered_exchange_2": 231,
            "centered_exchange_3": 134,
            "centered_exchange_4": 75,
            "exchange_1_1": 464,
            "exchange_1_2": 409,
            "exchange_2_3": 299,
            "exchange_2_4": 210,
            "exchange_3_3": 215,
            "exchange_3_4": 232,
            "exchange_ids": 457,
            "insert_1": 102,
            "move_all_by_2": 363,
            "move_all_by_3": 393,
            "move_all_by_4": 421,
            "relocate_5": 245,
            "remove_1": 81,
            "rexchange_1_2": 462,
            "rrelocate_2": 414,
            "rrelocate_3": 347,
            "rrelocate_5": 345,
            "two_opt": 538
        },
        "rate": {
            "centered_exchange_1": 0.26117178797721863,
            "centered_exchange_2": 0.2296222597360611,
            "centered_exchange_3": 0.13320079445838928,
            "centered_exchange_4": 0.0744786486029625,
            "exchange_1_1": 0.46123260259628296,
            "exchange_1_2": 0.40615689754486084,
            "exchange_2_3": 0.2969215512275696,
            "exchange_2_4": 0.20854021608829498,
            "exchange_3_3": 0.21350546181201935,
            "exchange_3_4": 0.23038728535175323,
            "exchange_ids": 0.45427435636520386,
            "insert_1": 0.10129096359014511,
            "move_all_by_2": 0.3608349859714508,
            "move_all_by_3": 0.390656054019928,
            "move_all_by_4": 0.41807347536087036,
            "relocate_5": 0.24329692125320435,
            "remove_1": 0.08043694496154785,
            "rexchange_1_2": 0.4592445194721222,
            "rrelocate_2": 0.4111221432685852,
            "rrelocate_3": 0.34493041038513184,
            "rrelocate_5": 0.34294235706329346,
            "two_opt": 0.5347912311553955
        }
    },
    "last_improvement": 3,
    "name": "cvrp-A-n65-k09.xml",
    "solution": {
        "solution": {
            "fitness": 1178,
            "is_feasible": true,
            "permutation": [
                0,
                33,
                13,
                12,
                1,
                23,
                28,
                62,
                0,
                17,
                51,
                39,
                54,
                48,
                57,
                11,
                63,
                7,
                0,
                47,
                34,
                31,
                26,
                6,
                64,
                46,
                0,
                15,
                22,
                9,
                14,
                27,
                43,
                0,
                30,
                37,
                35,
                36,
                3,
                4,
                49,
                0,
                45,
                61,
                42,
                38,
                2,
                41,
                16,
                50,
                60,
                0,
                29,
                55,
                21,
                25,
                53,
                5,
                0,
                18,
                19,
                24,
                52,
                8,
                10,
                44,
                0,
                56,
                59,
                40,
                58,
                20,
                32,
                0
            ]
        }
    },
    "steps": {
        "0": 1187,
        "1": 1185,
        "3": 1178
    },
    "timeout": 6
}