{
    "config": {
        "allow_infeasible": true,
        "bvns_max_k": 8,
        "bvns_min_k": 3,
        "construction": "random",
        "local_search": "RVND",
        "metaheuristic": "BVNS",
        "num_threads": 8,
        "operators": [
            "insert_1",
            "remove_1",
            "two_opt",
            "exchange_ids",
            "exchange_1_1",
            "exchange_1_2",
            "exchange_2_3",
            "exchange_2_4",
            "exchange_3_3",
            "exchange_3_4",
            "rexchange_1_2",
            "centered_exchange_1",
            "centered_exchange_2",
            "centered_exchange_3",
            "centered_exchange_4",
            "relocate_5",
            "rrelocate_2",
            "rrelocate_3",
            "rrelocate_5",
            "move_all_by_2",
            "move_all_by_3",
            "move_all_by_4"
        ],
        "perturbation": [
            "random_double_bridge"
        ],
        "timeout": 6
    },
    "histogram": {
        "all": {
            "centered_exchange_1": 991,
            "centered_exchange_2": 990,
            "centered_exchange_3": 990,
            "centered_exchange_4": 991,
            "exchange_1_1": 990,
            "exchange_1_2": 990,
            "exchange_2_3": 990,
            "exchange_2_4": 990,
            "exchange_3_3": 991,
            "exchange_3_4": 991,
            "exchange_ids": 991,
            "insert_1": 990,
            "move_all_by_2": 991,
            "move_all_by_3": 991,
            "move_all_by_4": 991,
            "relocate_5": 991,
            "remove_1": 990,
            "rexchange_1_2": 991,
            "rrelocate_2": 991,
            "rrelocate_3": 991,
            "rrelocate_5": 991,
            "two_opt": 991
        },
        "improving": {
            "centered_exchange_1": 244,
            "centered_exchange_2": 170,
            "centered_exchange_3": 143,
            "centered_exchange_4": 62,
            "exchange_1_1": 440,
            "exchange_1_2": 402,
            "exchange_2_3": 298,
            "exchange_2_4": 222,
            "exchange_3_3": 207,
            "exchange_3_4": 228,
            "exchange_ids": 461,
            "insert_1": 97,
            "move_all_by_2": 341,
            "move_all_by_3": 379,
            "move_all_by_4": 400,
            "relocate_5": 230,
            "remove_1": 82,
            "rexchange_1_2": 430,
            "rrelocate_2": 384,
            "rrelocate_3": 336,
            "rrelocate_5": 312,
            "two_opt": 494
        },
        "rate": {
            "centered_exchange_1": 0.24621593952178955,
            "centered_exchange_2": 0.17171716690063477,
            "centered_exchange_3": 0.14444445073604584,
            "centered_exchange_4": 0.06256306916475296,
            "exchange_1_1": 0.4444444477558136,
            "exchange_1_2": 0.4060606062412262,
            "exchange_2_3": 0.3010101020336151,
            "exchange_2_4": 0.2242424190044403,
            "exchange_3_3": 0.20887991786003113,
            "exchange_3_4": 0.23007063567638397,
            "exchange_ids": 0.4651866853237152,
            "insert_1": 0.09797979891300201,
            "move_all_by_2": 0.3440968692302704,
            "move_all_by_3": 0.3824419677257538,
            "move_all_by_4": 0.4036327004432678,
            "relocate_5": 0.23208880424499512,
            "remove_1": 0.08282828330993652,
            "rexchange_1_2": 0.43390515446662903,
            "rrelocate_2": 0.38748738169670105,
            "rrelocate_3": 0.3390514552593231,
            "rrelocate_5": 0.31483349204063416,
            "two_opt": 0.49848636984825134
        }
    },
    "last_improvement": 0,
    "name": "cvrp-A-n65-k09.xml",
    "solution": {
        "solution": {
            "fitness": 1177,
            "is_feasible": true,
            "permutation": [
                0,
                53,
                56,
                44,
                25,
                21,
                0,
                32,
                20,
                58,
                61,
                42,
                38,
                2,
                41,
                0,
                39,
                46,
                64,
                6,
                26,
                31,
                17,
                0,
                7,
                63,
                11,
                54,
                48,
                57,
                23,
                28,
                0,
                18,
                19,
                24,
                52,
                8,
                10,
                40,
                59,
                0,
                51,
                47,
                34,
                9,
                22,
                43,
                0,
                55,
                29,
                13,
                12,
                1,
                33,
                62,
                0,
                5,
                45,
                16,
                50,
                60,
                30,
                37,
                0,
                15,
                27,
                14,
                3,
                36,
                35,
                4,
                49,
                0
            ]
        }
    },
    "steps": {
        "0": 1177
    },
    "timeout": 6
}