{
    "config": {
        "allow_infeasible": true,
        "bvns_max_k": 8,
        "bvns_min_k": 3,
        "construction": "random",
        "local_search": "RVND",
        "metaheuristic": "BVNS",
        "num_threads": 8,
        "operators": [
            "insert_1",
            "remove_1",
            "two_opt",
            "exchange_ids",
            "exchange_1_1",
            "exchange_1_2",
            "exchange_2_3",
            "exchange_2_4",
            "exchange_3_3",
            "exchange_3_4",
            "rexchange_1_2",
            "centered_exchange_1",
            "centered_exchange_2",
            "centered_exchange_3",
            "centered_exchange_4",
            "relocate_5",
            "rrelocate_2",
            "rrelocate_3",
            "rrelocate_5",
            "move_all_by_2",
            "move_all_by_3",
            "move_all_by_4"
        ],
        "perturbation": [
            "random_double_bridge"
        ],
        "timeout": 6
    },
    "histogram": {
        "all": {
            "centered_exchange_1": 1006,
            "centered_exchange_2": 1006,
            "centered_exchange_3": 1007,
            "centered_exchange_4": 1006,
            "exchange_1_1": 1006,
            "exchange_1_2": 1006,
            "exchange_2_3": 1007,
            "exchange_2_4": 1006,
            "exchange_3_3": 1006,
            "exchange_3_4": 1006,
            "exchange_ids": 1006,
            "insert_1": 1006,
            "move_all_by_2": 1006,
            "move_all_by_3": 1006,
            "move_all_by_4": 1006,
            "relocate_5": 1006,
            "remove_1": 1006,
            "rexchange_1_2": 1007,
            "rrelocate_2": 1006,
            "rrelocate_3": 1006,
            "rrelocate_5": 1006,
            "two_opt": 1006
        },
        "improving": {
            "centered_exchange_1": 241,
            "centered_exchange_2": 221,
            "centered_exchange_3": 130,
            "centered_exchange_4": 67,
            "exchange_1_1": 444,
            "exchange_1_2": 416,
            "exchange_2_3": 274,
            "exchange_2_4": 200,
            "exchange_3_3": 211,
            "exchange_3_4": 226,
            "exchange_ids": 453,
            "insert_1": 128,
            "move_all_by_2": 336,
            "move_all_by_3": 378,
            "move_all_by_4": 401,
            "relocate_5": 268,
            "remove_1": 108,
            "rexchange_1_2": 442,
            "rrelocate_2": 421,
            "rrelocate_3": 345,
            "rrelocate_5": 369,
            "two_opt": 511
        },
        "rate": {
            "centered_exchange_1": 0.23956263065338135,
            "centered_exchange_2": 0.21968190371990204,
            "centered_exchange_3": 0.12909632921218872,
            "centered_exchange_4": 0.06660039722919464,
            "exchange_1_1": 0.44135189056396484,
            "exchange_1_2": 0.41351887583732605,
            "exchange_2_3": 0.27209532260894775,
            "exchange_2_4": 0.19880715012550354,
            "exchange_3_3": 0.20974154770374298,
            "exchange_3_4": 0.22465208172798157,
            "exchange_ids": 0.4502982199192047,
            "insert_1": 0.12723657488822937,
            "move_all_by_2": 0.3339960277080536,
            "move_all_by_3": 0.3757455348968506,
            "move_all_by_4": 0.39860835671424866,
            "relocate_5": 0.26640158891677856,
            "remove_1": 0.10735586285591125,
            "rexchange_1_2": 0.4389275014400482,
            "rrelocate_2": 0.4184890687465668,
            "rrelocate_3": 0.34294235706329346,
            "rrelocate_5": 0.3667992055416107,
            "two_opt": 0.5079522728919983
        }
    },
    "last_improvement": 2,
    "name": "cvrp-A-n65-k09.xml",
    "solution": {
        "solution": {
            "fitness": 1178,
            "is_feasible": true,
            "permutation": [
                0,
                33,
                13,
                12,
                1,
                23,
                28,
                62,
                0,
                56,
                59,
                40,
                58,
                20,
                32,
                0,
                29,
                55,
                21,
                25,
                53,
                5,
                0,
                44,
                10,
                8,
                52,
                24,
                19,
                18,
                0,
                15,
                22,
                9,
                14,
                27,
                43,
                0,
                17,
                51,
                39,
                7,
                11,
                63,
                54,
                48,
                57,
                0,
                49,
                4,
                3,
                36,
                35,
                37,
                30,
                0,
                46,
                64,
                6,
                26,
                31,
                34,
                47,
                0,
                45,
                61,
                42,
                38,
                2,
                41,
                16,
                50,
                60,
                0
            ]
        }
    },
    "steps": {
        "0": 1184,
        "2": 1178
    },
    "timeout": 6
}