{
    "config": {
        "allow_infeasible": true,
        "bvns_max_k": 8,
        "bvns_min_k": 3,
        "construction": "random",
        "local_search": "RVND",
        "metaheuristic": "BVNS",
        "num_threads": 8,
        "operators": [
            "insert_1",
            "remove_1",
            "two_opt",
            "exchange_ids",
            "exchange_1_1",
            "exchange_1_2",
            "exchange_2_3",
            "exchange_2_4",
            "exchange_3_3",
            "exchange_3_4",
            "rexchange_1_2",
            "centered_exchange_1",
            "centered_exchange_2",
            "centered_exchange_3",
            "centered_exchange_4",
            "relocate_5",
            "rrelocate_2",
            "rrelocate_3",
            "rrelocate_5",
            "move_all_by_2",
            "move_all_by_3",
            "move_all_by_4"
        ],
        "perturbation": [
            "random_double_bridge"
        ],
        "timeout": 6
    },
    "histogram": {
        "all": {
            "centered_exchange_1": 1006,
            "centered_exchange_2": 1005,
            "centered_exchange_3": 1006,
            "centered_exchange_4": 1005,
            "exchange_1_1": 1006,
            "exchange_1_2": 1005,
            "exchange_2_3": 1005,
            "exchange_2_4": 1006,
            "exchange_3_3": 1005,
            "exchange_3_4": 1006,
            "exchange_ids": 1005,
            "insert_1": 1006,
            "move_all_by_2": 1006,
            "move_all_by_3": 1006,
            "move_all_by_4": 1005,
            "relocate_5": 1006,
            "remove_1": 1005,
            "rexchange_1_2": 1005,
            "rrelocate_2": 1005,
            "rrelocate_3": 1005,
            "rrelocate_5": 1006,
            "two_opt": 1005
        },
        "improving": {
            "centered_exchange_1": 254,
            "centered_exchange_2": 217,
            "centered_exchange_3": 117,
            "centered_exchange_4": 58,
            "exchange_1_1": 456,
            "exchange_1_2": 394,
            "exchange_2_3": 284,
            "exchange_2_4": 214,
            "exchange_3_3": 220,
            "exchange_3_4": 233,
            "exchange_ids": 441,
            "insert_1": 115,
            "move_all_by_2": 318,
            "move_all_by_3": 361,
            "move_all_by_4": 389,
            "relocate_5": 260,
            "remove_1": 96,
            "rexchange_1_2": 456,
            "rrelocate_2": 396,
            "rrelocate_3": 357,
            "rrelocate_5": 363,
            "two_opt": 518
        },
        "rate": {
            "centered_exchange_1": 0.25248509645462036,
            "centered_exchange_2": 0.21592040359973907,
            "centered_exchange_3": 0.11630218476057053,
            "centered_exchange_4": 0.057711441069841385,
            "exchange_1_1": 0.45328032970428467,
            "exchange_1_2": 0.39203980565071106,
            "exchange_2_3": 0.28258705139160156,
            "exchange_2_4": 0.21272365748882294,
            "exchange_3_3": 0.2189054787158966,
            "exchange_3_4": 0.23161034286022186,
            "exchange_ids": 0.4388059675693512,
            "insert_1": 0.11431411653757095,
            "move_all_by_2": 0.31610336899757385,
            "move_all_by_3": 0.3588469326496124,
            "move_all_by_4": 0.387064665555954,
            "relocate_5": 0.2584493160247803,
            "remove_1": 0.09552238881587982,
            "rexchange_1_2": 0.45373135805130005,
            "rrelocate_2": 0.3940298557281494,
            "rrelocate_3": 0.3552238941192627,
            "rrelocate_5": 0.3608349859714508,
            "two_opt": 0.5154228806495667
        }
    },
    "last_improvement": 6,
    "name": "cvrp-A-n65-k09.xml",
    "solution": {
        "solution": {
            "fitness": 1178,
            "is_feasible": true,
            "permutation": [
                0,
                47,
                34,
                31,
                26,
                6,
                64,
                46,
                0,
                29,
                55,
                21,
                25,
                53,
                5,
                0,
                44,
                10,
                8,
                52,
                24,
                19,
                18,
                0,
                17,
                51,
                39,
                54,
                48,
                57,
                11,
                63,
                7,
                0,
                43,
                27,
                14,
                9,
                22,
                15,
                0,
                56,
                59,
                40,
                58,
                20,
                32,
                0,
                49,
                4,
                3,
                36,
                35,
                37,
                30,
                0,
                62,
                28,
                23,
                1,
                12,
                13,
                33,
                0,
                60,
                50,
                16,
                41,
                2,
                38,
                42,
                61,
                45,
                0
            ]
        }
    },
    "steps": {
        "0": 1184,
        "6": 1178
    },
    "timeout": 6
}