{
    "config": {
        "allow_infeasible": true,
        "bvns_max_k": 8,
        "bvns_min_k": 3,
        "construction": "random",
        "local_search": "RVND",
        "metaheuristic": "BVNS",
        "num_threads": 8,
        "operators": [
            "insert_1",
            "remove_1",
            "two_opt",
            "exchange_ids",
            "exchange_1_1",
            "exchange_1_2",
            "exchange_2_3",
            "exchange_2_4",
            "exchange_3_3",
            "exchange_3_4",
            "rexchange_1_2",
            "centered_exchange_1",
            "centered_exchange_2",
            "centered_exchange_3",
            "centered_exchange_4",
            "relocate_5",
            "rrelocate_2",
            "rrelocate_3",
            "rrelocate_5",
            "move_all_by_2",
            "move_all_by_3",
            "move_all_by_4"
        ],
        "perturbation": [
            "random_double_bridge"
        ],
        "timeout": 6
    },
    "histogram": {
        "all": {
            "centered_exchange_1": 985,
            "centered_exchange_2": 985,
            "centered_exchange_3": 985,
            "centered_exchange_4": 985,
            "exchange_1_1": 985,
            "exchange_1_2": 985,
            "exchange_2_3": 985,
            "exchange_2_4": 985,
            "exchange_3_3": 985,
            "exchange_3_4": 985,
            "exchange_ids": 985,
            "insert_1": 985,
            "move_all_by_2": 985,
            "move_all_by_3": 984,
            "move_all_by_4": 985,
            "relocate_5": 985,
            "remove_1": 984,
            "rexchange_1_2": 985,
            "rrelocate_2": 985,
            "rrelocate_3": 985,
            "rrelocate_5": 985,
            "two_opt": 984
        },
        "improving": {
            "centered_exchange_1": 238,
            "centered_exchange_2": 211,
            "centered_exchange_3": 167,
            "centered_exchange_4": 69,
            "exchange_1_1": 465,
            "exchange_1_2": 423,
            "exchange_2_3": 292,
            "exchange_2_4": 236,
            "exchange_3_3": 230,
            "exchange_3_4": 230,
            "exchange_ids": 477,
            "insert_1": 93,
            "move_all_by_2": 369,
            "move_all_by_3": 380,
            "move_all_by_4": 428,
            "relocate_5": 258,
            "remove_1": 71,
            "rexchange_1_2": 463,
            "rrelocate_2": 435,
            "rrelocate_3": 351,
            "rrelocate_5": 351,
            "two_opt": 533
        },
        "rate": {
            "centered_exchange_1": 0.2416243702173233,
            "centered_exchange_2": 0.21421319246292114,
            "centered_exchange_3": 0.16954314708709717,
            "centered_exchange_4": 0.07005076110363007,
            "exchange_1_1": 0.4720812141895294,
            "exchange_1_2": 0.4294416308403015,
            "exchange_2_3": 0.29644671082496643,
            "exchange_2_4": 0.23959390819072723,
            "exchange_3_3": 0.23350253701210022,
            "exchange_3_4": 0.23350253701210022,
            "exchange_ids": 0.48426395654678345,
            "insert_1": 0.09441624581813812,
            "move_all_by_2": 0.3746192753314972,
            "move_all_by_3": 0.3861788511276245,
            "move_all_by_4": 0.4345177710056305,
            "relocate_5": 0.2619289457798004,
            "remove_1": 0.0721544697880745,
            "rexchange_1_2": 0.47005075216293335,
            "rrelocate_2": 0.44162437319755554,
            "rrelocate_3": 0.35634517669677734,
            "rrelocate_5": 0.35634517669677734,
            "two_opt": 0.5416666865348816
        }
    },
    "last_improvement": 1,
    "name": "cvrp-A-n65-k09.xml",
    "solution": {
        "solution": {
            "fitness": 1185,
            "is_feasible": true,
            "permutation": [
                0,
                43,
                4,
                3,
                36,
                35,
                37,
                49,
                0,
                30,
                60,
                50,
                16,
                41,
                45,
                5,
                0,
                29,
                18,
                13,
                12,
                1,
                33,
                28,
                62,
                0,
                32,
                40,
                58,
                20,
                61,
                42,
                38,
                2,
                0,
                51,
                39,
                7,
                63,
                11,
                54,
                48,
                57,
                23,
                0,
                55,
                25,
                8,
                10,
                52,
                24,
                19,
                0,
                47,
                34,
                31,
                26,
                6,
                64,
                46,
                0,
                21,
                56,
                44,
                59,
                53,
                0,
                15,
                27,
                14,
                9,
                22,
                17,
                0
            ]
        }
    },
    "steps": {
        "0": 1192,
        "1": 1185
    },
    "timeout": 6
}