{
    "config": {
        "allow_infeasible": true,
        "bvns_max_k": 8,
        "bvns_min_k": 4,
        "construction": "greedy",
        "cvns_it_per_k": 5,
        "ils_k": 4,
        "local_search": "PVND",
        "metaheuristic": "BVNS",
        "num_threads": 8,
        "operators": [
            "two_opt",
            "relocate_1",
            "relocate_2",
            "relocate_3",
            "relocate_4",
            "relocate_5",
            "exchange_1_1",
            "exchange_1_2",
            "exchange_2_2",
            "exchange_2_3",
            "exchange_2_4",
            "exchange_3_3",
            "exchange_3_4",
            "exchange_4_4"
        ],
        "perturbation": [
            "double_bridge"
        ],
        "timeout": 6
    },
    "histogram": {
        "all": {
            "exchange_1_1": 171,
            "exchange_1_2": 102,
            "exchange_2_2": 68,
            "exchange_2_3": 69,
            "exchange_2_4": 65,
            "exchange_3_3": 66,
            "exchange_3_4": 65,
            "exchange_4_4": 65,
            "relocate_1": 105,
            "relocate_2": 82,
            "relocate_3": 82,
            "relocate_4": 83,
            "relocate_5": 83,
            "two_opt": 689
        },
        "improving": {
            "exchange_1_1": 100,
            "exchange_1_2": 36,
            "exchange_2_2": 3,
            "exchange_2_3": 4,
            "exchange_2_4": 0,
            "exchange_3_3": 1,
            "exchange_3_4": 0,
            "exchange_4_4": 0,
            "relocate_1": 24,
            "relocate_2": 1,
            "relocate_3": 1,
            "relocate_4": 2,
            "relocate_5": 2,
            "two_opt": 608
        },
        "rate": {
            "exchange_1_1": 0.5847952961921692,
            "exchange_1_2": 0.3529411852359772,
            "exchange_2_2": 0.04411764815449715,
            "exchange_2_3": 0.05797101557254791,
            "exchange_2_4": 0.0,
            "exchange_3_3": 0.01515151560306549,
            "exchange_3_4": 0.0,
            "exchange_4_4": 0.0,
            "relocate_1": 0.22857142984867096,
            "relocate_2": 0.012195121496915817,
            "relocate_3": 0.012195121496915817,
            "relocate_4": 0.024096384644508362,
            "relocate_5": 0.024096384644508362,
            "two_opt": 0.8824383020401001
        }
    },
    "last_improvement": 6,
    "name": "cvrp-X-n148-k46.xml",
    "solution": {
        "solution": {
            "fitness": 44411,
            "is_feasible": true,
            "permutation": [
                0,
                25,
                29,
                69,
                38,
                0,
                114,
                125,
                37,
                26,
                0,
                50,
                9,
                24,
                63,
                11,
                0,
                109,
                142,
                77,
                127,
                0,
                147,
                141,
                133,
                45,
                0,
                80,
                101,
                103,
                31,
                0,
                93,
                140,
                0,
                35,
                70,
                104,
                82,
                0,
                105,
                81,
                0,
                84,
                122,
                0,
                47,
                73,
                0,
                88,
                44,
                0,
                1,
                59,
                0,
                99,
                46,
                23,
                0,
                94,
                41,
                78,
                0,
                120,
                119,
                48,
                6,
                100,
                0,
                27,
                55,
                22,
                0,
                16,
                12,
                3,
                15,
                0,
                106,
                129,
                68,
                0,
                79,
                33,
                13,
                66,
                36,
                123,
                0,
                95,
                58,
                0,
                60,
                64,
                138,
                102,
                19,
                0,
                98,
                67,
                61,
                14,
                0,
                113,
                32,
                0,
                75,
                18,
                0,
                4,
                117,
                74,
                0,
                131,
                144,
                65,
                0,
                8,
                135,
                116,
                108,
                0,
                115,
                90,
                0,
                21,
                10,
                54,
                0,
                86,
                72,
                121,
                0,
                91,
                139,
                0,
                57,
                7,
                20,
                40,
                52,
                0,
                71,
                5,
                28,
                0,
                43,
                89,
                39,
                0,
                107,
                62,
                118,
                0,
                17,
                112,
                2,
                0,
                110,
                137,
                136,
                0,
                92,
                146,
                128,
                0,
                126,
                53,
                130,
                0,
                111,
                49,
                145,
                34,
                96,
                0,
                83,
                87,
                76,
                0,
                56,
                30,
                0,
                124,
                132,
                143,
                0,
                97,
                51,
                0,
                42,
                85,
                134,
                0
            ]
        }
    },
    "steps": {
        "0": 45233,
        "1": 44872,
        "2": 44630,
        "3": 44467,
        "6": 44411
    },
    "timeout": 6
}