{
    "config": {
        "allow_infeasible": true,
        "bvns_max_k": 8,
        "bvns_min_k": 4,
        "construction": "greedy",
        "cvns_it_per_k": 5,
        "ils_k": 4,
        "local_search": "PVND",
        "metaheuristic": "BVNS",
        "num_threads": 8,
        "operators": [
            "two_opt",
            "relocate_1",
            "relocate_2",
            "relocate_3",
            "relocate_4",
            "relocate_5",
            "exchange_1_1",
            "exchange_1_2",
            "exchange_2_2",
            "exchange_2_3",
            "exchange_2_4",
            "exchange_3_3",
            "exchange_3_4",
            "exchange_4_4"
        ],
        "perturbation": [
            "double_bridge"
        ],
        "timeout": 6
    },
    "histogram": {
        "all": {
            "exchange_1_1": 154,
            "exchange_1_2": 78,
            "exchange_2_2": 61,
            "exchange_2_3": 60,
            "exchange_2_4": 62,
            "exchange_3_3": 57,
            "exchange_3_4": 58,
            "exchange_4_4": 56,
            "relocate_1": 107,
            "relocate_2": 72,
            "relocate_3": 77,
            "relocate_4": 73,
            "relocate_5": 71,
            "two_opt": 641
        },
        "improving": {
            "exchange_1_1": 94,
            "exchange_1_2": 22,
            "exchange_2_2": 5,
            "exchange_2_3": 4,
            "exchange_2_4": 6,
            "exchange_3_3": 1,
            "exchange_3_4": 2,
            "exchange_4_4": 0,
            "relocate_1": 35,
            "relocate_2": 0,
            "relocate_3": 6,
            "relocate_4": 2,
            "relocate_5": 0,
            "two_opt": 566
        },
        "rate": {
            "exchange_1_1": 0.6103895902633667,
            "exchange_1_2": 0.28205129504203796,
            "exchange_2_2": 0.08196721225976944,
            "exchange_2_3": 0.06666667014360428,
            "exchange_2_4": 0.09677419066429138,
            "exchange_3_3": 0.017543859779834747,
            "exchange_3_4": 0.03448275849223137,
            "exchange_4_4": 0.0,
            "relocate_1": 0.32710281014442444,
            "relocate_2": 0.0,
            "relocate_3": 0.07792207598686218,
            "relocate_4": 0.027397260069847107,
            "relocate_5": 0.0,
            "two_opt": 0.8829953074455261
        }
    },
    "last_improvement": 6,
    "name": "cvrp-X-n148-k46.xml",
    "solution": {
        "solution": {
            "fitness": 44736,
            "is_feasible": true,
            "permutation": [
                0,
                103,
                119,
                80,
                20,
                0,
                25,
                29,
                69,
                38,
                0,
                85,
                142,
                77,
                127,
                0,
                28,
                51,
                124,
                0,
                79,
                33,
                34,
                123,
                0,
                81,
                120,
                52,
                37,
                0,
                30,
                56,
                0,
                125,
                100,
                115,
                101,
                0,
                26,
                90,
                8,
                0,
                11,
                63,
                24,
                9,
                50,
                0,
                87,
                59,
                71,
                111,
                0,
                99,
                46,
                23,
                0,
                84,
                110,
                137,
                0,
                14,
                61,
                67,
                98,
                0,
                66,
                13,
                36,
                139,
                0,
                105,
                40,
                0,
                53,
                114,
                31,
                4,
                19,
                0,
                97,
                132,
                0,
                116,
                135,
                48,
                6,
                0,
                92,
                146,
                128,
                0,
                27,
                72,
                0,
                134,
                145,
                49,
                55,
                22,
                0,
                32,
                104,
                42,
                0,
                35,
                122,
                0,
                107,
                62,
                118,
                0,
                43,
                89,
                39,
                0,
                58,
                21,
                0,
                117,
                3,
                12,
                102,
                0,
                83,
                95,
                0,
                57,
                7,
                130,
                126,
                0,
                5,
                1,
                0,
                94,
                41,
                78,
                0,
                129,
                106,
                82,
                0,
                86,
                96,
                91,
                0,
                147,
                141,
                133,
                45,
                0,
                68,
                54,
                10,
                88,
                0,
                121,
                143,
                76,
                0,
                109,
                70,
                113,
                0,
                2,
                112,
                17,
                0,
                18,
                136,
                0,
                44,
                75,
                0,
                16,
                74,
                108,
                0,
                15,
                138,
                64,
                60,
                0,
                65,
                144,
                131,
                0,
                73,
                47,
                0,
                140,
                93,
                0
            ]
        }
    },
    "steps": {
        "0": 46202,
        "1": 45967,
        "2": 45295,
        "3": 45201,
        "4": 45018,
        "5": 44928,
        "6": 44736
    },
    "timeout": 6
}