{
    "config": {
        "allow_infeasible": true,
        "bvns_max_k": 8,
        "bvns_min_k": 4,
        "construction": "greedy",
        "cvns_it_per_k": 5,
        "ils_k": 4,
        "local_search": "PVND",
        "metaheuristic": "BVNS",
        "num_threads": 8,
        "operators": [
            "two_opt",
            "relocate_1",
            "relocate_2",
            "relocate_3",
            "relocate_4",
            "relocate_5",
            "exchange_1_1",
            "exchange_1_2",
            "exchange_2_2",
            "exchange_2_3",
            "exchange_2_4",
            "exchange_3_3",
            "exchange_3_4",
            "exchange_4_4"
        ],
        "perturbation": [
            "double_bridge"
        ],
        "timeout": 6
    },
    "histogram": {
        "all": {
            "exchange_1_1": 144,
            "exchange_1_2": 83,
            "exchange_2_2": 72,
            "exchange_2_3": 62,
            "exchange_2_4": 61,
            "exchange_3_3": 60,
            "exchange_3_4": 60,
            "exchange_4_4": 60,
            "relocate_1": 94,
            "relocate_2": 72,
            "relocate_3": 75,
            "relocate_4": 74,
            "relocate_5": 73,
            "two_opt": 675
        },
        "improving": {
            "exchange_1_1": 80,
            "exchange_1_2": 22,
            "exchange_2_2": 12,
            "exchange_2_3": 2,
            "exchange_2_4": 1,
            "exchange_3_3": 0,
            "exchange_3_4": 0,
            "exchange_4_4": 0,
            "relocate_1": 22,
            "relocate_2": 0,
            "relocate_3": 3,
            "relocate_4": 2,
            "relocate_5": 1,
            "two_opt": 598
        },
        "rate": {
            "exchange_1_1": 0.5555555820465088,
            "exchange_1_2": 0.2650602459907532,
            "exchange_2_2": 0.1666666716337204,
            "exchange_2_3": 0.032258063554763794,
            "exchange_2_4": 0.016393441706895828,
            "exchange_3_3": 0.0,
            "exchange_3_4": 0.0,
            "exchange_4_4": 0.0,
            "relocate_1": 0.23404255509376526,
            "relocate_2": 0.0,
            "relocate_3": 0.03999999910593033,
            "relocate_4": 0.027027027681469917,
            "relocate_5": 0.013698630034923553,
            "two_opt": 0.8859259486198425
        }
    },
    "last_improvement": 6,
    "name": "cvrp-X-n148-k46.xml",
    "solution": {
        "solution": {
            "fitness": 44486,
            "is_feasible": true,
            "permutation": [
                0,
                39,
                89,
                0,
                71,
                5,
                28,
                0,
                115,
                40,
                52,
                0,
                59,
                1,
                124,
                0,
                8,
                135,
                116,
                108,
                0,
                100,
                6,
                48,
                119,
                120,
                0,
                50,
                141,
                147,
                0,
                81,
                105,
                0,
                95,
                83,
                0,
                114,
                125,
                37,
                26,
                0,
                139,
                91,
                0,
                107,
                118,
                0,
                82,
                32,
                136,
                0,
                67,
                61,
                14,
                68,
                0,
                10,
                129,
                88,
                0,
                121,
                56,
                76,
                0,
                22,
                55,
                27,
                0,
                130,
                7,
                57,
                98,
                0,
                44,
                99,
                0,
                19,
                138,
                102,
                16,
                15,
                31,
                0,
                20,
                80,
                103,
                101,
                0,
                117,
                12,
                3,
                0,
                74,
                90,
                0,
                86,
                122,
                2,
                0,
                110,
                106,
                54,
                0,
                72,
                87,
                143,
                0,
                140,
                93,
                0,
                128,
                146,
                92,
                0,
                42,
                134,
                84,
                0,
                77,
                35,
                17,
                0,
                41,
                133,
                24,
                11,
                0,
                23,
                47,
                46,
                0,
                131,
                144,
                78,
                45,
                0,
                60,
                65,
                64,
                94,
                0,
                85,
                127,
                137,
                0,
                111,
                49,
                145,
                34,
                96,
                0,
                62,
                112,
                109,
                0,
                73,
                53,
                126,
                0,
                4,
                30,
                43,
                0,
                123,
                36,
                66,
                13,
                33,
                79,
                0,
                132,
                97,
                0,
                29,
                63,
                9,
                0,
                25,
                69,
                38,
                51,
                0,
                104,
                113,
                70,
                142,
                0,
                18,
                75,
                0,
                58,
                21,
                0
            ]
        }
    },
    "steps": {
        "0": 46321,
        "1": 46204,
        "2": 45992,
        "3": 44597,
        "5": 44538,
        "6": 44486
    },
    "timeout": 6
}