{
    "config": {
        "allow_infeasible": true,
        "bvns_max_k": 8,
        "bvns_min_k": 3,
        "construction": "random",
        "local_search": "RVND",
        "metaheuristic": "BVNS",
        "num_threads": 8,
        "operators": [
            "insert_1",
            "remove_1",
            "two_opt",
            "exchange_ids",
            "exchange_1_1",
            "exchange_1_2",
            "exchange_2_3",
            "exchange_2_4",
            "exchange_3_3",
            "exchange_3_4",
            "rexchange_1_2",
            "centered_exchange_1",
            "centered_exchange_2",
            "centered_exchange_3",
            "centered_exchange_4",
            "relocate_5",
            "rrelocate_2",
            "rrelocate_3",
            "rrelocate_5",
            "move_all_by_2",
            "move_all_by_3",
            "move_all_by_4"
        ],
        "perturbation": [
            "random_double_bridge"
        ],
        "timeout": 6
    },
    "histogram": {
        "all": {
            "centered_exchange_1": 1537,
            "centered_exchange_2": 1537,
            "centered_exchange_3": 1537,
            "centered_exchange_4": 1537,
            "exchange_1_1": 1536,
            "exchange_1_2": 1537,
            "exchange_2_3": 1537,
            "exchange_2_4": 1537,
            "exchange_3_3": 1537,
            "exchange_3_4": 1537,
            "exchange_ids": 1536,
            "insert_1": 1536,
            "move_all_by_2": 1537,
            "move_all_by_3": 1537,
            "move_all_by_4": 1536,
            "relocate_5": 1537,
            "remove_1": 1537,
            "rexchange_1_2": 1537,
            "rrelocate_2": 1537,
            "rrelocate_3": 1537,
            "rrelocate_5": 1537,
            "two_opt": 1537
        },
        "improving": {
            "centered_exchange_1": 349,
            "centered_exchange_2": 204,
            "centered_exchange_3": 115,
            "centered_exchange_4": 132,
            "exchange_1_1": 669,
            "exchange_1_2": 547,
            "exchange_2_3": 386,
            "exchange_2_4": 240,
            "exchange_3_3": 334,
            "exchange_3_4": 364,
            "exchange_ids": 670,
            "insert_1": 155,
            "move_all_by_2": 457,
            "move_all_by_3": 506,
            "move_all_by_4": 582,
            "relocate_5": 289,
            "remove_1": 132,
            "rexchange_1_2": 588,
            "rrelocate_2": 529,
            "rrelocate_3": 499,
            "rrelocate_5": 338,
            "two_opt": 671
        },
        "rate": {
            "centered_exchange_1": 0.22706571221351624,
            "centered_exchange_2": 0.13272608816623688,
            "centered_exchange_3": 0.07482107728719711,
            "centered_exchange_4": 0.08588159084320068,
            "exchange_1_1": 0.435546875,
            "exchange_1_2": 0.35588809847831726,
            "exchange_2_3": 0.2511385679244995,
            "exchange_2_4": 0.15614834427833557,
            "exchange_3_3": 0.21730643510818481,
            "exchange_3_4": 0.23682498931884766,
            "exchange_ids": 0.4361979067325592,
            "insert_1": 0.1009114608168602,
            "move_all_by_2": 0.2973324656486511,
            "move_all_by_3": 0.3292127549648285,
            "move_all_by_4": 0.37890625,
            "relocate_5": 0.18802863359451294,
            "remove_1": 0.08588159084320068,
            "rexchange_1_2": 0.38256344199180603,
            "rrelocate_2": 0.3441769778728485,
            "rrelocate_3": 0.32465842366218567,
            "rrelocate_5": 0.2199089080095291,
            "two_opt": 0.43656474351882935
        }
    },
    "last_improvement": 2,
    "name": "cvrp-P-n050-k10.xml",
    "solution": {
        "solution": {
            "fitness": 703,
            "is_feasible": true,
            "permutation": [
                0,
                48,
                5,
                37,
                20,
                15,
                29,
                0,
                16,
                49,
                24,
                18,
                32,
                0,
                22,
                28,
                21,
                36,
                47,
                0,
                33,
                1,
                43,
                42,
                41,
                23,
                0,
                8,
                19,
                14,
                35,
                7,
                0,
                34,
                46,
                13,
                27,
                45,
                0,
                4,
                30,
                2,
                6,
                0,
                12,
                39,
                31,
                25,
                9,
                0,
                11,
                38,
                10,
                0,
                26,
                40,
                44,
                3,
                17,
                0
            ]
        }
    },
    "steps": {
        "0": 709,
        "2": 703
    },
    "timeout": 6
}