{
    "config": {
        "allow_infeasible": true,
        "bvns_max_k": 8,
        "bvns_min_k": 3,
        "construction": "random",
        "local_search": "RVND",
        "metaheuristic": "BVNS",
        "num_threads": 8,
        "operators": [
            "insert_1",
            "remove_1",
            "two_opt",
            "exchange_ids",
            "exchange_1_1",
            "exchange_1_2",
            "exchange_2_3",
            "exchange_2_4",
            "exchange_3_3",
            "exchange_3_4",
            "rexchange_1_2",
            "centered_exchange_1",
            "centered_exchange_2",
            "centered_exchange_3",
            "centered_exchange_4",
            "relocate_5",
            "rrelocate_2",
            "rrelocate_3",
            "rrelocate_5",
            "move_all_by_2",
            "move_all_by_3",
            "move_all_by_4"
        ],
        "perturbation": [
            "random_double_bridge"
        ],
        "timeout": 6
    },
    "histogram": {
        "all": {
            "centered_exchange_1": 1535,
            "centered_exchange_2": 1534,
            "centered_exchange_3": 1534,
            "centered_exchange_4": 1535,
            "exchange_1_1": 1534,
            "exchange_1_2": 1535,
            "exchange_2_3": 1534,
            "exchange_2_4": 1535,
            "exchange_3_3": 1535,
            "exchange_3_4": 1534,
            "exchange_ids": 1535,
            "insert_1": 1534,
            "move_all_by_2": 1535,
            "move_all_by_3": 1535,
            "move_all_by_4": 1534,
            "relocate_5": 1535,
            "remove_1": 1535,
            "rexchange_1_2": 1535,
            "rrelocate_2": 1534,
            "rrelocate_3": 1534,
            "rrelocate_5": 1535,
            "two_opt": 1535
        },
        "improving": {
            "centered_exchange_1": 334,
            "centered_exchange_2": 171,
            "centered_exchange_3": 111,
            "centered_exchange_4": 119,
            "exchange_1_1": 666,
            "exchange_1_2": 538,
            "exchange_2_3": 411,
            "exchange_2_4": 236,
            "exchange_3_3": 329,
            "exchange_3_4": 360,
            "exchange_ids": 672,
            "insert_1": 166,
            "move_all_by_2": 477,
            "move_all_by_3": 518,
            "move_all_by_4": 572,
            "relocate_5": 298,
            "remove_1": 132,
            "rexchange_1_2": 600,
            "rrelocate_2": 496,
            "rrelocate_3": 479,
            "rrelocate_5": 359,
            "two_opt": 643
        },
        "rate": {
            "centered_exchange_1": 0.2175895720720291,
            "centered_exchange_2": 0.11147326976060867,
            "centered_exchange_3": 0.0723598450422287,
            "centered_exchange_4": 0.07752443104982376,
            "exchange_1_1": 0.4341590702533722,
            "exchange_1_2": 0.3504886031150818,
            "exchange_2_3": 0.26792699098587036,
            "exchange_2_4": 0.15374593436717987,
            "exchange_3_3": 0.21433225274085999,
            "exchange_3_4": 0.23468057811260223,
            "exchange_ids": 0.4377850294113159,
            "insert_1": 0.10821381956338882,
            "move_all_by_2": 0.3107491731643677,
            "move_all_by_3": 0.3374592959880829,
            "move_all_by_4": 0.37288135290145874,
            "relocate_5": 0.1941368132829666,
            "remove_1": 0.08599348366260529,
            "rexchange_1_2": 0.39087948203086853,
            "rrelocate_2": 0.3233376741409302,
            "rrelocate_3": 0.31225553154945374,
            "rrelocate_5": 0.23387622833251953,
            "two_opt": 0.418892502784729
        }
    },
    "last_improvement": 1,
    "name": "cvrp-P-n050-k10.xml",
    "solution": {
        "solution": {
            "fitness": 705,
            "is_feasible": true,
            "permutation": [
                0,
                2,
                22,
                42,
                41,
                43,
                1,
                0,
                32,
                18,
                24,
                49,
                23,
                16,
                0,
                29,
                48,
                47,
                36,
                21,
                0,
                5,
                37,
                20,
                15,
                13,
                27,
                0,
                9,
                25,
                31,
                39,
                12,
                0,
                17,
                3,
                44,
                40,
                26,
                0,
                11,
                38,
                10,
                0,
                46,
                34,
                45,
                4,
                0,
                8,
                19,
                14,
                35,
                7,
                0,
                6,
                33,
                28,
                30,
                0
            ]
        }
    },
    "steps": {
        "0": 708,
        "1": 705
    },
    "timeout": 6
}