{
    "config": {
        "allow_infeasible": true,
        "bvns_max_k": 8,
        "bvns_min_k": 3,
        "construction": "random",
        "local_search": "RVND",
        "metaheuristic": "BVNS",
        "num_threads": 8,
        "operators": [
            "insert_1",
            "remove_1",
            "two_opt",
            "exchange_ids",
            "exchange_1_1",
            "exchange_1_2",
            "exchange_2_3",
            "exchange_2_4",
            "exchange_3_3",
            "exchange_3_4",
            "rexchange_1_2",
            "centered_exchange_1",
            "centered_exchange_2",
            "centered_exchange_3",
            "centered_exchange_4",
            "relocate_5",
            "rrelocate_2",
            "rrelocate_3",
            "rrelocate_5",
            "move_all_by_2",
            "move_all_by_3",
            "move_all_by_4"
        ],
        "perturbation": [
            "random_double_bridge"
        ],
        "timeout": 6
    },
    "histogram": {
        "all": {
            "centered_exchange_1": 1531,
            "centered_exchange_2": 1530,
            "centered_exchange_3": 1530,
            "centered_exchange_4": 1530,
            "exchange_1_1": 1530,
            "exchange_1_2": 1531,
            "exchange_2_3": 1530,
            "exchange_2_4": 1531,
            "exchange_3_3": 1531,
            "exchange_3_4": 1530,
            "exchange_ids": 1530,
            "insert_1": 1530,
            "move_all_by_2": 1531,
            "move_all_by_3": 1530,
            "move_all_by_4": 1530,
            "relocate_5": 1531,
            "remove_1": 1531,
            "rexchange_1_2": 1530,
            "rrelocate_2": 1530,
            "rrelocate_3": 1530,
            "rrelocate_5": 1530,
            "two_opt": 1530
        },
        "improving": {
            "centered_exchange_1": 301,
            "centered_exchange_2": 189,
            "centered_exchange_3": 113,
            "centered_exchange_4": 111,
            "exchange_1_1": 649,
            "exchange_1_2": 535,
            "exchange_2_3": 377,
            "exchange_2_4": 230,
            "exchange_3_3": 309,
            "exchange_3_4": 348,
            "exchange_ids": 655,
            "insert_1": 189,
            "move_all_by_2": 478,
            "move_all_by_3": 518,
            "move_all_by_4": 540,
            "relocate_5": 288,
            "remove_1": 159,
            "rexchange_1_2": 564,
            "rrelocate_2": 491,
            "rrelocate_3": 463,
            "rrelocate_5": 324,
            "two_opt": 650
        },
        "rate": {
            "centered_exchange_1": 0.19660352170467377,
            "centered_exchange_2": 0.12352941185235977,
            "centered_exchange_3": 0.07385621219873428,
            "centered_exchange_4": 0.07254902273416519,
            "exchange_1_1": 0.4241830110549927,
            "exchange_1_2": 0.34944480657577515,
            "exchange_2_3": 0.246405228972435,
            "exchange_2_4": 0.1502286046743393,
            "exchange_3_3": 0.20182886719703674,
            "exchange_3_4": 0.22745098173618317,
            "exchange_ids": 0.42810457944869995,
            "insert_1": 0.12352941185235977,
            "move_all_by_2": 0.3122142255306244,
            "move_all_by_3": 0.33856210112571716,
            "move_all_by_4": 0.3529411852359772,
            "relocate_5": 0.18811234831809998,
            "remove_1": 0.10385368764400482,
            "rexchange_1_2": 0.3686274588108063,
            "rrelocate_2": 0.3209150433540344,
            "rrelocate_3": 0.30261439085006714,
            "rrelocate_5": 0.21176470816135406,
            "two_opt": 0.4248366057872772
        }
    },
    "last_improvement": 0,
    "name": "cvrp-P-n050-k10.xml",
    "solution": {
        "solution": {
            "fitness": 702,
            "is_feasible": true,
            "permutation": [
                0,
                27,
                13,
                15,
                20,
                37,
                5,
                0,
                11,
                14,
                19,
                8,
                0,
                2,
                22,
                28,
                30,
                0,
                39,
                9,
                25,
                18,
                32,
                0,
                26,
                12,
                40,
                17,
                0,
                31,
                10,
                38,
                35,
                7,
                0,
                44,
                3,
                24,
                49,
                16,
                6,
                0,
                23,
                41,
                42,
                43,
                1,
                33,
                0,
                21,
                36,
                47,
                48,
                29,
                0,
                46,
                34,
                45,
                4,
                0
            ]
        }
    },
    "steps": {
        "0": 702
    },
    "timeout": 6
}