{
    "config": {
        "allow_infeasible": true,
        "bvns_max_k": 8,
        "bvns_min_k": 3,
        "construction": "random",
        "local_search": "RVND",
        "metaheuristic": "BVNS",
        "num_threads": 8,
        "operators": [
            "insert_1",
            "remove_1",
            "two_opt",
            "exchange_ids",
            "exchange_1_1",
            "exchange_1_2",
            "exchange_2_3",
            "exchange_2_4",
            "exchange_3_3",
            "exchange_3_4",
            "rexchange_1_2",
            "centered_exchange_1",
            "centered_exchange_2",
            "centered_exchange_3",
            "centered_exchange_4",
            "relocate_5",
            "rrelocate_2",
            "rrelocate_3",
            "rrelocate_5",
            "move_all_by_2",
            "move_all_by_3",
            "move_all_by_4"
        ],
        "perturbation": [
            "random_double_bridge"
        ],
        "timeout": 6
    },
    "histogram": {
        "all": {
            "centered_exchange_1": 1565,
            "centered_exchange_2": 1565,
            "centered_exchange_3": 1565,
            "centered_exchange_4": 1565,
            "exchange_1_1": 1565,
            "exchange_1_2": 1565,
            "exchange_2_3": 1565,
            "exchange_2_4": 1566,
            "exchange_3_3": 1566,
            "exchange_3_4": 1565,
            "exchange_ids": 1566,
            "insert_1": 1565,
            "move_all_by_2": 1566,
            "move_all_by_3": 1565,
            "move_all_by_4": 1565,
            "relocate_5": 1565,
            "remove_1": 1565,
            "rexchange_1_2": 1565,
            "rrelocate_2": 1566,
            "rrelocate_3": 1565,
            "rrelocate_5": 1565,
            "two_opt": 1565
        },
        "improving": {
            "centered_exchange_1": 331,
            "centered_exchange_2": 176,
            "centered_exchange_3": 102,
            "centered_exchange_4": 135,
            "exchange_1_1": 676,
            "exchange_1_2": 545,
            "exchange_2_3": 387,
            "exchange_2_4": 230,
            "exchange_3_3": 323,
            "exchange_3_4": 370,
            "exchange_ids": 695,
            "insert_1": 151,
            "move_all_by_2": 483,
            "move_all_by_3": 512,
            "move_all_by_4": 574,
            "relocate_5": 297,
            "remove_1": 116,
            "rexchange_1_2": 618,
            "rrelocate_2": 510,
            "rrelocate_3": 473,
            "rrelocate_5": 362,
            "two_opt": 647
        },
        "rate": {
            "centered_exchange_1": 0.2115015983581543,
            "centered_exchange_2": 0.11246006190776825,
            "centered_exchange_3": 0.06517571955919266,
            "centered_exchange_4": 0.08626198023557663,
            "exchange_1_1": 0.43194887042045593,
            "exchange_1_2": 0.3482428193092346,
            "exchange_2_3": 0.24728433787822723,
            "exchange_2_4": 0.14687101542949677,
            "exchange_3_3": 0.20625798404216766,
            "exchange_3_4": 0.23642171919345856,
            "exchange_ids": 0.44380587339401245,
            "insert_1": 0.09648562222719193,
            "move_all_by_2": 0.30842912197113037,
            "move_all_by_3": 0.32715654373168945,
            "move_all_by_4": 0.36677315831184387,
            "relocate_5": 0.18977636098861694,
            "remove_1": 0.07412140816450119,
            "rexchange_1_2": 0.3948881924152374,
            "rrelocate_2": 0.3256705105304718,
            "rrelocate_3": 0.302236407995224,
            "rrelocate_5": 0.2313099056482315,
            "two_opt": 0.4134185314178467
        }
    },
    "last_improvement": 5,
    "name": "cvrp-P-n050-k10.xml",
    "solution": {
        "solution": {
            "fitness": 704,
            "is_feasible": true,
            "permutation": [
                0,
                21,
                36,
                47,
                48,
                45,
                0,
                10,
                38,
                11,
                0,
                7,
                35,
                14,
                19,
                13,
                27,
                0,
                12,
                9,
                25,
                31,
                39,
                0,
                26,
                40,
                44,
                3,
                17,
                0,
                32,
                18,
                24,
                49,
                16,
                0,
                30,
                5,
                37,
                20,
                15,
                29,
                0,
                8,
                46,
                34,
                4,
                0,
                23,
                41,
                42,
                43,
                1,
                33,
                0,
                6,
                22,
                28,
                2,
                0
            ]
        }
    },
    "steps": {
        "0": 706,
        "1": 705,
        "5": 704
    },
    "timeout": 6
}