{
    "config": {
        "allow_infeasible": true,
        "bvns_max_k": 8,
        "bvns_min_k": 3,
        "construction": "random",
        "local_search": "RVND",
        "metaheuristic": "BVNS",
        "num_threads": 8,
        "operators": [
            "insert_1",
            "remove_1",
            "two_opt",
            "exchange_ids",
            "exchange_1_1",
            "exchange_1_2",
            "exchange_2_3",
            "exchange_2_4",
            "exchange_3_3",
            "exchange_3_4",
            "rexchange_1_2",
            "centered_exchange_1",
            "centered_exchange_2",
            "centered_exchange_3",
            "centered_exchange_4",
            "relocate_5",
            "rrelocate_2",
            "rrelocate_3",
            "rrelocate_5",
            "move_all_by_2",
            "move_all_by_3",
            "move_all_by_4"
        ],
        "perturbation": [
            "random_double_bridge"
        ],
        "timeout": 6
    },
    "histogram": {
        "all": {
            "centered_exchange_1": 1568,
            "centered_exchange_2": 1567,
            "centered_exchange_3": 1567,
            "centered_exchange_4": 1567,
            "exchange_1_1": 1567,
            "exchange_1_2": 1567,
            "exchange_2_3": 1567,
            "exchange_2_4": 1567,
            "exchange_3_3": 1568,
            "exchange_3_4": 1567,
            "exchange_ids": 1567,
            "insert_1": 1567,
            "move_all_by_2": 1567,
            "move_all_by_3": 1567,
            "move_all_by_4": 1567,
            "relocate_5": 1567,
            "remove_1": 1567,
            "rexchange_1_2": 1568,
            "rrelocate_2": 1567,
            "rrelocate_3": 1567,
            "rrelocate_5": 1567,
            "two_opt": 1567
        },
        "improving": {
            "centered_exchange_1": 358,
            "centered_exchange_2": 203,
            "centered_exchange_3": 120,
            "centered_exchange_4": 120,
            "exchange_1_1": 647,
            "exchange_1_2": 594,
            "exchange_2_3": 399,
            "exchange_2_4": 250,
            "exchange_3_3": 338,
            "exchange_3_4": 372,
            "exchange_ids": 650,
            "insert_1": 177,
            "move_all_by_2": 477,
            "move_all_by_3": 479,
            "move_all_by_4": 560,
            "relocate_5": 282,
            "remove_1": 156,
            "rexchange_1_2": 592,
            "rrelocate_2": 525,
            "rrelocate_3": 489,
            "rrelocate_5": 340,
            "two_opt": 643
        },
        "rate": {
            "centered_exchange_1": 0.2283163219690323,
            "centered_exchange_2": 0.12954691052436829,
            "centered_exchange_3": 0.07657945156097412,
            "centered_exchange_4": 0.07657945156097412,
            "exchange_1_1": 0.41289088129997253,
            "exchange_1_2": 0.3790682852268219,
            "exchange_2_3": 0.25462666153907776,
            "exchange_2_4": 0.15954051911830902,
            "exchange_3_3": 0.21556122601032257,
            "exchange_3_4": 0.23739629983901978,
            "exchange_ids": 0.4148053526878357,
            "insert_1": 0.11295469105243683,
            "move_all_by_2": 0.30440330505371094,
            "move_all_by_3": 0.30567964911460876,
            "move_all_by_4": 0.3573707640171051,
            "relocate_5": 0.17996171116828918,
            "remove_1": 0.09955328702926636,
            "rexchange_1_2": 0.37755101919174194,
            "rrelocate_2": 0.3350350856781006,
            "rrelocate_3": 0.31206125020980835,
            "rrelocate_5": 0.2169751077890396,
            "two_opt": 0.41033822298049927
        }
    },
    "last_improvement": 6,
    "name": "cvrp-P-n050-k10.xml",
    "solution": {
        "solution": {
            "fitness": 704,
            "is_feasible": true,
            "permutation": [
                0,
                12,
                9,
                40,
                17,
                0,
                2,
                22,
                28,
                21,
                0,
                49,
                24,
                18,
                25,
                31,
                39,
                0,
                32,
                44,
                3,
                16,
                6,
                0,
                34,
                46,
                27,
                4,
                0,
                26,
                7,
                14,
                19,
                8,
                0,
                30,
                48,
                5,
                29,
                45,
                0,
                23,
                41,
                42,
                43,
                1,
                33,
                0,
                35,
                11,
                38,
                10,
                0,
                47,
                36,
                37,
                20,
                15,
                13,
                0
            ]
        }
    },
    "steps": {
        "0": 707,
        "6": 704
    },
    "timeout": 6
}