{
    "config": {
        "allow_infeasible": true,
        "bvns_max_k": 8,
        "bvns_min_k": 3,
        "construction": "random",
        "local_search": "RVND",
        "metaheuristic": "BVNS",
        "num_threads": 8,
        "operators": [
            "insert_1",
            "remove_1",
            "two_opt",
            "exchange_ids",
            "exchange_1_1",
            "exchange_1_2",
            "exchange_2_3",
            "exchange_2_4",
            "exchange_3_3",
            "exchange_3_4",
            "rexchange_1_2",
            "centered_exchange_1",
            "centered_exchange_2",
            "centered_exchange_3",
            "centered_exchange_4",
            "relocate_5",
            "rrelocate_2",
            "rrelocate_3",
            "rrelocate_5",
            "move_all_by_2",
            "move_all_by_3",
            "move_all_by_4"
        ],
        "perturbation": [
            "random_double_bridge"
        ],
        "timeout": 6
    },
    "histogram": {
        "all": {
            "centered_exchange_1": 1408,
            "centered_exchange_2": 1409,
            "centered_exchange_3": 1409,
            "centered_exchange_4": 1408,
            "exchange_1_1": 1408,
            "exchange_1_2": 1408,
            "exchange_2_3": 1409,
            "exchange_2_4": 1409,
            "exchange_3_3": 1408,
            "exchange_3_4": 1408,
            "exchange_ids": 1408,
            "insert_1": 1409,
            "move_all_by_2": 1408,
            "move_all_by_3": 1408,
            "move_all_by_4": 1409,
            "relocate_5": 1408,
            "remove_1": 1408,
            "rexchange_1_2": 1409,
            "rrelocate_2": 1408,
            "rrelocate_3": 1409,
            "rrelocate_5": 1408,
            "two_opt": 1408
        },
        "improving": {
            "centered_exchange_1": 301,
            "centered_exchange_2": 188,
            "centered_exchange_3": 113,
            "centered_exchange_4": 116,
            "exchange_1_1": 598,
            "exchange_1_2": 456,
            "exchange_2_3": 356,
            "exchange_2_4": 203,
            "exchange_3_3": 294,
            "exchange_3_4": 301,
            "exchange_ids": 587,
            "insert_1": 162,
            "move_all_by_2": 381,
            "move_all_by_3": 417,
            "move_all_by_4": 466,
            "relocate_5": 261,
            "remove_1": 120,
            "rexchange_1_2": 535,
            "rrelocate_2": 454,
            "rrelocate_3": 397,
            "rrelocate_5": 301,
            "two_opt": 587
        },
        "rate": {
            "centered_exchange_1": 0.21377840638160706,
            "centered_exchange_2": 0.1334279626607895,
            "centered_exchange_3": 0.08019872009754181,
            "centered_exchange_4": 0.08238636702299118,
            "exchange_1_1": 0.42471590638160706,
            "exchange_1_2": 0.3238636255264282,
            "exchange_2_3": 0.25266146659851074,
            "exchange_2_4": 0.14407381415367126,
            "exchange_3_3": 0.2088068127632141,
            "exchange_3_4": 0.21377840638160706,
            "exchange_ids": 0.41690340638160706,
            "insert_1": 0.11497516185045242,
            "move_all_by_2": 0.27059659361839294,
            "move_all_by_3": 0.29616478085517883,
            "move_all_by_4": 0.33073100447654724,
            "relocate_5": 0.1853693127632141,
            "remove_1": 0.08522727340459824,
            "rexchange_1_2": 0.3797019124031067,
            "rrelocate_2": 0.3224431872367859,
            "rrelocate_3": 0.2817601263523102,
            "rrelocate_5": 0.21377840638160706,
            "two_opt": 0.41690340638160706
        }
    },
    "last_improvement": 1,
    "name": "cvrp-P-n050-k10.xml",
    "solution": {
        "solution": {
            "fitness": 697,
            "is_feasible": true,
            "permutation": [
                0,
                15,
                20,
                37,
                36,
                5,
                29,
                0,
                3,
                49,
                24,
                18,
                25,
                9,
                0,
                6,
                33,
                2,
                30,
                0,
                12,
                39,
                31,
                10,
                0,
                4,
                45,
                27,
                13,
                34,
                0,
                35,
                14,
                19,
                8,
                46,
                0,
                26,
                38,
                11,
                7,
                0,
                48,
                47,
                21,
                28,
                0,
                1,
                22,
                42,
                41,
                43,
                23,
                16,
                0,
                17,
                44,
                32,
                40,
                0
            ]
        }
    },
    "steps": {
        "0": 711,
        "1": 697
    },
    "timeout": 6
}