{
    "config": {
        "allow_infeasible": true,
        "bvns_max_k": 8,
        "bvns_min_k": 3,
        "construction": "random",
        "local_search": "RVND",
        "metaheuristic": "BVNS",
        "num_threads": 8,
        "operators": [
            "insert_1",
            "remove_1",
            "two_opt",
            "exchange_ids",
            "exchange_1_1",
            "exchange_1_2",
            "exchange_2_3",
            "exchange_2_4",
            "exchange_3_3",
            "exchange_3_4",
            "rexchange_1_2",
            "centered_exchange_1",
            "centered_exchange_2",
            "centered_exchange_3",
            "centered_exchange_4",
            "relocate_5",
            "rrelocate_2",
            "rrelocate_3",
            "rrelocate_5",
            "move_all_by_2",
            "move_all_by_3",
            "move_all_by_4"
        ],
        "perturbation": [
            "random_double_bridge"
        ],
        "timeout": 6
    },
    "histogram": {
        "all": {
            "centered_exchange_1": 1,
            "centered_exchange_2": 1,
            "centered_exchange_3": 1,
            "centered_exchange_4": 1,
            "exchange_1_1": 1,
            "exchange_1_2": 2,
            "exchange_2_3": 1,
            "exchange_2_4": 1,
            "exchange_3_3": 1,
            "exchange_3_4": 2,
            "exchange_ids": 1,
            "insert_1": 1,
            "move_all_by_2": 1,
            "move_all_by_3": 1,
            "move_all_by_4": 1,
            "relocate_5": 1,
            "remove_1": 1,
            "rexchange_1_2": 1,
            "rrelocate_2": 1,
            "rrelocate_3": 1,
            "rrelocate_5": 1,
            "two_opt": 2
        },
        "improving": {
            "centered_exchange_1": 1,
            "centered_exchange_2": 1,
            "centered_exchange_3": 1,
            "centered_exchange_4": 1,
            "exchange_1_1": 1,
            "exchange_1_2": 2,
            "exchange_2_3": 1,
            "exchange_2_4": 1,
            "exchange_3_3": 1,
            "exchange_3_4": 2,
            "exchange_ids": 1,
            "insert_1": 1,
            "move_all_by_2": 1,
            "move_all_by_3": 1,
            "move_all_by_4": 1,
            "relocate_5": 1,
            "remove_1": 0,
            "rexchange_1_2": 1,
            "rrelocate_2": 1,
            "rrelocate_3": 1,
            "rrelocate_5": 1,
            "two_opt": 2
        },
        "rate": {
            "centered_exchange_1": 1.0,
            "centered_exchange_2": 1.0,
            "centered_exchange_3": 1.0,
            "centered_exchange_4": 1.0,
            "exchange_1_1": 1.0,
            "exchange_1_2": 1.0,
            "exchange_2_3": 1.0,
            "exchange_2_4": 1.0,
            "exchange_3_3": 1.0,
            "exchange_3_4": 1.0,
            "exchange_ids": 1.0,
            "insert_1": 1.0,
            "move_all_by_2": 1.0,
            "move_all_by_3": 1.0,
            "move_all_by_4": 1.0,
            "relocate_5": 1.0,
            "remove_1": 0.0,
            "rexchange_1_2": 1.0,
            "rrelocate_2": 1.0,
            "rrelocate_3": 1.0,
            "rrelocate_5": 1.0,
            "two_opt": 1.0
        }
    },
    "last_improvement": 7,
    "name": "cvrp-X-n1001-k43.xml",
    "solution": {
        "solution": {
            "fitness": 615642370,
            "is_feasible": false,
            "permutation": [
                247,
                504,
                451,
                571,
                445,
                529,
                91,
                621,
                96,
                118,
                901,
                739,
                871,
                215,
                583,
                860,
                359,
                202,
                368,
                354,
                343,
                407,
                172,
                829,
                631,
                550,
                708,
                955,
                23,
                54,
                317,
                842,
                66,
                987,
                344,
                837,
                86,
                650,
                988,
                746,
                876,
                748,
                157,
                222,
                473,
                151,
                878,
                312,
                870,
                474,
                490,
                476,
                382,
                395,
                619,
                234,
                236,
                664,
                444,
                425,
                231,
                224,
                122,
                45,
                429,
                902,
                241,
                532,
                731,
                436,
                607,
                327,
                510,
                762,
                722,
                536,
                626,
                776,
                526,
                130,
                886,
                893,
                314,
                511,
                394,
                995,
                807,
                20,
                961,
                880,
                913,
                894,
                3,
                734,
                728,
                415,
                521,
                165,
                879,
                29,
                373,
                874,
                274,
                903,
                191,
                906,
                363,
                296,
                794,
                361,
                193,
                199,
                751,
                34,
                756,
                258,
                591,
                248,
                930,
                801,
                632,
                175,
                275,
                579,
                230,
                269,
                24,
                50,
                822,
                900,
                600,
                970,
                675,
                998,
                979,
                923,
                207,
                499,
                691,
                19,
                856,
                278,
                723,
                963,
                139,
                848,
                613,
                472,
                765,
                388,
                108,
                315,
                213,
                113,
                795,
                547,
                249,
                466,
                973,
                268,
                233,
                225,
                957,
                761,
                706,
                965,
                70,
                65,
                98,
                8,
                358,
                597,
                969,
                834,
                163,
                770,
                347,
                142,
                989,
                981,
                887,
                330,
                608,
                527,
                171,
                294,
                854,
                477,
                219,
                345,
                16,
                341,
                789,
                725,
                703,
                396,
                121,
                634,
                456,
                149,
                865,
                580,
                492,
                52,
                255,
                819,
                978,
                592,
                214,
                371,
                861,
                418,
                766,
                256,
                690,
                702,
                523,
                565,
                643,
                917,
                525,
                378,
                884,
                439,
                652,
                862,
                128,
                928,
                581,
                768,
                384,
                680,
                655,
                615,
                318,
                823,
                83,
                79,
                609,
                611,
                732,
                211,
                859,
                802,
                873,
                282,
                420,
                824,
                584,
                406,
                699,
                769,
                298,
                799,
                377,
                760,
                656,
                947,
                771,
                266,
                939,
                482,
                850,
                279,
                35,
                711,
                929,
                786,
                430,
                89,
                68,
                855,
                648,
                916,
                509,
                441,
                153,
                568,
                88,
                570,
                352,
                669,
                487,
                659,
                469,
                112,
                455,
                820,
                150,
                780,
                534,
                179,
                293,
                281,
                586,
                458,
                160,
                991,
                270,
                812,
                993,
                143,
                201,
                946,
                810,
                426,
                638,
                783,
                399,
                454,
                498,
                931,
                764,
                977,
                114,
                263,
                152,
                853,
                295,
                808,
                501,
                602,
                209,
                556,
                938,
                595,
                758,
                872,
                452,
                220,
                502,
                980,
                450,
                212,
                582,
                596,
                503,
                285,
                305,
                804,
                744,
                827,
                548,
                48,
                186,
                69,
                867,
                814,
                313,
                553,
                166,
                102,
                967,
                159,
                145,
                99,
                265,
                176,
                182,
                857,
                520,
                667,
                300,
                141,
                431,
                589,
                479,
                42,
                713,
                428,
                549,
                200,
                679,
                935,
                462,
                372,
                365,
                821,
                301,
                338,
                133,
                730,
                683,
                500,
                997,
                28,
                721,
                448,
                37,
                77,
                2,
                493,
                217,
                588,
                322,
                115,
                170,
                654,
                169,
                514,
                488,
                755,
                95,
                44,
                280,
                392,
                486,
                909,
                138,
                74,
                58,
                990,
                326,
                453,
                830,
                575,
                232,
                512,
                612,
                620,
                538,
                542,
                517,
                781,
                904,
                660,
                641,
                422,
                134,
                567,
                417,
                617,
                21,
                123,
                402,
                835,
                950,
                136,
                264,
                996,
                126,
                897,
                622,
                558,
                791,
                984,
                678,
                401,
                32,
                72,
                735,
                109,
                51,
                895,
                645,
                156,
                952,
                562,
                539,
                337,
                966,
                321,
                644,
                653,
                594,
                385,
                629,
                914,
                178,
                1000,
                414,
                936,
                682,
                403,
                846,
                107,
                767,
                720,
                944,
                793,
                785,
                73,
                38,
                260,
                945,
                858,
                464,
                484,
                362,
                892,
                796,
                971,
                26,
                666,
                623,
                416,
                910,
                956,
                896,
                494,
                674,
                891,
                323,
                790,
                483,
                369,
                13,
                742,
                519,
                937,
                925,
                515,
                438,
                173,
                624,
                433,
                828,
                82,
                974,
                836,
                148,
                64,
                155,
                792,
                194,
                976,
                531,
                325,
                636,
                958,
                908,
                180,
                39,
                685,
                647,
                851,
                467,
                921,
                688,
                701,
                405,
                576,
                87,
                459,
                412,
                943,
                267,
                297,
                110,
                259,
                528,
                813,
                0,
                226,
                522,
                468,
                376,
                245,
                304,
                687,
                289,
                31,
                574,
                228,
                806,
                144,
                184,
                518,
                964,
                899,
                27,
                190,
                774,
                932,
                116,
                918,
                999,
                393,
                838,
                423,
                590,
                364,
                379,
                6,
                335,
                907,
                805,
                551,
                672,
                471,
                120,
                803,
                340,
                478,
                84,
                714,
                310,
                485,
                261,
                940,
                983,
                784,
                569,
                272,
                36,
                782,
                883,
                189,
                253,
                831,
                763,
                419,
                743,
                287,
                375,
                704,
                628,
                489,
                292,
                76,
                544,
                561,
                61,
                311,
                927,
                339,
                557,
                463,
                888,
                243,
                593,
                972,
                370,
                181,
                942,
                847,
                606,
                693,
                630,
                737,
                307,
                53,
                919,
                391,
                397,
                381,
                446,
                117,
                100,
                817,
                447,
                408,
                779,
                106,
                67,
                174,
                92,
                603,
                992,
                342,
                124,
                104,
                905,
                818,
                954,
                60,
                97,
                41,
                740,
                610,
                881,
                718,
                85,
                366,
                719,
                177,
                775,
                639,
                437,
                158,
                244,
                188,
                496,
                367,
                698,
                535,
                250,
                4,
                161,
                291,
                227,
                863,
                206,
                545,
                750,
                12,
                543,
                386,
                284,
                71,
                668,
                710,
                81,
                355,
                119,
                864,
                749,
                481,
                17,
                975,
                198,
                238,
                753,
                208,
                724,
                460,
                374,
                328,
                404,
                90,
                434,
                210,
                712,
                700,
                572,
                618,
                960,
                286,
                146,
                332,
                131,
                33,
                986,
                797,
                22,
                516,
                14,
                773,
                540,
                555,
                573,
                787,
                461,
                885,
                390,
                40,
                546,
                559,
                741,
                162,
                43,
                319,
                777,
                251,
                625,
                566,
                75,
                421,
                811,
                218,
                410,
                677,
                598,
                849,
                427,
                80,
                933,
                686,
                604,
                235,
                440,
                470,
                651,
                681,
                30,
                360,
                0,
                662,
                18,
                331,
                46,
                277,
                288,
                204,
                356,
                47,
                665,
                320,
                684,
                778,
                129,
                316,
                552,
                816,
                866,
                726,
                185,
                187,
                841,
                948,
                49,
                747,
                346,
                694,
                480,
                670,
                754,
                10,
                11,
                922,
                736,
                815,
                601,
                833,
                832,
                273,
                798,
                449,
                432,
                239,
                380,
                137,
                465,
                959,
                168,
                242,
                308,
                111,
                868,
                357,
                443,
                7,
                125,
                533,
                709,
                705,
                587,
                203,
                435,
                497,
                103,
                733,
                132,
                400,
                491,
                530,
                262,
                882,
                717,
                953,
                25,
                934,
                869,
                257,
                55,
                689,
                695,
                413,
                353,
                649,
                57,
                560,
                614,
                205,
                554,
                154,
                912,
                920,
                336,
                229,
                495,
                127,
                890,
                164,
                105,
                627,
                59,
                299,
                303,
                637,
                457,
                223,
                949,
                673,
                348,
                271,
                692,
                302,
                968,
                101,
                745,
                506,
                825,
                197,
                852,
                982,
                216,
                398,
                941,
                889,
                56,
                563,
                661,
                505,
                254,
                915,
                605,
                696,
                196,
                697,
                537,
                147,
                926,
                290,
                93,
                985,
                246,
                640,
                875,
                844,
                541,
                513,
                676,
                349,
                951,
                578,
                898,
                276,
                585,
                135,
                577,
                845,
                383,
                635,
                772,
                334,
                389,
                283,
                306,
                616,
                324,
                911,
                843,
                508,
                475,
                752,
                663,
                15,
                738,
                759,
                507,
                646,
                9,
                729,
                962,
                524,
                924,
                94,
                351,
                252,
                192,
                633,
                800,
                78,
                309,
                167,
                716,
                564,
                5,
                809,
                642,
                221,
                63,
                183,
                658,
                442,
                839,
                788,
                195,
                671,
                657,
                409,
                840,
                877,
                715,
                387,
                994,
                424,
                237,
                140,
                727,
                599,
                329,
                350,
                333,
                757,
                411,
                240,
                826,
                707,
                62,
                1
            ]
        }
    },
    "steps": {
        "0": 625820120,
        "1": 625815431,
        "2": 625809711,
        "3": 615669564,
        "4": 615663526,
        "5": 615655428,
        "6": 615644996,
        "7": 615642370
    },
    "timeout": 6
}