{
    "config": {
        "allow_infeasible": true,
        "bvns_max_k": 8,
        "bvns_min_k": 3,
        "construction": "random",
        "local_search": "RVND",
        "metaheuristic": "BVNS",
        "num_threads": 8,
        "operators": [
            "insert_1",
            "remove_1",
            "two_opt",
            "exchange_ids",
            "exchange_1_1",
            "exchange_1_2",
            "exchange_2_3",
            "exchange_2_4",
            "exchange_3_3",
            "exchange_3_4",
            "rexchange_1_2",
            "centered_exchange_1",
            "centered_exchange_2",
            "centered_exchange_3",
            "centered_exchange_4",
            "relocate_5",
            "rrelocate_2",
            "rrelocate_3",
            "rrelocate_5",
            "move_all_by_2",
            "move_all_by_3",
            "move_all_by_4"
        ],
        "perturbation": [
            "random_double_bridge"
        ],
        "timeout": 6
    },
    "histogram": {
        "all": {
            "centered_exchange_1": 1,
            "centered_exchange_2": 1,
            "centered_exchange_3": 1,
            "centered_exchange_4": 2,
            "exchange_1_1": 1,
            "exchange_1_2": 1,
            "exchange_2_3": 1,
            "exchange_2_4": 1,
            "exchange_3_3": 1,
            "exchange_3_4": 1,
            "exchange_ids": 2,
            "insert_1": 1,
            "move_all_by_2": 1,
            "move_all_by_3": 1,
            "move_all_by_4": 1,
            "relocate_5": 1,
            "remove_1": 1,
            "rexchange_1_2": 2,
            "rrelocate_2": 1,
            "rrelocate_3": 1,
            "rrelocate_5": 1,
            "two_opt": 1
        },
        "improving": {
            "centered_exchange_1": 1,
            "centered_exchange_2": 1,
            "centered_exchange_3": 1,
            "centered_exchange_4": 2,
            "exchange_1_1": 1,
            "exchange_1_2": 1,
            "exchange_2_3": 1,
            "exchange_2_4": 1,
            "exchange_3_3": 1,
            "exchange_3_4": 1,
            "exchange_ids": 2,
            "insert_1": 1,
            "move_all_by_2": 1,
            "move_all_by_3": 1,
            "move_all_by_4": 1,
            "relocate_5": 1,
            "remove_1": 0,
            "rexchange_1_2": 2,
            "rrelocate_2": 1,
            "rrelocate_3": 1,
            "rrelocate_5": 1,
            "two_opt": 1
        },
        "rate": {
            "centered_exchange_1": 1.0,
            "centered_exchange_2": 1.0,
            "centered_exchange_3": 1.0,
            "centered_exchange_4": 1.0,
            "exchange_1_1": 1.0,
            "exchange_1_2": 1.0,
            "exchange_2_3": 1.0,
            "exchange_2_4": 1.0,
            "exchange_3_3": 1.0,
            "exchange_3_4": 1.0,
            "exchange_ids": 1.0,
            "insert_1": 1.0,
            "move_all_by_2": 1.0,
            "move_all_by_3": 1.0,
            "move_all_by_4": 1.0,
            "relocate_5": 1.0,
            "remove_1": 0.0,
            "rexchange_1_2": 1.0,
            "rrelocate_2": 1.0,
            "rrelocate_3": 1.0,
            "rrelocate_5": 1.0,
            "two_opt": 1.0
        }
    },
    "last_improvement": 7,
    "name": "cvrp-X-n1001-k43.xml",
    "solution": {
        "solution": {
            "fitness": 615627812,
            "is_feasible": false,
            "permutation": [
                564,
                989,
                906,
                291,
                417,
                249,
                618,
                220,
                574,
                834,
                706,
                2,
                736,
                524,
                771,
                111,
                193,
                666,
                9,
                543,
                339,
                891,
                581,
                200,
                328,
                222,
                746,
                757,
                847,
                955,
                682,
                860,
                553,
                354,
                408,
                168,
                652,
                663,
                181,
                783,
                962,
                986,
                720,
                425,
                849,
                442,
                304,
                565,
                852,
                473,
                358,
                892,
                786,
                455,
                109,
                384,
                462,
                508,
                469,
                841,
                576,
                154,
                794,
                114,
                651,
                809,
                361,
                804,
                231,
                909,
                967,
                960,
                293,
                135,
                284,
                755,
                787,
                454,
                262,
                496,
                185,
                397,
                341,
                319,
                16,
                457,
                345,
                156,
                424,
                525,
                170,
                106,
                388,
                448,
                573,
                105,
                708,
                796,
                764,
                977,
                518,
                562,
                184,
                275,
                907,
                664,
                532,
                762,
                70,
                738,
                129,
                685,
                888,
                29,
                364,
                254,
                306,
                422,
                925,
                619,
                34,
                526,
                394,
                160,
                935,
                533,
                774,
                215,
                699,
                36,
                164,
                58,
                117,
                747,
                98,
                479,
                107,
                82,
                922,
                535,
                303,
                983,
                624,
                589,
                635,
                55,
                301,
                777,
                90,
                585,
                382,
                802,
                843,
                79,
                281,
                668,
                238,
                395,
                127,
                923,
                766,
                427,
                218,
                264,
                314,
                506,
                330,
                4,
                19,
                315,
                186,
                138,
                790,
                985,
                606,
                505,
                871,
                248,
                202,
                918,
                867,
                919,
                914,
                686,
                932,
                588,
                477,
                189,
                464,
                625,
                226,
                905,
                146,
                128,
                772,
                798,
                78,
                670,
                819,
                542,
                213,
                227,
                115,
                197,
                216,
                40,
                471,
                695,
                323,
                392,
                120,
                829,
                434,
                52,
                951,
                704,
                187,
                623,
                463,
                675,
                893,
                958,
                155,
                179,
                611,
                859,
                495,
                11,
                499,
                729,
                617,
                613,
                360,
                571,
                662,
                603,
                969,
                998,
                401,
                548,
                608,
                352,
                597,
                510,
                302,
                727,
                638,
                234,
                908,
                698,
                978,
                648,
                572,
                344,
                158,
                48,
                80,
                30,
                459,
                335,
                636,
                994,
                569,
                744,
                351,
                940,
                538,
                767,
                792,
                982,
                241,
                357,
                629,
                661,
                42,
                857,
                997,
                945,
                521,
                941,
                643,
                299,
                984,
                367,
                803,
                844,
                349,
                653,
                687,
                556,
                503,
                575,
                74,
                824,
                327,
                166,
                258,
                102,
                273,
                933,
                523,
                161,
                3,
                690,
                452,
                627,
                390,
                483,
                491,
                26,
                671,
                307,
                15,
                399,
                577,
                632,
                561,
                488,
                805,
                84,
                701,
                83,
                959,
                870,
                596,
                272,
                460,
                559,
                833,
                728,
                743,
                337,
                825,
                445,
                737,
                45,
                754,
                837,
                7,
                175,
                174,
                838,
                492,
                259,
                656,
                461,
                407,
                465,
                421,
                192,
                641,
                235,
                631,
                271,
                41,
                943,
                294,
                913,
                970,
                182,
                979,
                598,
                876,
                243,
                159,
                734,
                551,
                437,
                366,
                894,
                522,
                749,
                446,
                879,
                855,
                199,
                56,
                614,
                196,
                20,
                255,
                840,
                567,
                435,
                609,
                438,
                775,
                541,
                27,
                118,
                740,
                433,
                705,
                814,
                224,
                981,
                374,
                768,
                0,
                590,
                97,
                447,
                474,
                644,
                244,
                137,
                257,
                607,
                839,
                440,
                797,
                426,
                689,
                400,
                171,
                633,
                735,
                498,
                50,
                167,
                177,
                769,
                402,
                53,
                601,
                654,
                850,
                143,
                205,
                101,
                580,
                121,
                201,
                547,
                436,
                300,
                937,
                405,
                845,
                132,
                514,
                665,
                71,
                793,
                880,
                700,
                502,
                658,
                602,
                149,
                605,
                785,
                62,
                346,
                411,
                252,
                999,
                490,
                931,
                645,
                204,
                980,
                269,
                693,
                550,
                22,
                482,
                761,
                221,
                14,
                718,
                926,
                130,
                451,
                183,
                992,
                239,
                123,
                899,
                265,
                103,
                8,
                320,
                513,
                673,
                944,
                516,
                730,
                733,
                714,
                285,
                481,
                64,
                467,
                539,
                966,
                760,
                458,
                630,
                476,
                207,
                642,
                39,
                373,
                342,
                376,
                770,
                228,
                214,
                678,
                468,
                60,
                162,
                406,
                387,
                431,
                263,
                236,
                723,
                739,
                862,
                375,
                163,
                172,
                534,
                246,
                864,
                31,
                141,
                599,
                752,
                872,
                836,
                133,
                928,
                863,
                240,
                781,
                626,
                929,
                494,
                911,
                990,
                897,
                355,
                560,
                389,
                823,
                478,
                386,
                995,
                456,
                152,
                430,
                420,
                274,
                282,
                620,
                43,
                206,
                782,
                67,
                949,
                72,
                1000,
                968,
                659,
                113,
                885,
                517,
                188,
                634,
                647,
                655,
                267,
                131,
                140,
                296,
                971,
                529,
                410,
                180,
                827,
                584,
                696,
                169,
                340,
                519,
                640,
                209,
                861,
                277,
                570,
                279,
                46,
                877,
                788,
                748,
                472,
                660,
                716,
                650,
                882,
                507,
                280,
                500,
                157,
                86,
                583,
                692,
                939,
                65,
                287,
                566,
                884,
                912,
                910,
                694,
                988,
                377,
                604,
                253,
                110,
                73,
                87,
                817,
                702,
                96,
                851,
                77,
                807,
                961,
                0,
                414,
                799,
                707,
                680,
                531,
                116,
                831,
                311,
                811,
                501,
                679,
                835,
                818,
                266,
                784,
                552,
                385,
                895,
                582,
                76,
                28,
                921,
                35,
                753,
                219,
                742,
                763,
                276,
                75,
                191,
                288,
                950,
                963,
                886,
                393,
                290,
                63,
                546,
                475,
                511,
                621,
                237,
                555,
                326,
                934,
                800,
                10,
                900,
                310,
                54,
                646,
                854,
                868,
                44,
                18,
                24,
                211,
                270,
                545,
                33,
                858,
                190,
                725,
                527,
                669,
                874,
                232,
                830,
                936,
                88,
                412,
                396,
                415,
                710,
                709,
                325,
                778,
                540,
                889,
                975,
                93,
                23,
                957,
                69,
                806,
                930,
                12,
                223,
                594,
                59,
                359,
                362,
                210,
                347,
                901,
                765,
                61,
                94,
                466,
                230,
                544,
                512,
                365,
                593,
                66,
                902,
                842,
                826,
                134,
                441,
                312,
                612,
                976,
                370,
                381,
                780,
                952,
                150,
                119,
                947,
                289,
                987,
                684,
                865,
                779,
                750,
                751,
                443,
                139,
                816,
                112,
                439,
                286,
                32,
                991,
                305,
                832,
                691,
                795,
                278,
                657,
                741,
                965,
                313,
                504,
                578,
                681,
                173,
                881,
                917,
                878,
                418,
                896,
                217,
                124,
                343,
                915,
                904,
                350,
                145,
                822,
                404,
                487,
                595,
                322,
                292,
                203,
                247,
                821,
                212,
                683,
                996,
                731,
                515,
                493,
                295,
                672,
                151,
                972,
                260,
                165,
                92,
                89,
                409,
                100,
                321,
                676,
                308,
                49,
                356,
                17,
                194,
                126,
                195,
                379,
                856,
                298,
                628,
                208,
                423,
                251,
                353,
                429,
                712,
                721,
                413,
                318,
                91,
                600,
                363,
                51,
                756,
                610,
                536,
                791,
                820,
                828,
                391,
                104,
                554,
                148,
                887,
                924,
                25,
                973,
                637,
                558,
                592,
                122,
                713,
                954,
                416,
                667,
                745,
                95,
                13,
                846,
                331,
                758,
                927,
                338,
                333,
                369,
                153,
                776,
                329,
                808,
                801,
                256,
                108,
                334,
                470,
                261,
                324,
                480,
                726,
                591,
                938,
                68,
                903,
                773,
                1,
                530,
                348,
                890,
                953,
                587,
                403,
                732,
                916,
                722,
                37,
                964,
                873,
                380,
                368,
                178,
                688,
                378,
                142,
                853,
                5,
                309,
                268,
                47,
                579,
                946,
                85,
                586,
                622,
                717,
                616,
                568,
                848,
                974,
                245,
                229,
                233,
                125,
                789,
                815,
                450,
                428,
                297,
                198,
                869,
                703,
                486,
                528,
                250,
                444,
                57,
                383,
                336,
                810,
                520,
                316,
                509,
                283,
                38,
                144,
                81,
                497,
                639,
                759,
                136,
                176,
                719,
                898,
                432,
                485,
                99,
                615,
                715,
                537,
                484,
                371,
                419,
                449,
                677,
                398,
                812,
                711,
                332,
                697,
                225,
                948,
                563,
                453,
                489,
                372,
                147,
                649,
                883,
                942,
                956,
                813,
                875,
                549,
                6,
                866,
                674,
                724,
                317,
                242,
                557,
                920,
                993,
                21
            ]
        }
    },
    "steps": {
        "0": 625809952,
        "1": 625798595,
        "2": 625794540,
        "3": 625786699,
        "4": 625777444,
        "5": 625771501,
        "6": 615630584,
        "7": 615627812
    },
    "timeout": 6
}