{
    "config": {
        "allow_infeasible": true,
        "bvns_max_k": 8,
        "bvns_min_k": 3,
        "construction": "random",
        "local_search": "RVND",
        "metaheuristic": "BVNS",
        "num_threads": 8,
        "operators": [
            "insert_1",
            "remove_1",
            "two_opt",
            "exchange_ids",
            "exchange_1_1",
            "exchange_1_2",
            "exchange_2_3",
            "exchange_2_4",
            "exchange_3_3",
            "exchange_3_4",
            "rexchange_1_2",
            "centered_exchange_1",
            "centered_exchange_2",
            "centered_exchange_3",
            "centered_exchange_4",
            "relocate_5",
            "rrelocate_2",
            "rrelocate_3",
            "rrelocate_5",
            "move_all_by_2",
            "move_all_by_3",
            "move_all_by_4"
        ],
        "perturbation": [
            "random_double_bridge"
        ],
        "timeout": 6
    },
    "histogram": {
        "all": {
            "centered_exchange_1": 1,
            "centered_exchange_2": 2,
            "centered_exchange_3": 1,
            "centered_exchange_4": 2,
            "exchange_1_1": 2,
            "exchange_1_2": 1,
            "exchange_2_3": 1,
            "exchange_2_4": 1,
            "exchange_3_3": 1,
            "exchange_3_4": 2,
            "exchange_ids": 1,
            "insert_1": 1,
            "move_all_by_2": 1,
            "move_all_by_3": 1,
            "move_all_by_4": 1,
            "relocate_5": 1,
            "remove_1": 1,
            "rexchange_1_2": 1,
            "rrelocate_2": 1,
            "rrelocate_3": 1,
            "rrelocate_5": 1,
            "two_opt": 2
        },
        "improving": {
            "centered_exchange_1": 1,
            "centered_exchange_2": 2,
            "centered_exchange_3": 1,
            "centered_exchange_4": 2,
            "exchange_1_1": 2,
            "exchange_1_2": 1,
            "exchange_2_3": 1,
            "exchange_2_4": 1,
            "exchange_3_3": 1,
            "exchange_3_4": 2,
            "exchange_ids": 1,
            "insert_1": 1,
            "move_all_by_2": 1,
            "move_all_by_3": 1,
            "move_all_by_4": 1,
            "relocate_5": 1,
            "remove_1": 0,
            "rexchange_1_2": 1,
            "rrelocate_2": 1,
            "rrelocate_3": 1,
            "rrelocate_5": 1,
            "two_opt": 2
        },
        "rate": {
            "centered_exchange_1": 1.0,
            "centered_exchange_2": 1.0,
            "centered_exchange_3": 1.0,
            "centered_exchange_4": 1.0,
            "exchange_1_1": 1.0,
            "exchange_1_2": 1.0,
            "exchange_2_3": 1.0,
            "exchange_2_4": 1.0,
            "exchange_3_3": 1.0,
            "exchange_3_4": 1.0,
            "exchange_ids": 1.0,
            "insert_1": 1.0,
            "move_all_by_2": 1.0,
            "move_all_by_3": 1.0,
            "move_all_by_4": 1.0,
            "relocate_5": 1.0,
            "remove_1": 0.0,
            "rexchange_1_2": 1.0,
            "rrelocate_2": 1.0,
            "rrelocate_3": 1.0,
            "rrelocate_5": 1.0,
            "two_opt": 1.0
        }
    },
    "last_improvement": 7,
    "name": "cvrp-X-n1001-k43.xml",
    "solution": {
        "solution": {
            "fitness": 615628952,
            "is_feasible": false,
            "permutation": [
                402,
                601,
                896,
                864,
                555,
                862,
                373,
                595,
                729,
                897,
                730,
                150,
                701,
                277,
                785,
                367,
                936,
                821,
                135,
                767,
                460,
                931,
                237,
                534,
                516,
                868,
                239,
                234,
                347,
                686,
                731,
                893,
                605,
                183,
                747,
                296,
                818,
                492,
                52,
                727,
                353,
                640,
                320,
                374,
                211,
                906,
                307,
                487,
                269,
                904,
                543,
                464,
                750,
                912,
                220,
                579,
                667,
                950,
                93,
                120,
                349,
                359,
                1000,
                201,
                509,
                659,
                856,
                179,
                551,
                740,
                922,
                689,
                112,
                932,
                830,
                801,
                29,
                846,
                70,
                738,
                878,
                808,
                127,
                514,
                453,
                994,
                984,
                902,
                861,
                951,
                657,
                330,
                802,
                536,
                841,
                398,
                271,
                251,
                998,
                809,
                714,
                191,
                651,
                116,
                495,
                752,
                152,
                908,
                799,
                210,
                803,
                48,
                316,
                187,
                899,
                319,
                636,
                419,
                964,
                698,
                883,
                646,
                25,
                21,
                726,
                966,
                432,
                772,
                589,
                549,
                622,
                475,
                680,
                875,
                84,
                356,
                136,
                944,
                544,
                527,
                252,
                957,
                346,
                92,
                400,
                333,
                195,
                64,
                387,
                486,
                258,
                105,
                36,
                933,
                561,
                946,
                184,
                695,
                847,
                221,
                870,
                144,
                37,
                512,
                297,
                648,
                824,
                446,
                585,
                707,
                0,
                282,
                771,
                607,
                779,
                839,
                79,
                281,
                484,
                558,
                949,
                972,
                391,
                139,
                778,
                759,
                206,
                443,
                188,
                370,
                688,
                421,
                198,
                664,
                679,
                311,
                145,
                588,
                129,
                342,
                425,
                385,
                737,
                832,
                925,
                429,
                552,
                378,
                124,
                586,
                850,
                389,
                638,
                735,
                286,
                763,
                749,
                26,
                170,
                559,
                86,
                672,
                694,
                568,
                125,
                287,
                409,
                11,
                310,
                72,
                991,
                303,
                989,
                166,
                426,
                160,
                470,
                645,
                428,
                159,
                852,
                598,
                452,
                833,
                259,
                393,
                151,
                528,
                212,
                368,
                990,
                819,
                101,
                662,
                335,
                988,
                681,
                332,
                51,
                266,
                825,
                837,
                376,
                670,
                658,
                18,
                254,
                363,
                845,
                531,
                386,
                666,
                490,
                372,
                9,
                351,
                572,
                720,
                50,
                224,
                519,
                456,
                754,
                573,
                326,
                985,
                643,
                641,
                122,
                113,
                461,
                992,
                781,
                663,
                981,
                103,
                306,
                977,
                508,
                97,
                500,
                562,
                499,
                16,
                654,
                693,
                205,
                530,
                476,
                708,
                642,
                997,
                383,
                104,
                924,
                615,
                405,
                121,
                671,
                532,
                230,
                238,
                423,
                979,
                226,
                328,
                354,
                395,
                30,
                848,
                633,
                358,
                712,
                255,
                157,
                137,
                247,
                970,
                361,
                520,
                687,
                653,
                929,
                308,
                649,
                379,
                168,
                288,
                410,
                535,
                766,
                865,
                773,
                554,
                945,
                710,
                325,
                13,
                204,
                798,
                920,
                309,
                463,
                855,
                603,
                851,
                958,
                318,
                301,
                40,
                483,
                163,
                907,
                820,
                59,
                10,
                96,
                396,
                329,
                637,
                613,
                811,
                816,
                90,
                967,
                440,
                118,
                770,
                140,
                507,
                567,
                794,
                505,
                337,
                810,
                986,
                917,
                290,
                947,
                506,
                927,
                526,
                884,
                791,
                892,
                241,
                214,
                575,
                73,
                404,
                629,
                272,
                107,
                502,
                733,
                216,
                473,
                719,
                996,
                854,
                566,
                597,
                1,
                777,
                458,
                881,
                265,
                44,
                723,
                55,
                469,
                177,
                894,
                718,
                569,
                625,
                722,
                807,
                928,
                571,
                82,
                352,
                711,
                24,
                973,
                69,
                995,
                482,
                764,
                755,
                742,
                523,
                4,
                608,
                960,
                885,
                953,
                797,
                501,
                859,
                504,
                887,
                322,
                246,
                692,
                828,
                522,
                406,
                736,
                134,
                174,
                488,
                47,
                364,
                956,
                77,
                345,
                339,
                905,
                630,
                715,
                109,
                674,
                776,
                843,
                556,
                5,
                294,
                717,
                74,
                66,
                102,
                594,
                75,
                268,
                635,
                229,
                233,
                32,
                795,
                959,
                186,
                901,
                942,
                46,
                765,
                583,
                609,
                366,
                982,
                192,
                691,
                19,
                533,
                866,
                882,
                243,
                728,
                682,
                886,
                600,
                491,
                39,
                871,
                249,
                117,
                291,
                228,
                895,
                227,
                284,
                278,
                143,
                245,
                479,
                626,
                529,
                317,
                804,
                725,
                98,
                565,
                161,
                498,
                628,
                413,
                786,
                365,
                131,
                669,
                449,
                961,
                724,
                563,
                83,
                647,
                128,
                236,
                652,
                592,
                261,
                371,
                412,
                27,
                28,
                0,
                408,
                542,
                835,
                834,
                465,
                739,
                65,
                56,
                146,
                14,
                874,
                826,
                85,
                880,
                644,
                411,
                430,
                31,
                496,
                721,
                235,
                162,
                805,
                915,
                537,
                872,
                713,
                903,
                538,
                677,
                768,
                88,
                817,
                279,
                61,
                987,
                580,
                213,
                298,
                434,
                344,
                209,
                275,
                336,
                123,
                158,
                540,
                940,
                639,
                324,
                812,
                971,
                941,
                550,
                185,
                448,
                938,
                300,
                793,
                829,
                108,
                312,
                149,
                769,
                840,
                911,
                95,
                480,
                394,
                459,
                976,
                111,
                442,
                955,
                401,
                457,
                285,
                355,
                451,
                968,
                81,
                67,
                35,
                842,
                231,
                407,
                273,
                656,
                564,
                295,
                888,
                610,
                260,
                836,
                515,
                63,
                223,
                276,
                577,
                518,
                709,
                612,
                348,
                304,
                587,
                757,
                240,
                57,
                471,
                384,
                623,
                377,
                782,
                838,
                203,
                283,
                331,
                7,
                472,
                132,
                350,
                873,
                877,
                58,
                164,
                789,
                867,
                217,
                293,
                477,
                119,
                49,
                438,
                849,
                822,
                215,
                274,
                76,
                197,
                732,
                45,
                155,
                546,
                54,
                321,
                154,
                948,
                200,
                80,
                570,
                382,
                399,
                541,
                787,
                280,
                806,
                302,
                41,
                299,
                876,
                748,
                962,
                53,
                467,
                503,
                225,
                668,
                913,
                244,
                468,
                444,
                270,
                357,
                741,
                424,
                207,
                631,
                632,
                756,
                141,
                673,
                599,
                338,
                437,
                557,
                582,
                264,
                436,
                454,
                6,
                815,
                690,
                314,
                156,
                548,
                593,
                62,
                581,
                497,
                889,
                624,
                746,
                218,
                190,
                148,
                447,
                178,
                292,
                524,
                618,
                918,
                68,
                706,
                521,
                474,
                315,
                60,
                760,
                919,
                655,
                313,
                965,
                900,
                796,
                403,
                617,
                703,
                969,
                267,
                222,
                975,
                176,
                263,
                12,
                189,
                153,
                381,
                397,
                743,
                935,
                734,
                94,
                921,
                983,
                466,
                780,
                334,
                665,
                418,
                392,
                963,
                248,
                602,
                2,
                910,
                199,
                147,
                745,
                232,
                78,
                547,
                343,
                439,
                99,
                100,
                126,
                909,
                481,
                89,
                661,
                831,
                414,
                455,
                762,
                939,
                511,
                20,
                634,
                43,
                171,
                761,
                360,
                194,
                591,
                513,
                33,
                494,
                684,
                702,
                130,
                34,
                926,
                106,
                891,
                415,
                219,
                175,
                683,
                753,
                250,
                914,
                375,
                8,
                774,
                823,
                327,
                813,
                485,
                388,
                844,
                943,
                193,
                853,
                700,
                545,
                489,
                38,
                790,
                890,
                574,
                980,
                202,
                110,
                934,
                784,
                783,
                800,
                792,
                650,
                827,
                450,
                510,
                323,
                590,
                445,
                462,
                17,
                699,
                696,
                616,
                553,
                999,
                517,
                362,
                705,
                369,
                814,
                433,
                42,
                114,
                697,
                256,
                660,
                289,
                525,
                596,
                435,
                620,
                340,
                751,
                578,
                493,
                478,
                133,
                182,
                427,
                621,
                431,
                172,
                22,
                91,
                993,
                262,
                173,
                169,
                422,
                115,
                676,
                678,
                898,
                937,
                614,
                857,
                611,
                627,
                604,
                257,
                675,
                716,
                978,
                952,
                858,
                390,
                167,
                619,
                930,
                860,
                744,
                242,
                23,
                560,
                196,
                758,
                305,
                775,
                181,
                954,
                138,
                142,
                416,
                420,
                869,
                253,
                606,
                15,
                576,
                788,
                165,
                923,
                71,
                685,
                441,
                704,
                208,
                539,
                180,
                863,
                584,
                341,
                879,
                3,
                380,
                87,
                916,
                417,
                974
            ]
        }
    },
    "steps": {
        "0": 625808177,
        "1": 625798854,
        "2": 625792761,
        "3": 625787442,
        "4": 625776489,
        "5": 615641276,
        "6": 615630693,
        "7": 615628952
    },
    "timeout": 6
}