{
    "config": {
        "allow_infeasible": true,
        "bvns_max_k": 8,
        "bvns_min_k": 3,
        "construction": "random",
        "local_search": "RVND",
        "metaheuristic": "BVNS",
        "num_threads": 8,
        "operators": [
            "insert_1",
            "remove_1",
            "two_opt",
            "exchange_ids",
            "exchange_1_1",
            "exchange_1_2",
            "exchange_2_3",
            "exchange_2_4",
            "exchange_3_3",
            "exchange_3_4",
            "rexchange_1_2",
            "centered_exchange_1",
            "centered_exchange_2",
            "centered_exchange_3",
            "centered_exchange_4",
            "relocate_5",
            "rrelocate_2",
            "rrelocate_3",
            "rrelocate_5",
            "move_all_by_2",
            "move_all_by_3",
            "move_all_by_4"
        ],
        "perturbation": [
            "random_double_bridge"
        ],
        "timeout": 6
    },
    "histogram": {
        "all": {
            "centered_exchange_1": 1,
            "centered_exchange_2": 1,
            "centered_exchange_3": 1,
            "centered_exchange_4": 2,
            "exchange_1_1": 1,
            "exchange_1_2": 2,
            "exchange_2_3": 1,
            "exchange_2_4": 1,
            "exchange_3_3": 1,
            "exchange_3_4": 1,
            "exchange_ids": 1,
            "insert_1": 1,
            "move_all_by_2": 1,
            "move_all_by_3": 1,
            "move_all_by_4": 1,
            "relocate_5": 1,
            "remove_1": 1,
            "rexchange_1_2": 1,
            "rrelocate_2": 1,
            "rrelocate_3": 1,
            "rrelocate_5": 2,
            "two_opt": 1
        },
        "improving": {
            "centered_exchange_1": 1,
            "centered_exchange_2": 1,
            "centered_exchange_3": 1,
            "centered_exchange_4": 2,
            "exchange_1_1": 1,
            "exchange_1_2": 2,
            "exchange_2_3": 1,
            "exchange_2_4": 1,
            "exchange_3_3": 1,
            "exchange_3_4": 1,
            "exchange_ids": 1,
            "insert_1": 1,
            "move_all_by_2": 1,
            "move_all_by_3": 1,
            "move_all_by_4": 1,
            "relocate_5": 1,
            "remove_1": 0,
            "rexchange_1_2": 1,
            "rrelocate_2": 1,
            "rrelocate_3": 1,
            "rrelocate_5": 2,
            "two_opt": 1
        },
        "rate": {
            "centered_exchange_1": 1.0,
            "centered_exchange_2": 1.0,
            "centered_exchange_3": 1.0,
            "centered_exchange_4": 1.0,
            "exchange_1_1": 1.0,
            "exchange_1_2": 1.0,
            "exchange_2_3": 1.0,
            "exchange_2_4": 1.0,
            "exchange_3_3": 1.0,
            "exchange_3_4": 1.0,
            "exchange_ids": 1.0,
            "insert_1": 1.0,
            "move_all_by_2": 1.0,
            "move_all_by_3": 1.0,
            "move_all_by_4": 1.0,
            "relocate_5": 1.0,
            "remove_1": 0.0,
            "rexchange_1_2": 1.0,
            "rrelocate_2": 1.0,
            "rrelocate_3": 1.0,
            "rrelocate_5": 1.0,
            "two_opt": 1.0
        }
    },
    "last_improvement": 7,
    "name": "cvrp-X-n1001-k43.xml",
    "solution": {
        "solution": {
            "fitness": 615620337,
            "is_feasible": false,
            "permutation": [
                397,
                672,
                749,
                851,
                173,
                184,
                393,
                296,
                307,
                499,
                629,
                964,
                273,
                435,
                935,
                403,
                834,
                476,
                632,
                267,
                445,
                386,
                565,
                198,
                659,
                991,
                168,
                960,
                5,
                550,
                10,
                763,
                488,
                603,
                679,
                905,
                490,
                879,
                16,
                378,
                318,
                931,
                211,
                143,
                337,
                455,
                922,
                829,
                438,
                530,
                208,
                979,
                353,
                602,
                644,
                13,
                260,
                223,
                944,
                218,
                114,
                517,
                611,
                704,
                251,
                92,
                805,
                857,
                79,
                94,
                569,
                449,
                799,
                187,
                542,
                489,
                783,
                175,
                230,
                316,
                613,
                447,
                112,
                894,
                738,
                157,
                581,
                559,
                529,
                191,
                313,
                977,
                680,
                33,
                462,
                886,
                843,
                789,
                274,
                624,
                525,
                334,
                320,
                65,
                507,
                949,
                414,
                460,
                248,
                29,
                973,
                351,
                714,
                54,
                883,
                155,
                816,
                282,
                822,
                475,
                206,
                578,
                729,
                556,
                325,
                360,
                650,
                513,
                735,
                537,
                649,
                953,
                609,
                87,
                925,
                341,
                862,
                49,
                165,
                163,
                764,
                910,
                691,
                543,
                12,
                310,
                963,
                276,
                839,
                324,
                539,
                853,
                985,
                580,
                398,
                303,
                835,
                394,
                942,
                90,
                904,
                563,
                528,
                788,
                197,
                71,
                281,
                451,
                638,
                243,
                51,
                279,
                637,
                546,
                536,
                161,
                110,
                333,
                610,
                514,
                496,
                374,
                751,
                38,
                209,
                690,
                41,
                927,
                845,
                201,
                120,
                434,
                297,
                427,
                1000,
                884,
                287,
                384,
                219,
                688,
                98,
                592,
                57,
                692,
                880,
                391,
                50,
                91,
                97,
                477,
                174,
                936,
                766,
                9,
                717,
                702,
                994,
                943,
                588,
                998,
                607,
                146,
                566,
                901,
                752,
                67,
                235,
                472,
                947,
                971,
                113,
                426,
                527,
                777,
                941,
                442,
                19,
                345,
                847,
                933,
                844,
                153,
                526,
                874,
                352,
                263,
                32,
                855,
                997,
                512,
                772,
                156,
                988,
                408,
                407,
                68,
                594,
                331,
                917,
                842,
                926,
                80,
                825,
                617,
                382,
                958,
                481,
                793,
                237,
                105,
                737,
                520,
                657,
                981,
                778,
                547,
                518,
                357,
                42,
                390,
                399,
                785,
                734,
                428,
                89,
                706,
                859,
                804,
                480,
                101,
                409,
                720,
                852,
                254,
                343,
                900,
                431,
                824,
                134,
                966,
                255,
                818,
                233,
                387,
                945,
                20,
                166,
                46,
                440,
                249,
                731,
                467,
                290,
                903,
                501,
                15,
                132,
                205,
                332,
                545,
                268,
                897,
                616,
                485,
                335,
                579,
                792,
                62,
                956,
                183,
                870,
                833,
                846,
                86,
                519,
                200,
                164,
                167,
                280,
                479,
                464,
                686,
                109,
                253,
                908,
                461,
                127,
                929,
                671,
                214,
                221,
                69,
                446,
                522,
                993,
                178,
                599,
                196,
                222,
                278,
                838,
                864,
                554,
                598,
                858,
                812,
                952,
                523,
                215,
                140,
                72,
                108,
                716,
                810,
                755,
                509,
                555,
                786,
                292,
                413,
                456,
                148,
                660,
                370,
                486,
                877,
                861,
                131,
                468,
                285,
                30,
                301,
                368,
                642,
                508,
                830,
                8,
                653,
                932,
                585,
                703,
                302,
                265,
                361,
                135,
                576,
                661,
                954,
                344,
                808,
                284,
                60,
                24,
                597,
                645,
                22,
                137,
                236,
                234,
                242,
                955,
                121,
                25,
                814,
                315,
                136,
                895,
                636,
                809,
                982,
                401,
                404,
                721,
                124,
                144,
                664,
                317,
                622,
                364,
                628,
                984,
                329,
                177,
                396,
                965,
                470,
                990,
                533,
                916,
                76,
                308,
                463,
                59,
                906,
                328,
                176,
                217,
                769,
                909,
                350,
                64,
                722,
                682,
                631,
                348,
                676,
                937,
                652,
                289,
                258,
                564,
                881,
                395,
                459,
                888,
                732,
                118,
                369,
                257,
                355,
                212,
                314,
                743,
                967,
                606,
                876,
                53,
                75,
                252,
                898,
                531,
                247,
                147,
                261,
                103,
                77,
                326,
                425,
                505,
                304,
                736,
                813,
                239,
                454,
                741,
                418,
                171,
                608,
                372,
                39,
                186,
                469,
                621,
                697,
                70,
                589,
                473,
                40,
                220,
                695,
                699,
                946,
                601,
                37,
                596,
                651,
                193,
                85,
                411,
                662,
                828,
                577,
                342,
                568,
                0,
                658,
                96,
                798,
                771,
                106,
                595,
                837,
                820,
                510,
                82,
                286,
                668,
                421,
                492,
                250,
                677,
                570,
                707,
                375,
                128,
                923,
                503,
                986,
                383,
                448,
                162,
                311,
                612,
                225,
                306,
                474,
                347,
                648,
                524,
                768,
                400,
                647,
                405,
                66,
                700,
                782,
                433,
                701,
                759,
                506,
                544,
                300,
                202,
                534,
                246,
                865,
                100,
                0,
                593,
                81,
                892,
                742,
                558,
                728,
                719,
                757,
                975,
                354,
                195,
                758,
                416,
                104,
                377,
                245,
                821,
                295,
                44,
                972,
                882,
                875,
                226,
                154,
                815,
                452,
                27,
                567,
                216,
                339,
                915,
                773,
                502,
                180,
                497,
                521,
                309,
                762,
                794,
                277,
                439,
                989,
                709,
                681,
                478,
                795,
                349,
                47,
                924,
                158,
                615,
                130,
                192,
                921,
                560,
                185,
                116,
                674,
                970,
                48,
                683,
                619,
                437,
                938,
                739,
                725,
                385,
                806,
                620,
                761,
                270,
                890,
                995,
                572,
                141,
                745,
                190,
                78,
                571,
                231,
                940,
                634,
                444,
                784,
                873,
                698,
                7,
                775,
                516,
                893,
                3,
                687,
                228,
                724,
                115,
                675,
                978,
                605,
                429,
                673,
                666,
                471,
                336,
                14,
                283,
                95,
                207,
                541,
                878,
                590,
                819,
                902,
                575,
                28,
                52,
                55,
                801,
                918,
                291,
                23,
                133,
                441,
                363,
                827,
                832,
                366,
                125,
                669,
                271,
                504,
                4,
                406,
                322,
                871,
                138,
                244,
                552,
                465,
                210,
                181,
                980,
                410,
                625,
                321,
                299,
                626,
                583,
                493,
                685,
                213,
                694,
                294,
                911,
                780,
                726,
                754,
                436,
                388,
                744,
                73,
                298,
                891,
                791,
                380,
                419,
                327,
                748,
                432,
                655,
                561,
                573,
                358,
                346,
                639,
                511,
                204,
                84,
                498,
                61,
                111,
                275,
                26,
                36,
                934,
                379,
                696,
                746,
                914,
                123,
                232,
                992,
                170,
                582,
                241,
                887,
                159,
                483,
                262,
                939,
                83,
                139,
                841,
                538,
                266,
                907,
                443,
                548,
                912,
                487,
                730,
                831,
                733,
                866,
                238,
                381,
                389,
                968,
                376,
                373,
                753,
                45,
                227,
                633,
                182,
                415,
                962,
                224,
                896,
                591,
                305,
                356,
                21,
                126,
                122,
                869,
                553,
                172,
                868,
                976,
                99,
                557,
                710,
                630,
                600,
                627,
                288,
                756,
                392,
                1,
                63,
                983,
                35,
                423,
                776,
                826,
                656,
                899,
                551,
                802,
                338,
                269,
                179,
                787,
                259,
                860,
                340,
                727,
                663,
                457,
                229,
                781,
                371,
                160,
                797,
                654,
                750,
                2,
                430,
                957,
                889,
                43,
                74,
                417,
                885,
                665,
                718,
                705,
                767,
                402,
                31,
                562,
                987,
                790,
                532,
                151,
                693,
                189,
                107,
                770,
                678,
                11,
                796,
                169,
                323,
                256,
                450,
                272,
                34,
                535,
                999,
                194,
                854,
                849,
                623,
                466,
                747,
                800,
                974,
                807,
                765,
                453,
                811,
                58,
                951,
                684,
                713,
                604,
                715,
                362,
                618,
                850,
                930,
                840,
                817,
                56,
                643,
                760,
                312,
                863,
                948,
                959,
                330,
                102,
                412,
                913,
                920,
                803,
                779,
                129,
                93,
                152,
                586,
                670,
                365,
                422,
                996,
                264,
                359,
                614,
                424,
                723,
                188,
                640,
                774,
                574,
                540,
                149,
                836,
                88,
                484,
                740,
                240,
                495,
                950,
                928,
                145,
                18,
                293,
                867,
                848,
                584,
                142,
                17,
                6,
                689,
                646,
                969,
                203,
                919,
                549,
                494,
                708,
                856,
                711,
                823,
                961,
                587,
                491,
                635,
                872,
                500,
                367,
                119,
                641,
                420,
                199,
                482,
                667,
                458,
                515,
                117,
                150,
                319,
                712
            ]
        }
    },
    "steps": {
        "0": 625794473,
        "1": 625789931,
        "2": 625784419,
        "3": 625777380,
        "4": 625770148,
        "5": 615632719,
        "6": 615622484,
        "7": 615620337
    },
    "timeout": 6
}