{
    "config": {
        "allow_infeasible": true,
        "bvns_max_k": 8,
        "bvns_min_k": 3,
        "construction": "random",
        "local_search": "RVND",
        "metaheuristic": "BVNS",
        "num_threads": 8,
        "operators": [
            "insert_1",
            "remove_1",
            "two_opt",
            "exchange_ids",
            "exchange_1_1",
            "exchange_1_2",
            "exchange_2_3",
            "exchange_2_4",
            "exchange_3_3",
            "exchange_3_4",
            "rexchange_1_2",
            "centered_exchange_1",
            "centered_exchange_2",
            "centered_exchange_3",
            "centered_exchange_4",
            "relocate_5",
            "rrelocate_2",
            "rrelocate_3",
            "rrelocate_5",
            "move_all_by_2",
            "move_all_by_3",
            "move_all_by_4"
        ],
        "perturbation": [
            "random_double_bridge"
        ],
        "timeout": 6
    },
    "histogram": {
        "all": {
            "centered_exchange_1": 825,
            "centered_exchange_2": 825,
            "centered_exchange_3": 824,
            "centered_exchange_4": 825,
            "exchange_1_1": 824,
            "exchange_1_2": 825,
            "exchange_2_3": 825,
            "exchange_2_4": 825,
            "exchange_3_3": 825,
            "exchange_3_4": 824,
            "exchange_ids": 825,
            "insert_1": 825,
            "move_all_by_2": 824,
            "move_all_by_3": 825,
            "move_all_by_4": 825,
            "relocate_5": 824,
            "remove_1": 825,
            "rexchange_1_2": 824,
            "rrelocate_2": 825,
            "rrelocate_3": 825,
            "rrelocate_5": 824,
            "two_opt": 825
        },
        "improving": {
            "centered_exchange_1": 157,
            "centered_exchange_2": 128,
            "centered_exchange_3": 113,
            "centered_exchange_4": 107,
            "exchange_1_1": 382,
            "exchange_1_2": 326,
            "exchange_2_3": 221,
            "exchange_2_4": 151,
            "exchange_3_3": 152,
            "exchange_3_4": 171,
            "exchange_ids": 380,
            "insert_1": 98,
            "move_all_by_2": 273,
            "move_all_by_3": 291,
            "move_all_by_4": 304,
            "relocate_5": 179,
            "remove_1": 71,
            "rexchange_1_2": 370,
            "rrelocate_2": 351,
            "rrelocate_3": 245,
            "rrelocate_5": 188,
            "two_opt": 467
        },
        "rate": {
            "centered_exchange_1": 0.1903030276298523,
            "centered_exchange_2": 0.15515151619911194,
            "centered_exchange_3": 0.13713592290878296,
            "centered_exchange_4": 0.12969696521759033,
            "exchange_1_1": 0.4635922312736511,
            "exchange_1_2": 0.3951515257358551,
            "exchange_2_3": 0.26787880063056946,
            "exchange_2_4": 0.18303030729293823,
            "exchange_3_3": 0.18424242734909058,
            "exchange_3_4": 0.20752426981925964,
            "exchange_ids": 0.46060606837272644,
            "insert_1": 0.11878787726163864,
            "move_all_by_2": 0.3313106894493103,
            "move_all_by_3": 0.3527272641658783,
            "move_all_by_4": 0.36848485469818115,
            "relocate_5": 0.21723301708698273,
            "remove_1": 0.08606060594320297,
            "rexchange_1_2": 0.4490291178226471,
            "rrelocate_2": 0.4254545569419861,
            "rrelocate_3": 0.2969697117805481,
            "rrelocate_5": 0.22815534472465515,
            "two_opt": 0.5660606026649475
        }
    },
    "last_improvement": 5,
    "name": "cvrp-P-n076-k05.xml",
    "solution": {
        "solution": {
            "fitness": 630,
            "is_feasible": true,
            "permutation": [
                0,
                51,
                16,
                49,
                24,
                23,
                56,
                41,
                43,
                42,
                64,
                22,
                62,
                73,
                1,
                63,
                33,
                6,
                0,
                75,
                68,
                2,
                74,
                28,
                61,
                21,
                47,
                5,
                29,
                45,
                27,
                52,
                34,
                0,
                17,
                3,
                44,
                32,
                50,
                18,
                55,
                25,
                31,
                10,
                72,
                39,
                9,
                40,
                12,
                0,
                46,
                8,
                35,
                19,
                54,
                13,
                57,
                15,
                37,
                20,
                70,
                60,
                71,
                69,
                36,
                48,
                30,
                4,
                0,
                26,
                58,
                38,
                65,
                66,
                11,
                59,
                14,
                53,
                7,
                67,
                0
            ]
        }
    },
    "steps": {
        "0": 657,
        "1": 647,
        "2": 635,
        "3": 634,
        "5": 630
    },
    "timeout": 6
}