{
    "config": {
        "allow_infeasible": true,
        "bvns_max_k": 8,
        "bvns_min_k": 3,
        "construction": "random",
        "local_search": "RVND",
        "metaheuristic": "BVNS",
        "num_threads": 8,
        "operators": [
            "insert_1",
            "remove_1",
            "two_opt",
            "exchange_ids",
            "exchange_1_1",
            "exchange_1_2",
            "exchange_2_3",
            "exchange_2_4",
            "exchange_3_3",
            "exchange_3_4",
            "rexchange_1_2",
            "centered_exchange_1",
            "centered_exchange_2",
            "centered_exchange_3",
            "centered_exchange_4",
            "relocate_5",
            "rrelocate_2",
            "rrelocate_3",
            "rrelocate_5",
            "move_all_by_2",
            "move_all_by_3",
            "move_all_by_4"
        ],
        "perturbation": [
            "random_double_bridge"
        ],
        "timeout": 6
    },
    "histogram": {
        "all": {
            "centered_exchange_1": 817,
            "centered_exchange_2": 817,
            "centered_exchange_3": 817,
            "centered_exchange_4": 817,
            "exchange_1_1": 817,
            "exchange_1_2": 818,
            "exchange_2_3": 817,
            "exchange_2_4": 817,
            "exchange_3_3": 817,
            "exchange_3_4": 817,
            "exchange_ids": 817,
            "insert_1": 817,
            "move_all_by_2": 817,
            "move_all_by_3": 818,
            "move_all_by_4": 818,
            "relocate_5": 817,
            "remove_1": 817,
            "rexchange_1_2": 817,
            "rrelocate_2": 817,
            "rrelocate_3": 817,
            "rrelocate_5": 817,
            "two_opt": 818
        },
        "improving": {
            "centered_exchange_1": 158,
            "centered_exchange_2": 124,
            "centered_exchange_3": 130,
            "centered_exchange_4": 136,
            "exchange_1_1": 370,
            "exchange_1_2": 311,
            "exchange_2_3": 199,
            "exchange_2_4": 150,
            "exchange_3_3": 137,
            "exchange_3_4": 154,
            "exchange_ids": 346,
            "insert_1": 102,
            "move_all_by_2": 266,
            "move_all_by_3": 282,
            "move_all_by_4": 283,
            "relocate_5": 208,
            "remove_1": 74,
            "rexchange_1_2": 365,
            "rrelocate_2": 387,
            "rrelocate_3": 268,
            "rrelocate_5": 196,
            "two_opt": 459
        },
        "rate": {
            "centered_exchange_1": 0.19339045882225037,
            "centered_exchange_2": 0.15177477896213531,
            "centered_exchange_3": 0.15911872684955597,
            "centered_exchange_4": 0.16646267473697662,
            "exchange_1_1": 0.45287638902664185,
            "exchange_1_2": 0.38019558787345886,
            "exchange_2_3": 0.24357405304908752,
            "exchange_2_4": 0.18359853327274323,
            "exchange_3_3": 0.16768665611743927,
            "exchange_3_4": 0.1884944885969162,
            "exchange_ids": 0.42350059747695923,
            "insert_1": 0.12484700232744217,
            "move_all_by_2": 0.3255814015865326,
            "move_all_by_3": 0.3447432816028595,
            "move_all_by_4": 0.34596577286720276,
            "relocate_5": 0.2545899748802185,
            "remove_1": 0.09057527780532837,
            "rexchange_1_2": 0.44675642251968384,
            "rrelocate_2": 0.4736842215061188,
            "rrelocate_3": 0.3280293643474579,
            "rrelocate_5": 0.2399020791053772,
            "two_opt": 0.5611246824264526
        }
    },
    "last_improvement": 2,
    "name": "cvrp-P-n076-k05.xml",
    "solution": {
        "solution": {
            "fitness": 629,
            "is_feasible": true,
            "permutation": [
                0,
                51,
                16,
                63,
                23,
                56,
                41,
                43,
                42,
                64,
                22,
                62,
                73,
                1,
                33,
                6,
                68,
                75,
                0,
                17,
                44,
                3,
                49,
                24,
                18,
                50,
                25,
                55,
                31,
                72,
                39,
                9,
                32,
                40,
                0,
                26,
                12,
                58,
                10,
                38,
                65,
                66,
                11,
                59,
                14,
                53,
                7,
                0,
                67,
                34,
                46,
                8,
                35,
                19,
                54,
                13,
                57,
                15,
                29,
                45,
                27,
                52,
                4,
                0,
                30,
                48,
                5,
                37,
                20,
                70,
                60,
                71,
                69,
                36,
                47,
                21,
                61,
                28,
                74,
                2,
                0
            ]
        }
    },
    "steps": {
        "0": 640,
        "2": 629
    },
    "timeout": 6
}