{
    "config": {
        "allow_infeasible": true,
        "bvns_max_k": 8,
        "bvns_min_k": 3,
        "construction": "random",
        "local_search": "RVND",
        "metaheuristic": "BVNS",
        "num_threads": 8,
        "operators": [
            "insert_1",
            "remove_1",
            "two_opt",
            "exchange_ids",
            "exchange_1_1",
            "exchange_1_2",
            "exchange_2_3",
            "exchange_2_4",
            "exchange_3_3",
            "exchange_3_4",
            "rexchange_1_2",
            "centered_exchange_1",
            "centered_exchange_2",
            "centered_exchange_3",
            "centered_exchange_4",
            "relocate_5",
            "rrelocate_2",
            "rrelocate_3",
            "rrelocate_5",
            "move_all_by_2",
            "move_all_by_3",
            "move_all_by_4"
        ],
        "perturbation": [
            "random_double_bridge"
        ],
        "timeout": 6
    },
    "histogram": {
        "all": {
            "centered_exchange_1": 813,
            "centered_exchange_2": 813,
            "centered_exchange_3": 813,
            "centered_exchange_4": 813,
            "exchange_1_1": 813,
            "exchange_1_2": 813,
            "exchange_2_3": 813,
            "exchange_2_4": 813,
            "exchange_3_3": 813,
            "exchange_3_4": 813,
            "exchange_ids": 812,
            "insert_1": 812,
            "move_all_by_2": 813,
            "move_all_by_3": 813,
            "move_all_by_4": 812,
            "relocate_5": 813,
            "remove_1": 813,
            "rexchange_1_2": 813,
            "rrelocate_2": 813,
            "rrelocate_3": 813,
            "rrelocate_5": 813,
            "two_opt": 813
        },
        "improving": {
            "centered_exchange_1": 162,
            "centered_exchange_2": 117,
            "centered_exchange_3": 122,
            "centered_exchange_4": 117,
            "exchange_1_1": 373,
            "exchange_1_2": 317,
            "exchange_2_3": 189,
            "exchange_2_4": 148,
            "exchange_3_3": 142,
            "exchange_3_4": 172,
            "exchange_ids": 361,
            "insert_1": 84,
            "move_all_by_2": 259,
            "move_all_by_3": 266,
            "move_all_by_4": 287,
            "relocate_5": 172,
            "remove_1": 67,
            "rexchange_1_2": 341,
            "rrelocate_2": 385,
            "rrelocate_3": 267,
            "rrelocate_5": 194,
            "two_opt": 485
        },
        "rate": {
            "centered_exchange_1": 0.19926199316978455,
            "centered_exchange_2": 0.1439114362001419,
            "centered_exchange_3": 0.1500615030527115,
            "centered_exchange_4": 0.1439114362001419,
            "exchange_1_1": 0.45879459381103516,
            "exchange_1_2": 0.3899138867855072,
            "exchange_2_3": 0.23247233033180237,
            "exchange_2_4": 0.18204182386398315,
            "exchange_3_3": 0.17466174066066742,
            "exchange_3_4": 0.2115621119737625,
            "exchange_ids": 0.4445812702178955,
            "insert_1": 0.1034482792019844,
            "move_all_by_2": 0.3185731768608093,
            "move_all_by_3": 0.3271832764148712,
            "move_all_by_4": 0.3534482717514038,
            "relocate_5": 0.2115621119737625,
            "remove_1": 0.08241082727909088,
            "rexchange_1_2": 0.41943418979644775,
            "rrelocate_2": 0.47355473041534424,
            "rrelocate_3": 0.3284132778644562,
            "rrelocate_5": 0.23862238228321075,
            "two_opt": 0.5965559482574463
        }
    },
    "last_improvement": 2,
    "name": "cvrp-P-n076-k05.xml",
    "solution": {
        "solution": {
            "fitness": 628,
            "is_feasible": true,
            "permutation": [
                0,
                12,
                58,
                10,
                38,
                65,
                66,
                11,
                59,
                14,
                53,
                7,
                26,
                0,
                30,
                48,
                5,
                37,
                20,
                70,
                60,
                71,
                69,
                36,
                47,
                21,
                74,
                2,
                68,
                75,
                0,
                51,
                44,
                3,
                49,
                24,
                18,
                50,
                25,
                55,
                31,
                72,
                39,
                9,
                32,
                40,
                17,
                0,
                67,
                34,
                46,
                8,
                35,
                19,
                54,
                13,
                57,
                15,
                29,
                45,
                27,
                52,
                4,
                0,
                16,
                63,
                23,
                56,
                41,
                43,
                42,
                64,
                22,
                61,
                28,
                62,
                1,
                73,
                33,
                6,
                0
            ]
        }
    },
    "steps": {
        "0": 651,
        "1": 629,
        "2": 628
    },
    "timeout": 6
}