{
    "config": {
        "allow_infeasible": true,
        "bvns_max_k": 8,
        "bvns_min_k": 3,
        "construction": "random",
        "local_search": "RVND",
        "metaheuristic": "BVNS",
        "num_threads": 8,
        "operators": [
            "insert_1",
            "remove_1",
            "two_opt",
            "exchange_ids",
            "exchange_1_1",
            "exchange_1_2",
            "exchange_2_3",
            "exchange_2_4",
            "exchange_3_3",
            "exchange_3_4",
            "rexchange_1_2",
            "centered_exchange_1",
            "centered_exchange_2",
            "centered_exchange_3",
            "centered_exchange_4",
            "relocate_5",
            "rrelocate_2",
            "rrelocate_3",
            "rrelocate_5",
            "move_all_by_2",
            "move_all_by_3",
            "move_all_by_4"
        ],
        "perturbation": [
            "random_double_bridge"
        ],
        "timeout": 6
    },
    "histogram": {
        "all": {
            "centered_exchange_1": 804,
            "centered_exchange_2": 803,
            "centered_exchange_3": 804,
            "centered_exchange_4": 804,
            "exchange_1_1": 804,
            "exchange_1_2": 803,
            "exchange_2_3": 804,
            "exchange_2_4": 804,
            "exchange_3_3": 803,
            "exchange_3_4": 804,
            "exchange_ids": 803,
            "insert_1": 804,
            "move_all_by_2": 803,
            "move_all_by_3": 803,
            "move_all_by_4": 803,
            "relocate_5": 804,
            "remove_1": 804,
            "rexchange_1_2": 804,
            "rrelocate_2": 804,
            "rrelocate_3": 804,
            "rrelocate_5": 804,
            "two_opt": 804
        },
        "improving": {
            "centered_exchange_1": 155,
            "centered_exchange_2": 126,
            "centered_exchange_3": 130,
            "centered_exchange_4": 110,
            "exchange_1_1": 385,
            "exchange_1_2": 302,
            "exchange_2_3": 214,
            "exchange_2_4": 139,
            "exchange_3_3": 164,
            "exchange_3_4": 146,
            "exchange_ids": 365,
            "insert_1": 87,
            "move_all_by_2": 265,
            "move_all_by_3": 289,
            "move_all_by_4": 303,
            "relocate_5": 189,
            "remove_1": 64,
            "rexchange_1_2": 357,
            "rrelocate_2": 355,
            "rrelocate_3": 240,
            "rrelocate_5": 222,
            "two_opt": 454
        },
        "rate": {
            "centered_exchange_1": 0.1927860677242279,
            "centered_exchange_2": 0.15691158175468445,
            "centered_exchange_3": 0.1616915464401245,
            "centered_exchange_4": 0.13681592047214508,
            "exchange_1_1": 0.4788557291030884,
            "exchange_1_2": 0.3760896623134613,
            "exchange_2_3": 0.26616916060447693,
            "exchange_2_4": 0.17288556694984436,
            "exchange_3_3": 0.20423412322998047,
            "exchange_3_4": 0.18159204721450806,
            "exchange_ids": 0.4545454680919647,
            "insert_1": 0.10820895433425903,
            "move_all_by_2": 0.3300124406814575,
            "move_all_by_3": 0.3599003851413727,
            "move_all_by_4": 0.37733498215675354,
            "relocate_5": 0.23507462441921234,
            "remove_1": 0.07960198819637299,
            "rexchange_1_2": 0.444029837846756,
            "rrelocate_2": 0.44154229760169983,
            "rrelocate_3": 0.2985074520111084,
            "rrelocate_5": 0.2761194109916687,
            "two_opt": 0.5646766424179077
        }
    },
    "last_improvement": 6,
    "name": "cvrp-P-n076-k05.xml",
    "solution": {
        "solution": {
            "fitness": 636,
            "is_feasible": true,
            "permutation": [
                0,
                75,
                68,
                6,
                33,
                1,
                73,
                62,
                22,
                64,
                42,
                43,
                41,
                56,
                23,
                63,
                16,
                51,
                0,
                58,
                10,
                31,
                38,
                65,
                11,
                66,
                59,
                14,
                53,
                7,
                0,
                26,
                12,
                72,
                39,
                9,
                25,
                55,
                50,
                18,
                24,
                49,
                3,
                44,
                32,
                40,
                17,
                0,
                4,
                30,
                21,
                47,
                48,
                29,
                45,
                27,
                52,
                46,
                34,
                67,
                0,
                2,
                74,
                28,
                61,
                69,
                36,
                71,
                60,
                70,
                20,
                37,
                5,
                15,
                57,
                13,
                54,
                19,
                35,
                8,
                0
            ]
        }
    },
    "steps": {
        "0": 637,
        "6": 636
    },
    "timeout": 6
}