{
    "config": {
        "allow_infeasible": true,
        "bvns_max_k": 8,
        "bvns_min_k": 3,
        "construction": "random",
        "local_search": "RVND",
        "metaheuristic": "BVNS",
        "num_threads": 8,
        "operators": [
            "insert_1",
            "remove_1",
            "two_opt",
            "exchange_ids",
            "exchange_1_1",
            "exchange_1_2",
            "exchange_2_3",
            "exchange_2_4",
            "exchange_3_3",
            "exchange_3_4",
            "rexchange_1_2",
            "centered_exchange_1",
            "centered_exchange_2",
            "centered_exchange_3",
            "centered_exchange_4",
            "relocate_5",
            "rrelocate_2",
            "rrelocate_3",
            "rrelocate_5",
            "move_all_by_2",
            "move_all_by_3",
            "move_all_by_4"
        ],
        "perturbation": [
            "random_double_bridge"
        ],
        "timeout": 6
    },
    "histogram": {
        "all": {
            "centered_exchange_1": 834,
            "centered_exchange_2": 835,
            "centered_exchange_3": 834,
            "centered_exchange_4": 835,
            "exchange_1_1": 835,
            "exchange_1_2": 835,
            "exchange_2_3": 834,
            "exchange_2_4": 835,
            "exchange_3_3": 834,
            "exchange_3_4": 835,
            "exchange_ids": 834,
            "insert_1": 835,
            "move_all_by_2": 834,
            "move_all_by_3": 835,
            "move_all_by_4": 835,
            "relocate_5": 835,
            "remove_1": 835,
            "rexchange_1_2": 835,
            "rrelocate_2": 835,
            "rrelocate_3": 834,
            "rrelocate_5": 834,
            "two_opt": 835
        },
        "improving": {
            "centered_exchange_1": 167,
            "centered_exchange_2": 121,
            "centered_exchange_3": 120,
            "centered_exchange_4": 128,
            "exchange_1_1": 380,
            "exchange_1_2": 310,
            "exchange_2_3": 218,
            "exchange_2_4": 145,
            "exchange_3_3": 161,
            "exchange_3_4": 155,
            "exchange_ids": 385,
            "insert_1": 81,
            "move_all_by_2": 270,
            "move_all_by_3": 282,
            "move_all_by_4": 289,
            "relocate_5": 170,
            "remove_1": 58,
            "rexchange_1_2": 360,
            "rrelocate_2": 377,
            "rrelocate_3": 254,
            "rrelocate_5": 218,
            "two_opt": 467
        },
        "rate": {
            "centered_exchange_1": 0.20023980736732483,
            "centered_exchange_2": 0.14491018652915955,
            "centered_exchange_3": 0.14388489723205566,
            "centered_exchange_4": 0.1532934159040451,
            "exchange_1_1": 0.455089807510376,
            "exchange_1_2": 0.371257483959198,
            "exchange_2_3": 0.26139089465141296,
            "exchange_2_4": 0.17365269362926483,
            "exchange_3_3": 0.19304555654525757,
            "exchange_3_4": 0.185628741979599,
            "exchange_ids": 0.4616307020187378,
            "insert_1": 0.09700598567724228,
            "move_all_by_2": 0.32374101877212524,
            "move_all_by_3": 0.3377245366573334,
            "move_all_by_4": 0.3461077809333801,
            "relocate_5": 0.20359280705451965,
            "remove_1": 0.06946107745170593,
            "rexchange_1_2": 0.43113771080970764,
            "rrelocate_2": 0.45149701833724976,
            "rrelocate_3": 0.30455636978149414,
            "rrelocate_5": 0.26139089465141296,
            "two_opt": 0.5592814087867737
        }
    },
    "last_improvement": 1,
    "name": "cvrp-P-n076-k05.xml",
    "solution": {
        "solution": {
            "fitness": 627,
            "is_feasible": true,
            "permutation": [
                0,
                12,
                40,
                3,
                44,
                32,
                50,
                18,
                24,
                49,
                56,
                23,
                63,
                16,
                51,
                17,
                0,
                75,
                68,
                2,
                62,
                28,
                61,
                22,
                64,
                42,
                41,
                43,
                1,
                73,
                33,
                6,
                0,
                26,
                58,
                72,
                39,
                9,
                25,
                55,
                31,
                10,
                38,
                65,
                66,
                11,
                7,
                0,
                67,
                34,
                52,
                27,
                15,
                57,
                13,
                54,
                19,
                59,
                14,
                53,
                35,
                8,
                46,
                0,
                30,
                74,
                21,
                47,
                36,
                69,
                71,
                60,
                70,
                20,
                37,
                5,
                48,
                29,
                45,
                4,
                0
            ]
        }
    },
    "steps": {
        "0": 631,
        "1": 627
    },
    "timeout": 6
}