{
    "config": {
        "allow_infeasible": true,
        "bvns_max_k": 8,
        "bvns_min_k": 3,
        "construction": "random",
        "local_search": "RVND",
        "metaheuristic": "BVNS",
        "num_threads": 8,
        "operators": [
            "insert_1",
            "remove_1",
            "two_opt",
            "exchange_ids",
            "exchange_1_1",
            "exchange_1_2",
            "exchange_2_3",
            "exchange_2_4",
            "exchange_3_3",
            "exchange_3_4",
            "rexchange_1_2",
            "centered_exchange_1",
            "centered_exchange_2",
            "centered_exchange_3",
            "centered_exchange_4",
            "relocate_5",
            "rrelocate_2",
            "rrelocate_3",
            "rrelocate_5",
            "move_all_by_2",
            "move_all_by_3",
            "move_all_by_4"
        ],
        "perturbation": [
            "random_double_bridge"
        ],
        "timeout": 6
    },
    "histogram": {
        "all": {
            "centered_exchange_1": 816,
            "centered_exchange_2": 816,
            "centered_exchange_3": 817,
            "centered_exchange_4": 817,
            "exchange_1_1": 816,
            "exchange_1_2": 816,
            "exchange_2_3": 817,
            "exchange_2_4": 817,
            "exchange_3_3": 816,
            "exchange_3_4": 816,
            "exchange_ids": 816,
            "insert_1": 816,
            "move_all_by_2": 817,
            "move_all_by_3": 816,
            "move_all_by_4": 816,
            "relocate_5": 816,
            "remove_1": 816,
            "rexchange_1_2": 816,
            "rrelocate_2": 816,
            "rrelocate_3": 816,
            "rrelocate_5": 817,
            "two_opt": 816
        },
        "improving": {
            "centered_exchange_1": 172,
            "centered_exchange_2": 127,
            "centered_exchange_3": 109,
            "centered_exchange_4": 124,
            "exchange_1_1": 374,
            "exchange_1_2": 330,
            "exchange_2_3": 196,
            "exchange_2_4": 144,
            "exchange_3_3": 164,
            "exchange_3_4": 152,
            "exchange_ids": 383,
            "insert_1": 104,
            "move_all_by_2": 255,
            "move_all_by_3": 301,
            "move_all_by_4": 311,
            "relocate_5": 195,
            "remove_1": 74,
            "rexchange_1_2": 350,
            "rrelocate_2": 355,
            "rrelocate_3": 258,
            "rrelocate_5": 201,
            "two_opt": 440
        },
        "rate": {
            "centered_exchange_1": 0.21078431606292725,
            "centered_exchange_2": 0.1556372493505478,
            "centered_exchange_3": 0.13341493904590607,
            "centered_exchange_4": 0.15177477896213531,
            "exchange_1_1": 0.4583333432674408,
            "exchange_1_2": 0.40441176295280457,
            "exchange_2_3": 0.2399020791053772,
            "exchange_2_4": 0.17625458538532257,
            "exchange_3_3": 0.20098039507865906,
            "exchange_3_4": 0.18627451360225677,
            "exchange_ids": 0.469362735748291,
            "insert_1": 0.12745098769664764,
            "move_all_by_2": 0.3121175169944763,
            "move_all_by_3": 0.3688725531101227,
            "move_all_by_4": 0.3811274468898773,
            "relocate_5": 0.2389705926179886,
            "remove_1": 0.09068627655506134,
            "rexchange_1_2": 0.42892158031463623,
            "rrelocate_2": 0.43504902720451355,
            "rrelocate_3": 0.31617647409439087,
            "rrelocate_5": 0.246022030711174,
            "two_opt": 0.5392156839370728
        }
    },
    "last_improvement": 6,
    "name": "cvrp-P-n076-k05.xml",
    "solution": {
        "solution": {
            "fitness": 647,
            "is_feasible": true,
            "permutation": [
                0,
                46,
                34,
                52,
                27,
                13,
                57,
                15,
                37,
                20,
                70,
                60,
                71,
                69,
                36,
                47,
                5,
                29,
                45,
                0,
                12,
                9,
                39,
                72,
                58,
                10,
                31,
                55,
                25,
                50,
                18,
                24,
                49,
                16,
                63,
                6,
                0,
                26,
                7,
                35,
                53,
                11,
                38,
                65,
                66,
                59,
                14,
                19,
                54,
                8,
                0,
                75,
                68,
                2,
                74,
                28,
                62,
                22,
                61,
                21,
                48,
                30,
                4,
                67,
                0,
                51,
                33,
                73,
                1,
                43,
                42,
                64,
                41,
                56,
                23,
                3,
                44,
                32,
                40,
                17,
                0
            ]
        }
    },
    "steps": {
        "0": 658,
        "1": 652,
        "2": 651,
        "6": 647
    },
    "timeout": 6
}