{
    "config": {
        "allow_infeasible": true,
        "bvns_max_k": 8,
        "bvns_min_k": 4,
        "construction": "greedy",
        "cvns_it_per_k": 5,
        "ils_k": 4,
        "local_search": "PVND",
        "metaheuristic": "BVNS",
        "num_threads": 8,
        "operators": [
            "two_opt",
            "relocate_1",
            "relocate_2",
            "relocate_3",
            "relocate_4",
            "relocate_5",
            "exchange_1_1",
            "exchange_1_2",
            "exchange_2_2",
            "exchange_2_3",
            "exchange_2_4",
            "exchange_3_3",
            "exchange_3_4",
            "exchange_4_4"
        ],
        "perturbation": [
            "double_bridge"
        ],
        "timeout": 6
    },
    "histogram": {
        "all": {
            "exchange_1_1": 108,
            "exchange_1_2": 39,
            "exchange_2_2": 43,
            "exchange_2_3": 37,
            "exchange_2_4": 35,
            "exchange_3_3": 39,
            "exchange_3_4": 35,
            "exchange_4_4": 35,
            "relocate_1": 90,
            "relocate_2": 39,
            "relocate_3": 39,
            "relocate_4": 39,
            "relocate_5": 39,
            "two_opt": 556
        },
        "improving": {
            "exchange_1_1": 73,
            "exchange_1_2": 4,
            "exchange_2_2": 8,
            "exchange_2_3": 2,
            "exchange_2_4": 0,
            "exchange_3_3": 5,
            "exchange_3_4": 2,
            "exchange_4_4": 2,
            "relocate_1": 51,
            "relocate_2": 0,
            "relocate_3": 0,
            "relocate_4": 0,
            "relocate_5": 0,
            "two_opt": 514
        },
        "rate": {
            "exchange_1_1": 0.6759259104728699,
            "exchange_1_2": 0.10256410390138626,
            "exchange_2_2": 0.1860465109348297,
            "exchange_2_3": 0.054054055362939835,
            "exchange_2_4": 0.0,
            "exchange_3_3": 0.12820513546466827,
            "exchange_3_4": 0.05714285746216774,
            "exchange_4_4": 0.05714285746216774,
            "relocate_1": 0.5666666626930237,
            "relocate_2": 0.0,
            "relocate_3": 0.0,
            "relocate_4": 0.0,
            "relocate_5": 0.0,
            "two_opt": 0.9244604110717773
        }
    },
    "last_improvement": 6,
    "name": "cvrp-X-n204-k19.xml",
    "solution": {
        "solution": {
            "fitness": 20399,
            "is_feasible": true,
            "permutation": [
                0,
                51,
                11,
                56,
                40,
                94,
                54,
                91,
                25,
                13,
                87,
                3,
                74,
                0,
                63,
                189,
                38,
                45,
                50,
                43,
                17,
                58,
                0,
                151,
                104,
                190,
                114,
                193,
                159,
                118,
                117,
                81,
                125,
                22,
                145,
                0,
                98,
                188,
                133,
                132,
                62,
                70,
                124,
                2,
                5,
                194,
                0,
                172,
                1,
                166,
                134,
                68,
                126,
                192,
                149,
                47,
                112,
                195,
                0,
                26,
                19,
                80,
                27,
                52,
                174,
                30,
                72,
                32,
                128,
                143,
                0,
                55,
                93,
                57,
                163,
                184,
                103,
                146,
                158,
                180,
                165,
                66,
                110,
                0,
                73,
                69,
                28,
                6,
                24,
                23,
                4,
                59,
                31,
                41,
                61,
                0,
                147,
                102,
                14,
                137,
                197,
                139,
                89,
                156,
                185,
                140,
                141,
                0,
                109,
                152,
                182,
                200,
                12,
                136,
                135,
                202,
                198,
                181,
                150,
                0,
                96,
                77,
                105,
                162,
                71,
                179,
                99,
                120,
                186,
                173,
                0,
                79,
                157,
                122,
                113,
                49,
                75,
                83,
                160,
                153,
                183,
                0,
                76,
                97,
                108,
                178,
                196,
                168,
                115,
                138,
                10,
                201,
                142,
                0,
                39,
                33,
                88,
                64,
                60,
                37,
                35,
                82,
                46,
                20,
                0,
                177,
                167,
                131,
                169,
                164,
                16,
                155,
                123,
                106,
                170,
                90,
                0,
                8,
                121,
                129,
                171,
                107,
                161,
                130,
                175,
                191,
                44,
                0,
                127,
                154,
                9,
                187,
                111,
                203,
                144,
                116,
                199,
                18,
                176,
                0,
                65,
                78,
                100,
                15,
                34,
                53,
                101,
                36,
                48,
                119,
                148,
                0,
                42,
                21,
                85,
                92,
                86,
                29,
                95,
                67,
                7,
                84,
                0
            ]
        }
    },
    "steps": {
        "0": 22890,
        "1": 21147,
        "2": 20992,
        "3": 20612,
        "4": 20433,
        "6": 20399
    },
    "timeout": 6
}