{
    "config": {
        "allow_infeasible": true,
        "bvns_max_k": 8,
        "bvns_min_k": 4,
        "construction": "greedy",
        "cvns_it_per_k": 5,
        "ils_k": 4,
        "local_search": "PVND",
        "metaheuristic": "BVNS",
        "num_threads": 8,
        "operators": [
            "two_opt",
            "relocate_1",
            "relocate_2",
            "relocate_3",
            "relocate_4",
            "relocate_5",
            "exchange_1_1",
            "exchange_1_2",
            "exchange_2_2",
            "exchange_2_3",
            "exchange_2_4",
            "exchange_3_3",
            "exchange_3_4",
            "exchange_4_4"
        ],
        "perturbation": [
            "double_bridge"
        ],
        "timeout": 6
    },
    "histogram": {
        "all": {
            "exchange_1_1": 99,
            "exchange_1_2": 37,
            "exchange_2_2": 39,
            "exchange_2_3": 32,
            "exchange_2_4": 30,
            "exchange_3_3": 34,
            "exchange_3_4": 30,
            "exchange_4_4": 30,
            "relocate_1": 98,
            "relocate_2": 41,
            "relocate_3": 36,
            "relocate_4": 36,
            "relocate_5": 36,
            "two_opt": 607
        },
        "improving": {
            "exchange_1_1": 66,
            "exchange_1_2": 6,
            "exchange_2_2": 10,
            "exchange_2_3": 3,
            "exchange_2_4": 1,
            "exchange_3_3": 5,
            "exchange_3_4": 1,
            "exchange_4_4": 1,
            "relocate_1": 62,
            "relocate_2": 5,
            "relocate_3": 0,
            "relocate_4": 0,
            "relocate_5": 0,
            "two_opt": 569
        },
        "rate": {
            "exchange_1_1": 0.6666666865348816,
            "exchange_1_2": 0.1621621549129486,
            "exchange_2_2": 0.25641027092933655,
            "exchange_2_3": 0.09375,
            "exchange_2_4": 0.03333333507180214,
            "exchange_3_3": 0.14705882966518402,
            "exchange_3_4": 0.03333333507180214,
            "exchange_4_4": 0.03333333507180214,
            "relocate_1": 0.6326530575752258,
            "relocate_2": 0.12195122241973877,
            "relocate_3": 0.0,
            "relocate_4": 0.0,
            "relocate_5": 0.0,
            "two_opt": 0.9373970627784729
        }
    },
    "last_improvement": 6,
    "name": "cvrp-X-n204-k19.xml",
    "solution": {
        "solution": {
            "fitness": 20644,
            "is_feasible": true,
            "permutation": [
                0,
                189,
                38,
                19,
                75,
                49,
                80,
                46,
                20,
                45,
                63,
                0,
                193,
                133,
                127,
                154,
                9,
                187,
                111,
                203,
                199,
                195,
                132,
                0,
                167,
                131,
                123,
                155,
                150,
                200,
                182,
                152,
                109,
                5,
                0,
                183,
                153,
                160,
                122,
                105,
                157,
                79,
                77,
                96,
                0,
                85,
                92,
                29,
                95,
                67,
                7,
                84,
                39,
                58,
                0,
                12,
                136,
                53,
                101,
                36,
                48,
                119,
                144,
                116,
                148,
                18,
                0,
                44,
                137,
                57,
                163,
                184,
                103,
                146,
                158,
                180,
                139,
                197,
                55,
                0,
                50,
                43,
                88,
                82,
                35,
                37,
                60,
                64,
                33,
                17,
                0,
                141,
                140,
                56,
                11,
                94,
                40,
                66,
                110,
                165,
                93,
                89,
                156,
                185,
                0,
                151,
                104,
                114,
                190,
                70,
                62,
                124,
                2,
                176,
                194,
                0,
                117,
                191,
                138,
                115,
                168,
                175,
                130,
                161,
                196,
                97,
                118,
                0,
                166,
                134,
                68,
                126,
                192,
                149,
                121,
                8,
                1,
                98,
                0,
                90,
                170,
                106,
                181,
                202,
                135,
                198,
                16,
                164,
                169,
                177,
                0,
                51,
                54,
                91,
                25,
                13,
                31,
                41,
                87,
                3,
                74,
                61,
                0,
                125,
                76,
                108,
                178,
                107,
                171,
                47,
                129,
                112,
                172,
                188,
                159,
                0,
                26,
                83,
                113,
                162,
                27,
                52,
                100,
                15,
                34,
                78,
                174,
                32,
                0,
                145,
                142,
                201,
                147,
                14,
                102,
                10,
                81,
                22,
                0,
                173,
                65,
                143,
                128,
                72,
                30,
                99,
                179,
                71,
                120,
                186,
                0,
                42,
                21,
                73,
                69,
                59,
                4,
                23,
                24,
                28,
                6,
                86,
                0
            ]
        }
    },
    "steps": {
        "0": 23702,
        "1": 21187,
        "2": 21137,
        "3": 20905,
        "4": 20852,
        "5": 20670,
        "6": 20644
    },
    "timeout": 6
}