{
    "config": {
        "allow_infeasible": true,
        "bvns_max_k": 8,
        "bvns_min_k": 4,
        "construction": "greedy",
        "cvns_it_per_k": 5,
        "ils_k": 4,
        "local_search": "PVND",
        "metaheuristic": "BVNS",
        "num_threads": 8,
        "operators": [
            "two_opt",
            "relocate_1",
            "relocate_2",
            "relocate_3",
            "relocate_4",
            "relocate_5",
            "exchange_1_1",
            "exchange_1_2",
            "exchange_2_2",
            "exchange_2_3",
            "exchange_2_4",
            "exchange_3_3",
            "exchange_3_4",
            "exchange_4_4"
        ],
        "perturbation": [
            "double_bridge"
        ],
        "timeout": 6
    },
    "histogram": {
        "all": {
            "exchange_1_1": 88,
            "exchange_1_2": 43,
            "exchange_2_2": 37,
            "exchange_2_3": 35,
            "exchange_2_4": 33,
            "exchange_3_3": 34,
            "exchange_3_4": 34,
            "exchange_4_4": 33,
            "relocate_1": 93,
            "relocate_2": 38,
            "relocate_3": 38,
            "relocate_4": 38,
            "relocate_5": 38,
            "two_opt": 618
        },
        "improving": {
            "exchange_1_1": 53,
            "exchange_1_2": 9,
            "exchange_2_2": 4,
            "exchange_2_3": 2,
            "exchange_2_4": 0,
            "exchange_3_3": 1,
            "exchange_3_4": 1,
            "exchange_4_4": 0,
            "relocate_1": 55,
            "relocate_2": 0,
            "relocate_3": 0,
            "relocate_4": 0,
            "relocate_5": 0,
            "two_opt": 574
        },
        "rate": {
            "exchange_1_1": 0.6022727489471436,
            "exchange_1_2": 0.20930232107639313,
            "exchange_2_2": 0.10810811072587967,
            "exchange_2_3": 0.05714285746216774,
            "exchange_2_4": 0.0,
            "exchange_3_3": 0.029411764815449715,
            "exchange_3_4": 0.029411764815449715,
            "exchange_4_4": 0.0,
            "relocate_1": 0.5913978219032288,
            "relocate_2": 0.0,
            "relocate_3": 0.0,
            "relocate_4": 0.0,
            "relocate_5": 0.0,
            "two_opt": 0.9288026094436646
        }
    },
    "last_improvement": 4,
    "name": "cvrp-X-n204-k19.xml",
    "solution": {
        "solution": {
            "fitness": 20550,
            "is_feasible": true,
            "permutation": [
                0,
                21,
                86,
                6,
                28,
                24,
                23,
                4,
                59,
                69,
                73,
                61,
                0,
                177,
                167,
                131,
                169,
                164,
                16,
                155,
                123,
                106,
                170,
                90,
                0,
                105,
                162,
                71,
                179,
                99,
                72,
                32,
                128,
                143,
                65,
                173,
                0,
                188,
                172,
                8,
                121,
                112,
                129,
                47,
                149,
                192,
                126,
                118,
                0,
                140,
                156,
                110,
                89,
                93,
                165,
                57,
                197,
                55,
                137,
                14,
                44,
                0,
                145,
                142,
                201,
                147,
                102,
                10,
                81,
                22,
                0,
                151,
                104,
                190,
                114,
                70,
                124,
                2,
                176,
                5,
                194,
                0,
                117,
                76,
                97,
                196,
                108,
                68,
                134,
                166,
                1,
                98,
                159,
                0,
                33,
                88,
                64,
                60,
                37,
                35,
                82,
                46,
                20,
                63,
                0,
                132,
                195,
                199,
                203,
                111,
                187,
                9,
                154,
                127,
                133,
                193,
                0,
                186,
                120,
                30,
                174,
                78,
                34,
                15,
                100,
                52,
                27,
                49,
                0,
                96,
                153,
                160,
                83,
                19,
                80,
                75,
                113,
                122,
                157,
                79,
                77,
                0,
                42,
                85,
                92,
                29,
                95,
                67,
                7,
                84,
                39,
                58,
                0,
                109,
                62,
                18,
                144,
                119,
                48,
                36,
                101,
                53,
                198,
                181,
                0,
                191,
                138,
                115,
                168,
                175,
                130,
                161,
                171,
                107,
                178,
                125,
                0,
                150,
                202,
                135,
                148,
                116,
                136,
                12,
                200,
                182,
                152,
                0,
                17,
                43,
                50,
                45,
                38,
                189,
                26,
                183,
                0,
                51,
                11,
                54,
                91,
                25,
                13,
                31,
                41,
                87,
                3,
                74,
                0,
                185,
                139,
                163,
                184,
                180,
                103,
                146,
                158,
                66,
                40,
                94,
                56,
                141,
                0
            ]
        }
    },
    "steps": {
        "0": 22399,
        "1": 20824,
        "2": 20782,
        "3": 20555,
        "4": 20550
    },
    "timeout": 6
}