{
    "config": {
        "allow_infeasible": true,
        "bvns_max_k": 8,
        "bvns_min_k": 4,
        "construction": "greedy",
        "cvns_it_per_k": 5,
        "ils_k": 4,
        "local_search": "PVND",
        "metaheuristic": "BVNS",
        "num_threads": 8,
        "operators": [
            "two_opt",
            "relocate_1",
            "relocate_2",
            "relocate_3",
            "relocate_4",
            "relocate_5",
            "exchange_1_1",
            "exchange_1_2",
            "exchange_2_2",
            "exchange_2_3",
            "exchange_2_4",
            "exchange_3_3",
            "exchange_3_4",
            "exchange_4_4"
        ],
        "perturbation": [
            "double_bridge"
        ],
        "timeout": 6
    },
    "histogram": {
        "all": {
            "exchange_1_1": 92,
            "exchange_1_2": 39,
            "exchange_2_2": 42,
            "exchange_2_3": 35,
            "exchange_2_4": 35,
            "exchange_3_3": 36,
            "exchange_3_4": 35,
            "exchange_4_4": 36,
            "relocate_1": 93,
            "relocate_2": 39,
            "relocate_3": 38,
            "relocate_4": 38,
            "relocate_5": 38,
            "two_opt": 589
        },
        "improving": {
            "exchange_1_1": 58,
            "exchange_1_2": 5,
            "exchange_2_2": 8,
            "exchange_2_3": 1,
            "exchange_2_4": 1,
            "exchange_3_3": 2,
            "exchange_3_4": 1,
            "exchange_4_4": 2,
            "relocate_1": 55,
            "relocate_2": 1,
            "relocate_3": 0,
            "relocate_4": 0,
            "relocate_5": 0,
            "two_opt": 544
        },
        "rate": {
            "exchange_1_1": 0.6304348111152649,
            "exchange_1_2": 0.12820513546466827,
            "exchange_2_2": 0.190476194024086,
            "exchange_2_3": 0.02857142873108387,
            "exchange_2_4": 0.02857142873108387,
            "exchange_3_3": 0.0555555559694767,
            "exchange_3_4": 0.02857142873108387,
            "exchange_4_4": 0.0555555559694767,
            "relocate_1": 0.5913978219032288,
            "relocate_2": 0.025641025975346565,
            "relocate_3": 0.0,
            "relocate_4": 0.0,
            "relocate_5": 0.0,
            "two_opt": 0.9235993027687073
        }
    },
    "last_improvement": 5,
    "name": "cvrp-X-n204-k19.xml",
    "solution": {
        "solution": {
            "fitness": 20579,
            "is_feasible": true,
            "permutation": [
                0,
                26,
                189,
                38,
                19,
                80,
                46,
                20,
                45,
                63,
                0,
                51,
                56,
                94,
                40,
                66,
                110,
                89,
                156,
                139,
                197,
                55,
                137,
                81,
                0,
                18,
                148,
                116,
                119,
                48,
                36,
                101,
                53,
                135,
                198,
                181,
                0,
                199,
                144,
                203,
                111,
                187,
                112,
                47,
                129,
                121,
                9,
                154,
                193,
                0,
                85,
                92,
                29,
                95,
                67,
                7,
                84,
                39,
                33,
                58,
                0,
                86,
                6,
                28,
                24,
                23,
                4,
                59,
                25,
                91,
                54,
                11,
                0,
                118,
                126,
                178,
                107,
                171,
                161,
                130,
                175,
                168,
                115,
                138,
                0,
                134,
                68,
                149,
                192,
                108,
                196,
                97,
                76,
                117,
                125,
                22,
                0,
                194,
                5,
                109,
                62,
                70,
                124,
                2,
                176,
                0,
                191,
                57,
                163,
                184,
                103,
                146,
                158,
                180,
                165,
                93,
                185,
                0,
                153,
                113,
                49,
                27,
                52,
                100,
                15,
                34,
                78,
                174,
                120,
                0,
                170,
                106,
                123,
                155,
                16,
                164,
                169,
                32,
                128,
                143,
                173,
                0,
                42,
                21,
                73,
                69,
                31,
                41,
                13,
                87,
                3,
                74,
                61,
                0,
                145,
                142,
                201,
                44,
                10,
                102,
                14,
                147,
                140,
                141,
                0,
                122,
                162,
                71,
                179,
                99,
                72,
                30,
                75,
                83,
                160,
                183,
                0,
                151,
                114,
                127,
                133,
                8,
                166,
                1,
                172,
                188,
                159,
                98,
                0,
                104,
                190,
                132,
                195,
                200,
                136,
                12,
                202,
                150,
                182,
                152,
                0,
                50,
                82,
                35,
                37,
                60,
                64,
                88,
                43,
                17,
                0,
                90,
                177,
                167,
                131,
                65,
                186,
                105,
                157,
                79,
                77,
                96,
                0
            ]
        }
    },
    "steps": {
        "0": 23059,
        "1": 20864,
        "2": 20798,
        "3": 20744,
        "4": 20604,
        "5": 20579
    },
    "timeout": 6
}