{
    "config": {
        "allow_infeasible": true,
        "bvns_max_k": 8,
        "bvns_min_k": 4,
        "construction": "greedy",
        "cvns_it_per_k": 5,
        "ils_k": 4,
        "local_search": "PVND",
        "metaheuristic": "BVNS",
        "num_threads": 8,
        "operators": [
            "two_opt",
            "relocate_1",
            "relocate_2",
            "relocate_3",
            "relocate_4",
            "relocate_5",
            "exchange_1_1",
            "exchange_1_2",
            "exchange_2_2",
            "exchange_2_3",
            "exchange_2_4",
            "exchange_3_3",
            "exchange_3_4",
            "exchange_4_4"
        ],
        "perturbation": [
            "double_bridge"
        ],
        "timeout": 6
    },
    "histogram": {
        "all": {
            "exchange_1_1": 78,
            "exchange_1_2": 39,
            "exchange_2_2": 42,
            "exchange_2_3": 33,
            "exchange_2_4": 33,
            "exchange_3_3": 33,
            "exchange_3_4": 34,
            "exchange_4_4": 33,
            "relocate_1": 102,
            "relocate_2": 40,
            "relocate_3": 39,
            "relocate_4": 39,
            "relocate_5": 39,
            "two_opt": 589
        },
        "improving": {
            "exchange_1_1": 43,
            "exchange_1_2": 4,
            "exchange_2_2": 9,
            "exchange_2_3": 0,
            "exchange_2_4": 0,
            "exchange_3_3": 1,
            "exchange_3_4": 2,
            "exchange_4_4": 1,
            "relocate_1": 63,
            "relocate_2": 1,
            "relocate_3": 0,
            "relocate_4": 0,
            "relocate_5": 0,
            "two_opt": 548
        },
        "rate": {
            "exchange_1_1": 0.5512820482254028,
            "exchange_1_2": 0.10256410390138626,
            "exchange_2_2": 0.2142857164144516,
            "exchange_2_3": 0.0,
            "exchange_2_4": 0.0,
            "exchange_3_3": 0.03030303120613098,
            "exchange_3_4": 0.05882352963089943,
            "exchange_4_4": 0.03030303120613098,
            "relocate_1": 0.6176470518112183,
            "relocate_2": 0.02500000037252903,
            "relocate_3": 0.0,
            "relocate_4": 0.0,
            "relocate_5": 0.0,
            "two_opt": 0.930390477180481
        }
    },
    "last_improvement": 6,
    "name": "cvrp-X-n204-k19.xml",
    "solution": {
        "solution": {
            "fitness": 20400,
            "is_feasible": true,
            "permutation": [
                0,
                194,
                176,
                104,
                190,
                114,
                193,
                159,
                98,
                118,
                22,
                0,
                90,
                106,
                123,
                155,
                16,
                198,
                181,
                202,
                135,
                12,
                200,
                152,
                0,
                19,
                20,
                46,
                80,
                49,
                27,
                52,
                174,
                30,
                72,
                0,
                85,
                92,
                86,
                28,
                6,
                29,
                95,
                67,
                7,
                84,
                0,
                117,
                191,
                138,
                115,
                168,
                175,
                130,
                161,
                107,
                178,
                97,
                0,
                42,
                21,
                73,
                69,
                24,
                23,
                4,
                59,
                31,
                41,
                61,
                0,
                5,
                109,
                2,
                124,
                70,
                62,
                18,
                182,
                150,
                170,
                0,
                132,
                127,
                154,
                195,
                199,
                203,
                144,
                48,
                119,
                116,
                148,
                0,
                188,
                172,
                8,
                121,
                129,
                112,
                111,
                187,
                9,
                133,
                151,
                0,
                74,
                3,
                87,
                13,
                25,
                91,
                54,
                94,
                40,
                56,
                11,
                51,
                0,
                173,
                120,
                71,
                179,
                99,
                32,
                128,
                143,
                169,
                65,
                177,
                0,
                141,
                140,
                185,
                156,
                110,
                66,
                89,
                139,
                197,
                55,
                137,
                147,
                0,
                145,
                142,
                201,
                14,
                102,
                10,
                44,
                81,
                0,
                125,
                108,
                171,
                47,
                149,
                192,
                126,
                68,
                134,
                166,
                1,
                0,
                76,
                196,
                57,
                163,
                184,
                103,
                146,
                158,
                180,
                165,
                93,
                0,
                43,
                88,
                82,
                35,
                37,
                60,
                64,
                33,
                39,
                58,
                0,
                63,
                17,
                50,
                45,
                38,
                189,
                26,
                183,
                96,
                0,
                77,
                79,
                186,
                157,
                122,
                105,
                162,
                113,
                75,
                83,
                160,
                153,
                0,
                167,
                131,
                164,
                78,
                100,
                15,
                34,
                53,
                101,
                36,
                136,
                0
            ]
        }
    },
    "steps": {
        "0": 22142,
        "1": 20613,
        "2": 20536,
        "3": 20472,
        "4": 20414,
        "5": 20402,
        "6": 20400
    },
    "timeout": 6
}