{
    "config": {
        "allow_infeasible": true,
        "bvns_max_k": 8,
        "bvns_min_k": 3,
        "construction": "random",
        "local_search": "RVND",
        "metaheuristic": "BVNS",
        "num_threads": 8,
        "operators": [
            "insert_1",
            "remove_1",
            "two_opt",
            "exchange_ids",
            "exchange_1_1",
            "exchange_1_2",
            "exchange_2_3",
            "exchange_2_4",
            "exchange_3_3",
            "exchange_3_4",
            "rexchange_1_2",
            "centered_exchange_1",
            "centered_exchange_2",
            "centered_exchange_3",
            "centered_exchange_4",
            "relocate_5",
            "rrelocate_2",
            "rrelocate_3",
            "rrelocate_5",
            "move_all_by_2",
            "move_all_by_3",
            "move_all_by_4"
        ],
        "perturbation": [
            "random_double_bridge"
        ],
        "timeout": 6
    },
    "histogram": {
        "all": {
            "centered_exchange_1": 21,
            "centered_exchange_2": 22,
            "centered_exchange_3": 22,
            "centered_exchange_4": 22,
            "exchange_1_1": 21,
            "exchange_1_2": 21,
            "exchange_2_3": 22,
            "exchange_2_4": 21,
            "exchange_3_3": 21,
            "exchange_3_4": 21,
            "exchange_ids": 21,
            "insert_1": 21,
            "move_all_by_2": 21,
            "move_all_by_3": 21,
            "move_all_by_4": 22,
            "relocate_5": 21,
            "remove_1": 21,
            "rexchange_1_2": 21,
            "rrelocate_2": 21,
            "rrelocate_3": 22,
            "rrelocate_5": 22,
            "two_opt": 21
        },
        "improving": {
            "centered_exchange_1": 21,
            "centered_exchange_2": 16,
            "centered_exchange_3": 15,
            "centered_exchange_4": 11,
            "exchange_1_1": 21,
            "exchange_1_2": 21,
            "exchange_2_3": 22,
            "exchange_2_4": 19,
            "exchange_3_3": 19,
            "exchange_3_4": 20,
            "exchange_ids": 21,
            "insert_1": 21,
            "move_all_by_2": 21,
            "move_all_by_3": 21,
            "move_all_by_4": 22,
            "relocate_5": 21,
            "remove_1": 0,
            "rexchange_1_2": 21,
            "rrelocate_2": 21,
            "rrelocate_3": 22,
            "rrelocate_5": 22,
            "two_opt": 21
        },
        "rate": {
            "centered_exchange_1": 1.0,
            "centered_exchange_2": 0.7272727489471436,
            "centered_exchange_3": 0.6818181872367859,
            "centered_exchange_4": 0.5,
            "exchange_1_1": 1.0,
            "exchange_1_2": 1.0,
            "exchange_2_3": 1.0,
            "exchange_2_4": 0.9047619104385376,
            "exchange_3_3": 0.9047619104385376,
            "exchange_3_4": 0.9523809552192688,
            "exchange_ids": 1.0,
            "insert_1": 1.0,
            "move_all_by_2": 1.0,
            "move_all_by_3": 1.0,
            "move_all_by_4": 1.0,
            "relocate_5": 1.0,
            "remove_1": 0.0,
            "rexchange_1_2": 1.0,
            "rrelocate_2": 1.0,
            "rrelocate_3": 1.0,
            "rrelocate_5": 1.0,
            "two_opt": 1.0
        }
    },
    "last_improvement": 7,
    "name": "cvrp-X-n351-k40.xml",
    "solution": {
        "solution": {
            "fitness": 387309676,
            "is_feasible": false,
            "permutation": [
                151,
                279,
                102,
                107,
                248,
                260,
                149,
                19,
                333,
                99,
                33,
                175,
                238,
                76,
                51,
                32,
                202,
                0,
                241,
                173,
                311,
                249,
                211,
                111,
                197,
                334,
                292,
                101,
                257,
                264,
                75,
                325,
                187,
                291,
                34,
                0,
                88,
                215,
                57,
                174,
                10,
                84,
                236,
                180,
                201,
                47,
                206,
                86,
                210,
                42,
                297,
                307,
                18,
                196,
                0,
                131,
                209,
                98,
                81,
                83,
                176,
                22,
                228,
                203,
                222,
                26,
                330,
                312,
                24,
                321,
                207,
                90,
                338,
                170,
                65,
                346,
                94,
                44,
                0,
                251,
                92,
                231,
                288,
                119,
                158,
                54,
                190,
                199,
                160,
                64,
                7,
                37,
                12,
                274,
                73,
                218,
                0,
                342,
                137,
                315,
                344,
                159,
                182,
                93,
                318,
                259,
                267,
                0,
                232,
                96,
                309,
                254,
                104,
                148,
                13,
                337,
                164,
                261,
                61,
                59,
                25,
                53,
                0,
                214,
                168,
                212,
                139,
                9,
                314,
                135,
                195,
                157,
                306,
                150,
                332,
                153,
                0,
                322,
                348,
                121,
                240,
                224,
                74,
                331,
                162,
                194,
                58,
                242,
                141,
                271,
                245,
                124,
                319,
                310,
                185,
                71,
                275,
                225,
                146,
                85,
                283,
                230,
                350,
                0,
                262,
                339,
                295,
                52,
                269,
                68,
                123,
                50,
                38,
                219,
                143,
                30,
                172,
                320,
                234,
                116,
                91,
                169,
                317,
                308,
                20,
                0,
                95,
                14,
                1,
                205,
                223,
                70,
                270,
                263,
                41,
                103,
                144,
                15,
                49,
                229,
                80,
                298,
                5,
                296,
                0,
                154,
                303,
                193,
                326,
                305,
                335,
                181,
                239,
                289,
                277,
                0,
                48,
                166,
                324,
                110,
                125,
                191,
                89,
                6,
                278,
                302,
                0,
                46,
                155,
                3,
                31,
                145,
                345,
                115,
                328,
                253,
                56,
                237,
                100,
                138,
                0,
                43,
                23,
                82,
                300,
                299,
                247,
                2,
                293,
                77,
                276,
                79,
                156,
                0,
                147,
                268,
                316,
                186,
                313,
                126,
                118,
                161,
                286,
                343,
                78,
                132,
                336,
                0,
                17,
                188,
                221,
                327,
                227,
                11,
                282,
                67,
                40,
                204,
                39,
                21,
                106,
                290,
                55,
                340,
                108,
                133,
                0,
                255,
                301,
                252,
                246,
                105,
                189,
                114,
                329,
                113,
                35,
                140,
                0,
                16,
                213,
                8,
                233,
                349,
                97,
                122,
                200,
                177,
                29,
                347,
                0,
                250,
                62,
                198,
                273,
                235,
                216,
                127,
                285,
                134,
                112,
                0,
                183,
                167,
                294,
                165,
                60,
                266,
                287,
                208,
                243,
                171,
                258,
                36,
                226,
                304,
                63,
                217,
                128,
                27,
                163,
                272,
                284,
                280,
                244,
                323,
                66,
                0,
                281,
                178,
                142,
                87,
                341,
                136,
                117,
                72,
                69,
                179,
                120,
                4,
                0,
                130,
                256,
                109,
                45,
                265,
                192,
                28,
                152,
                184,
                129,
                220
            ]
        }
    },
    "steps": {
        "0": 575183148,
        "1": 533420840,
        "2": 502106200,
        "3": 460361834,
        "4": 449923620,
        "5": 418616691,
        "6": 387309695,
        "7": 387309676
    },
    "timeout": 6
}