{
    "config": {
        "allow_infeasible": true,
        "bvns_max_k": 8,
        "bvns_min_k": 3,
        "construction": "random",
        "local_search": "RVND",
        "metaheuristic": "BVNS",
        "num_threads": 8,
        "operators": [
            "insert_1",
            "remove_1",
            "two_opt",
            "exchange_ids",
            "exchange_1_1",
            "exchange_1_2",
            "exchange_2_3",
            "exchange_2_4",
            "exchange_3_3",
            "exchange_3_4",
            "rexchange_1_2",
            "centered_exchange_1",
            "centered_exchange_2",
            "centered_exchange_3",
            "centered_exchange_4",
            "relocate_5",
            "rrelocate_2",
            "rrelocate_3",
            "rrelocate_5",
            "move_all_by_2",
            "move_all_by_3",
            "move_all_by_4"
        ],
        "perturbation": [
            "random_double_bridge"
        ],
        "timeout": 6
    },
    "histogram": {
        "all": {
            "centered_exchange_1": 20,
            "centered_exchange_2": 20,
            "centered_exchange_3": 20,
            "centered_exchange_4": 20,
            "exchange_1_1": 20,
            "exchange_1_2": 20,
            "exchange_2_3": 20,
            "exchange_2_4": 20,
            "exchange_3_3": 20,
            "exchange_3_4": 20,
            "exchange_ids": 20,
            "insert_1": 20,
            "move_all_by_2": 20,
            "move_all_by_3": 20,
            "move_all_by_4": 20,
            "relocate_5": 20,
            "remove_1": 20,
            "rexchange_1_2": 20,
            "rrelocate_2": 21,
            "rrelocate_3": 20,
            "rrelocate_5": 20,
            "two_opt": 20
        },
        "improving": {
            "centered_exchange_1": 19,
            "centered_exchange_2": 19,
            "centered_exchange_3": 13,
            "centered_exchange_4": 13,
            "exchange_1_1": 20,
            "exchange_1_2": 20,
            "exchange_2_3": 20,
            "exchange_2_4": 18,
            "exchange_3_3": 19,
            "exchange_3_4": 20,
            "exchange_ids": 20,
            "insert_1": 20,
            "move_all_by_2": 20,
            "move_all_by_3": 20,
            "move_all_by_4": 20,
            "relocate_5": 19,
            "remove_1": 0,
            "rexchange_1_2": 20,
            "rrelocate_2": 21,
            "rrelocate_3": 20,
            "rrelocate_5": 20,
            "two_opt": 20
        },
        "rate": {
            "centered_exchange_1": 0.949999988079071,
            "centered_exchange_2": 0.949999988079071,
            "centered_exchange_3": 0.6499999761581421,
            "centered_exchange_4": 0.6499999761581421,
            "exchange_1_1": 1.0,
            "exchange_1_2": 1.0,
            "exchange_2_3": 1.0,
            "exchange_2_4": 0.8999999761581421,
            "exchange_3_3": 0.949999988079071,
            "exchange_3_4": 1.0,
            "exchange_ids": 1.0,
            "insert_1": 1.0,
            "move_all_by_2": 1.0,
            "move_all_by_3": 1.0,
            "move_all_by_4": 1.0,
            "relocate_5": 0.949999988079071,
            "remove_1": 0.0,
            "rexchange_1_2": 1.0,
            "rrelocate_2": 1.0,
            "rrelocate_3": 1.0,
            "rrelocate_5": 1.0,
            "two_opt": 1.0
        }
    },
    "last_improvement": 7,
    "name": "cvrp-X-n351-k40.xml",
    "solution": {
        "solution": {
            "fitness": 397745223,
            "is_feasible": false,
            "permutation": [
                37,
                7,
                345,
                200,
                177,
                100,
                331,
                23,
                293,
                343,
                162,
                91,
                2,
                161,
                276,
                267,
                342,
                0,
                62,
                301,
                140,
                189,
                113,
                85,
                315,
                182,
                159,
                126,
                143,
                11,
                282,
                68,
                67,
                40,
                123,
                194,
                211,
                219,
                30,
                320,
                234,
                300,
                316,
                118,
                74,
                79,
                156,
                0,
                157,
                110,
                279,
                307,
                109,
                206,
                256,
                192,
                165,
                183,
                167,
                294,
                209,
                0,
                321,
                24,
                312,
                207,
                90,
                338,
                170,
                65,
                330,
                57,
                174,
                26,
                222,
                228,
                203,
                22,
                98,
                191,
                89,
                0,
                347,
                138,
                336,
                132,
                78,
                96,
                237,
                253,
                108,
                325,
                61,
                261,
                59,
                187,
                122,
                232,
                348,
                0,
                142,
                149,
                163,
                27,
                217,
                41,
                229,
                49,
                15,
                103,
                144,
                158,
                54,
                190,
                199,
                64,
                160,
                257,
                264,
                56,
                133,
                29,
                0,
                230,
                114,
                319,
                271,
                141,
                242,
                58,
                39,
                204,
                197,
                111,
                50,
                38,
                249,
                311,
                173,
                43,
                318,
                259,
                0,
                350,
                146,
                225,
                147,
                17,
                188,
                275,
                344,
                268,
                186,
                313,
                269,
                221,
                327,
                227,
                172,
                116,
                299,
                169,
                247,
                82,
                286,
                317,
                52,
                295,
                262,
                20,
                0,
                302,
                6,
                215,
                81,
                83,
                47,
                176,
                266,
                60,
                265,
                45,
                86,
                231,
                151,
                0,
                238,
                175,
                92,
                305,
                28,
                326,
                258,
                80,
                298,
                152,
                180,
                236,
                0,
                102,
                296,
                201,
                287,
                208,
                5,
                171,
                243,
                248,
                128,
                63,
                270,
                223,
                205,
                1,
                125,
                251,
                277,
                0,
                210,
                70,
                36,
                226,
                304,
                260,
                272,
                284,
                244,
                117,
                280,
                119,
                136,
                341,
                333,
                31,
                53,
                0,
                97,
                349,
                12,
                233,
                73,
                212,
                135,
                33,
                166,
                18,
                131,
                181,
                278,
                332,
                0,
                250,
                35,
                252,
                346,
                335,
                127,
                235,
                196,
                32,
                202,
                0,
                95,
                14,
                241,
                25,
                115,
                328,
                164,
                75,
                101,
                340,
                292,
                334,
                106,
                21,
                290,
                55,
                337,
                13,
                148,
                0,
                309,
                254,
                104,
                77,
                224,
                308,
                137,
                240,
                121,
                283,
                0,
                255,
                155,
                239,
                216,
                285,
                273,
                134,
                153,
                112,
                0,
                34,
                4,
                3,
                168,
                195,
                48,
                288,
                130,
                107,
                193,
                303,
                42,
                297,
                154,
                324,
                306,
                150,
                0,
                51,
                213,
                76,
                179,
                139,
                178,
                281,
                145,
                218,
                291,
                322,
                0,
                46,
                289,
                198,
                88,
                10,
                84,
                184,
                129,
                220,
                263,
                0,
                9,
                87,
                314,
                99,
                19,
                323,
                66,
                69,
                72,
                274,
                8,
                16,
                214,
                0,
                120,
                44,
                94,
                246,
                105,
                329,
                339,
                93,
                245,
                124,
                310,
                71,
                185
            ]
        }
    },
    "steps": {
        "0": 575186456,
        "1": 543859926,
        "2": 512543962,
        "3": 481232475,
        "4": 460359363,
        "5": 418616527,
        "6": 397745298,
        "7": 397745223
    },
    "timeout": 6
}