{
    "config": {
        "allow_infeasible": true,
        "bvns_max_k": 8,
        "bvns_min_k": 3,
        "construction": "random",
        "local_search": "RVND",
        "metaheuristic": "BVNS",
        "num_threads": 8,
        "operators": [
            "insert_1",
            "remove_1",
            "two_opt",
            "exchange_ids",
            "exchange_1_1",
            "exchange_1_2",
            "exchange_2_3",
            "exchange_2_4",
            "exchange_3_3",
            "exchange_3_4",
            "rexchange_1_2",
            "centered_exchange_1",
            "centered_exchange_2",
            "centered_exchange_3",
            "centered_exchange_4",
            "relocate_5",
            "rrelocate_2",
            "rrelocate_3",
            "rrelocate_5",
            "move_all_by_2",
            "move_all_by_3",
            "move_all_by_4"
        ],
        "perturbation": [
            "random_double_bridge"
        ],
        "timeout": 6
    },
    "histogram": {
        "all": {
            "centered_exchange_1": 20,
            "centered_exchange_2": 19,
            "centered_exchange_3": 19,
            "centered_exchange_4": 19,
            "exchange_1_1": 19,
            "exchange_1_2": 20,
            "exchange_2_3": 19,
            "exchange_2_4": 20,
            "exchange_3_3": 20,
            "exchange_3_4": 19,
            "exchange_ids": 19,
            "insert_1": 20,
            "move_all_by_2": 20,
            "move_all_by_3": 19,
            "move_all_by_4": 19,
            "relocate_5": 19,
            "remove_1": 19,
            "rexchange_1_2": 20,
            "rrelocate_2": 19,
            "rrelocate_3": 20,
            "rrelocate_5": 20,
            "two_opt": 19
        },
        "improving": {
            "centered_exchange_1": 20,
            "centered_exchange_2": 15,
            "centered_exchange_3": 17,
            "centered_exchange_4": 14,
            "exchange_1_1": 19,
            "exchange_1_2": 20,
            "exchange_2_3": 19,
            "exchange_2_4": 20,
            "exchange_3_3": 19,
            "exchange_3_4": 19,
            "exchange_ids": 19,
            "insert_1": 20,
            "move_all_by_2": 20,
            "move_all_by_3": 19,
            "move_all_by_4": 19,
            "relocate_5": 18,
            "remove_1": 0,
            "rexchange_1_2": 20,
            "rrelocate_2": 19,
            "rrelocate_3": 20,
            "rrelocate_5": 20,
            "two_opt": 19
        },
        "rate": {
            "centered_exchange_1": 1.0,
            "centered_exchange_2": 0.7894737124443054,
            "centered_exchange_3": 0.8947368264198303,
            "centered_exchange_4": 0.7368420958518982,
            "exchange_1_1": 1.0,
            "exchange_1_2": 1.0,
            "exchange_2_3": 1.0,
            "exchange_2_4": 1.0,
            "exchange_3_3": 0.949999988079071,
            "exchange_3_4": 1.0,
            "exchange_ids": 1.0,
            "insert_1": 1.0,
            "move_all_by_2": 1.0,
            "move_all_by_3": 1.0,
            "move_all_by_4": 1.0,
            "relocate_5": 0.9473684430122375,
            "remove_1": 0.0,
            "rexchange_1_2": 1.0,
            "rrelocate_2": 1.0,
            "rrelocate_3": 1.0,
            "rrelocate_5": 1.0,
            "two_opt": 1.0
        }
    },
    "last_improvement": 7,
    "name": "cvrp-X-n351-k40.xml",
    "solution": {
        "solution": {
            "fitness": 397746407,
            "is_feasible": false,
            "permutation": [
                287,
                28,
                47,
                174,
                10,
                84,
                24,
                321,
                246,
                252,
                44,
                202,
                277,
                0,
                255,
                34,
                348,
                295,
                74,
                2,
                91,
                111,
                194,
                211,
                30,
                320,
                234,
                247,
                161,
                286,
                82,
                317,
                308,
                240,
                121,
                0,
                134,
                216,
                83,
                26,
                222,
                228,
                22,
                60,
                266,
                0,
                176,
                203,
                201,
                236,
                184,
                180,
                152,
                298,
                80,
                270,
                260,
                248,
                193,
                42,
                288,
                151,
                48,
                306,
                31,
                0,
                209,
                231,
                130,
                166,
                33,
                66,
                195,
                157,
                135,
                69,
                274,
                0,
                6,
                131,
                251,
                102,
                303,
                70,
                243,
                326,
                171,
                258,
                5,
                208,
                305,
                265,
                191,
                0,
                278,
                181,
                72,
                323,
                333,
                117,
                284,
                272,
                217,
                63,
                226,
                36,
                41,
                263,
                229,
                220,
                129,
                49,
                165,
                98,
                81,
                335,
                127,
                0,
                15,
                144,
                103,
                158,
                54,
                190,
                199,
                160,
                64,
                115,
                59,
                261,
                61,
                345,
                25,
                53,
                241,
                0,
                92,
                279,
                18,
                307,
                297,
                110,
                154,
                175,
                150,
                76,
                8,
                3,
                214,
                0,
                153,
                250,
                289,
                62,
                198,
                239,
                238,
                125,
                109,
                1,
                192,
                296,
                223,
                210,
                89,
                213,
                155,
                4,
                0,
                329,
                114,
                185,
                71,
                310,
                146,
                225,
                275,
                159,
                339,
                322,
                0,
                95,
                14,
                73,
                168,
                51,
                302,
                65,
                170,
                57,
                330,
                0,
                94,
                207,
                312,
                90,
                338,
                346,
                273,
                285,
                332,
                196,
                32,
                0,
                232,
                347,
                138,
                262,
                224,
                52,
                300,
                186,
                313,
                319,
                271,
                124,
                245,
                126,
                169,
                77,
                318,
                29,
                336,
                79,
                0,
                218,
                324,
                206,
                45,
                167,
                294,
                183,
                215,
                88,
                105,
                189,
                35,
                230,
                350,
                112,
                0,
                120,
                233,
                145,
                325,
                133,
                96,
                104,
                249,
                50,
                123,
                38,
                219,
                143,
                327,
                221,
                269,
                316,
                17,
                147,
                85,
                113,
                0,
                9,
                7,
                37,
                164,
                75,
                264,
                257,
                292,
                334,
                340,
                0,
                101,
                21,
                106,
                58,
                242,
                141,
                68,
                67,
                40,
                204,
                39,
                197,
                237,
                108,
                328,
                97,
                291,
                0,
                116,
                172,
                227,
                11,
                282,
                299,
                118,
                268,
                344,
                188,
                315,
                283,
                0,
                122,
                56,
                253,
                55,
                290,
                337,
                13,
                148,
                254,
                309,
                43,
                182,
                93,
                137,
                156,
                20,
                342,
                0,
                140,
                301,
                235,
                86,
                256,
                205,
                107,
                304,
                128,
                27,
                163,
                149,
                244,
                280,
                119,
                136,
                341,
                19,
                99,
                314,
                87,
                142,
                212,
                179,
                46,
                0,
                16,
                139,
                178,
                281,
                12,
                349,
                187,
                200,
                177,
                100,
                132,
                78,
                259,
                267,
                276,
                331,
                23,
                293,
                343,
                162,
                173,
                311
            ]
        }
    },
    "steps": {
        "0": 575186829,
        "1": 533424027,
        "2": 512544499,
        "3": 481233263,
        "4": 460360329,
        "5": 439488414,
        "6": 397746520,
        "7": 397746407
    },
    "timeout": 6
}