{
    "config": {
        "allow_infeasible": true,
        "bvns_max_k": 8,
        "bvns_min_k": 3,
        "construction": "random",
        "local_search": "RVND",
        "metaheuristic": "BVNS",
        "num_threads": 8,
        "operators": [
            "insert_1",
            "remove_1",
            "two_opt",
            "exchange_ids",
            "exchange_1_1",
            "exchange_1_2",
            "exchange_2_3",
            "exchange_2_4",
            "exchange_3_3",
            "exchange_3_4",
            "rexchange_1_2",
            "centered_exchange_1",
            "centered_exchange_2",
            "centered_exchange_3",
            "centered_exchange_4",
            "relocate_5",
            "rrelocate_2",
            "rrelocate_3",
            "rrelocate_5",
            "move_all_by_2",
            "move_all_by_3",
            "move_all_by_4"
        ],
        "perturbation": [
            "random_double_bridge"
        ],
        "timeout": 6
    },
    "histogram": {
        "all": {
            "centered_exchange_1": 20,
            "centered_exchange_2": 20,
            "centered_exchange_3": 19,
            "centered_exchange_4": 20,
            "exchange_1_1": 20,
            "exchange_1_2": 20,
            "exchange_2_3": 20,
            "exchange_2_4": 20,
            "exchange_3_3": 20,
            "exchange_3_4": 20,
            "exchange_ids": 20,
            "insert_1": 20,
            "move_all_by_2": 19,
            "move_all_by_3": 20,
            "move_all_by_4": 20,
            "relocate_5": 20,
            "remove_1": 19,
            "rexchange_1_2": 19,
            "rrelocate_2": 19,
            "rrelocate_3": 20,
            "rrelocate_5": 20,
            "two_opt": 19
        },
        "improving": {
            "centered_exchange_1": 19,
            "centered_exchange_2": 18,
            "centered_exchange_3": 15,
            "centered_exchange_4": 12,
            "exchange_1_1": 20,
            "exchange_1_2": 20,
            "exchange_2_3": 20,
            "exchange_2_4": 19,
            "exchange_3_3": 18,
            "exchange_3_4": 18,
            "exchange_ids": 20,
            "insert_1": 20,
            "move_all_by_2": 19,
            "move_all_by_3": 20,
            "move_all_by_4": 20,
            "relocate_5": 19,
            "remove_1": 0,
            "rexchange_1_2": 19,
            "rrelocate_2": 19,
            "rrelocate_3": 20,
            "rrelocate_5": 20,
            "two_opt": 19
        },
        "rate": {
            "centered_exchange_1": 0.949999988079071,
            "centered_exchange_2": 0.8999999761581421,
            "centered_exchange_3": 0.7894737124443054,
            "centered_exchange_4": 0.6000000238418579,
            "exchange_1_1": 1.0,
            "exchange_1_2": 1.0,
            "exchange_2_3": 1.0,
            "exchange_2_4": 0.949999988079071,
            "exchange_3_3": 0.8999999761581421,
            "exchange_3_4": 0.8999999761581421,
            "exchange_ids": 1.0,
            "insert_1": 1.0,
            "move_all_by_2": 1.0,
            "move_all_by_3": 1.0,
            "move_all_by_4": 1.0,
            "relocate_5": 0.949999988079071,
            "remove_1": 0.0,
            "rexchange_1_2": 1.0,
            "rrelocate_2": 1.0,
            "rrelocate_3": 1.0,
            "rrelocate_5": 1.0,
            "two_opt": 1.0
        }
    },
    "last_improvement": 6,
    "name": "cvrp-X-n351-k40.xml",
    "solution": {
        "solution": {
            "fitness": 397744697,
            "is_feasible": false,
            "permutation": [
                149,
                163,
                27,
                128,
                304,
                260,
                248,
                107,
                193,
                303,
                110,
                42,
                130,
                210,
                86,
                206,
                125,
                0,
                191,
                215,
                28,
                208,
                287,
                176,
                228,
                203,
                222,
                26,
                174,
                57,
                330,
                65,
                301,
                0,
                342,
                44,
                94,
                273,
                216,
                6,
                195,
                157,
                212,
                274,
                3,
                214,
                277,
                0,
                317,
                2,
                116,
                172,
                30,
                143,
                227,
                67,
                68,
                282,
                11,
                221,
                327,
                269,
                159,
                182,
                339,
                262,
                137,
                0,
                121,
                240,
                29,
                122,
                291,
                14,
                241,
                218,
                31,
                34,
                0,
                153,
                285,
                127,
                181,
                98,
                92,
                278,
                302,
                46,
                0,
                4,
                155,
                16,
                95,
                187,
                200,
                177,
                276,
                74,
                224,
                52,
                295,
                93,
                308,
                267,
                0,
                329,
                114,
                185,
                310,
                271,
                141,
                242,
                58,
                39,
                204,
                40,
                123,
                194,
                50,
                249,
                162,
                343,
                91,
                23,
                43,
                259,
                336,
                0,
                156,
                79,
                132,
                78,
                173,
                311,
                309,
                254,
                237,
                253,
                56,
                108,
                133,
                0,
                250,
                87,
                341,
                136,
                119,
                280,
                117,
                99,
                69,
                168,
                179,
                0,
                213,
                150,
                306,
                33,
                272,
                284,
                244,
                19,
                333,
                314,
                142,
                178,
                281,
                73,
                8,
                120,
                202,
                0,
                7,
                37,
                64,
                158,
                54,
                190,
                199,
                160,
                257,
                292,
                334,
                106,
                21,
                290,
                337,
                96,
                100,
                138,
                347,
                348,
                232,
                0,
                48,
                154,
                297,
                256,
                205,
                223,
                296,
                70,
                36,
                266,
                22,
                88,
                0,
                230,
                189,
                105,
                246,
                321,
                201,
                236,
                129,
                220,
                49,
                15,
                144,
                103,
                217,
                226,
                9,
                0,
                109,
                45,
                192,
                305,
                265,
                165,
                167,
                183,
                294,
                209,
                131,
                89,
                51,
                196,
                0,
                102,
                288,
                1,
                171,
                243,
                326,
                80,
                298,
                152,
                180,
                184,
                84,
                10,
                312,
                24,
                112,
                0,
                283,
                113,
                146,
                225,
                71,
                319,
                245,
                124,
                313,
                186,
                316,
                118,
                300,
                299,
                169,
                82,
                161,
                286,
                293,
                77,
                331,
                318,
                0,
                239,
                134,
                346,
                170,
                338,
                90,
                207,
                252,
                140,
                35,
                350,
                0,
                289,
                32,
                332,
                233,
                53,
                25,
                97,
                349,
                345,
                261,
                59,
                61,
                325,
                0,
                20,
                85,
                147,
                17,
                315,
                188,
                344,
                275,
                268,
                126,
                247,
                320,
                234,
                38,
                219,
                211,
                111,
                197,
                104,
                148,
                13,
                55,
                340,
                101,
                264,
                75,
                164,
                328,
                115,
                12,
                145,
                322,
                0,
                255,
                139,
                72,
                135,
                66,
                323,
                166,
                324,
                151,
                307,
                231,
                279,
                18,
                251,
                175,
                238,
                76,
                0,
                62,
                198,
                235,
                335,
                81,
                83,
                47,
                60,
                5,
                258,
                270,
                63,
                41,
                263,
                229
            ]
        }
    },
    "steps": {
        "0": 575184162,
        "1": 543858353,
        "2": 512544281,
        "3": 481232947,
        "4": 460359553,
        "5": 429051587,
        "6": 397744697
    },
    "timeout": 6
}