{
    "config": {
        "allow_infeasible": true,
        "bvns_max_k": 8,
        "bvns_min_k": 3,
        "construction": "random",
        "local_search": "RVND",
        "metaheuristic": "BVNS",
        "num_threads": 8,
        "operators": [
            "insert_1",
            "remove_1",
            "two_opt",
            "exchange_ids",
            "exchange_1_1",
            "exchange_1_2",
            "exchange_2_3",
            "exchange_2_4",
            "exchange_3_3",
            "exchange_3_4",
            "rexchange_1_2",
            "centered_exchange_1",
            "centered_exchange_2",
            "centered_exchange_3",
            "centered_exchange_4",
            "relocate_5",
            "rrelocate_2",
            "rrelocate_3",
            "rrelocate_5",
            "move_all_by_2",
            "move_all_by_3",
            "move_all_by_4"
        ],
        "perturbation": [
            "random_double_bridge"
        ],
        "timeout": 6
    },
    "histogram": {
        "all": {
            "centered_exchange_1": 20,
            "centered_exchange_2": 20,
            "centered_exchange_3": 20,
            "centered_exchange_4": 19,
            "exchange_1_1": 20,
            "exchange_1_2": 20,
            "exchange_2_3": 20,
            "exchange_2_4": 20,
            "exchange_3_3": 19,
            "exchange_3_4": 19,
            "exchange_ids": 20,
            "insert_1": 19,
            "move_all_by_2": 20,
            "move_all_by_3": 19,
            "move_all_by_4": 20,
            "relocate_5": 20,
            "remove_1": 20,
            "rexchange_1_2": 20,
            "rrelocate_2": 20,
            "rrelocate_3": 20,
            "rrelocate_5": 20,
            "two_opt": 19
        },
        "improving": {
            "centered_exchange_1": 20,
            "centered_exchange_2": 17,
            "centered_exchange_3": 15,
            "centered_exchange_4": 14,
            "exchange_1_1": 20,
            "exchange_1_2": 20,
            "exchange_2_3": 19,
            "exchange_2_4": 17,
            "exchange_3_3": 18,
            "exchange_3_4": 17,
            "exchange_ids": 20,
            "insert_1": 19,
            "move_all_by_2": 20,
            "move_all_by_3": 19,
            "move_all_by_4": 20,
            "relocate_5": 18,
            "remove_1": 0,
            "rexchange_1_2": 20,
            "rrelocate_2": 20,
            "rrelocate_3": 20,
            "rrelocate_5": 20,
            "two_opt": 19
        },
        "rate": {
            "centered_exchange_1": 1.0,
            "centered_exchange_2": 0.8500000238418579,
            "centered_exchange_3": 0.75,
            "centered_exchange_4": 0.7368420958518982,
            "exchange_1_1": 1.0,
            "exchange_1_2": 1.0,
            "exchange_2_3": 0.949999988079071,
            "exchange_2_4": 0.8500000238418579,
            "exchange_3_3": 0.9473684430122375,
            "exchange_3_4": 0.8947368264198303,
            "exchange_ids": 1.0,
            "insert_1": 1.0,
            "move_all_by_2": 1.0,
            "move_all_by_3": 1.0,
            "move_all_by_4": 1.0,
            "relocate_5": 0.8999999761581421,
            "remove_1": 0.0,
            "rexchange_1_2": 1.0,
            "rrelocate_2": 1.0,
            "rrelocate_3": 1.0,
            "rrelocate_5": 1.0,
            "two_opt": 1.0
        }
    },
    "last_improvement": 6,
    "name": "cvrp-X-n351-k40.xml",
    "solution": {
        "solution": {
            "fitness": 408179377,
            "is_feasible": false,
            "permutation": [
                36,
                226,
                70,
                223,
                42,
                130,
                151,
                127,
                285,
                239,
                250,
                153,
                0,
                120,
                3,
                73,
                178,
                274,
                168,
                150,
                175,
                48,
                306,
                195,
                157,
                238,
                76,
                8,
                0,
                164,
                101,
                292,
                334,
                106,
                21,
                197,
                40,
                39,
                58,
                242,
                141,
                271,
                245,
                124,
                319,
                310,
                71,
                185,
                114,
                189,
                140,
                35,
                112,
                0,
                202,
                32,
                89,
                18,
                102,
                307,
                288,
                107,
                248,
                27,
                63,
                263,
                229,
                220,
                129,
                49,
                184,
                84,
                10,
                338,
                90,
                312,
                24,
                207,
                321,
                246,
                0,
                174,
                222,
                228,
                22,
                176,
                203,
                26,
                335,
                235,
                0,
                196,
                332,
                181,
                209,
                131,
                278,
                213,
                16,
                214,
                34,
                322,
                0,
                347,
                336,
                29,
                132,
                78,
                259,
                43,
                23,
                331,
                77,
                74,
                52,
                159,
                182,
                315,
                188,
                339,
                262,
                20,
                0,
                350,
                283,
                113,
                146,
                225,
                147,
                275,
                268,
                126,
                118,
                300,
                299,
                169,
                82,
                293,
                276,
                318,
                267,
                0,
                111,
                50,
                123,
                204,
                67,
                68,
                282,
                11,
                327,
                221,
                269,
                313,
                186,
                316,
                344,
                17,
                342,
                0,
                333,
                19,
                244,
                117,
                272,
                163,
                149,
                154,
                110,
                92,
                302,
                51,
                4,
                0,
                325,
                261,
                59,
                61,
                328,
                75,
                264,
                257,
                160,
                199,
                54,
                190,
                64,
                136,
                341,
                99,
                324,
                166,
                0,
                139,
                69,
                135,
                323,
                33,
                212,
                179,
                0,
                156,
                121,
                240,
                137,
                85,
                329,
                230,
                105,
                252,
                301,
                0,
                198,
                134,
                44,
                94,
                170,
                330,
                57,
                65,
                346,
                273,
                289,
                277,
                255,
                0,
                138,
                79,
                308,
                93,
                295,
                343,
                311,
                309,
                254,
                148,
                13,
                104,
                173,
                91,
                286,
                161,
                247,
                116,
                234,
                320,
                172,
                227,
                143,
                30,
                219,
                194,
                211,
                38,
                249,
                162,
                2,
                317,
                224,
                0,
                95,
                241,
                25,
                349,
                12,
                345,
                200,
                108,
                56,
                253,
                340,
                290,
                55,
                337,
                96,
                237,
                100,
                133,
                177,
                232,
                0,
                14,
                291,
                187,
                53,
                31,
                218,
                233,
                0,
                62,
                98,
                183,
                294,
                167,
                1,
                296,
                243,
                258,
                171,
                326,
                287,
                201,
                236,
                180,
                152,
                298,
                80,
                270,
                41,
                217,
                103,
                15,
                144,
                158,
                119,
                284,
                280,
                314,
                142,
                87,
                9,
                7,
                37,
                115,
                348,
                0,
                122,
                97,
                145,
                281,
                72,
                66,
                303,
                193,
                260,
                128,
                304,
                5,
                28,
                47,
                83,
                81,
                0,
                210,
                86,
                256,
                205,
                192,
                208,
                60,
                305,
                206,
                109,
                125,
                251,
                6,
                0,
                46,
                155,
                216,
                88,
                215,
                266,
                265,
                165,
                45,
                297,
                231,
                279,
                191
            ]
        }
    },
    "steps": {
        "0": 575185380,
        "1": 543859039,
        "2": 512543515,
        "3": 481231878,
        "4": 449923223,
        "5": 429051084,
        "6": 408179377
    },
    "timeout": 6
}