{
    "config": {
        "allow_infeasible": true,
        "bvns_max_k": 8,
        "bvns_min_k": 3,
        "construction": "random",
        "local_search": "RVND",
        "metaheuristic": "BVNS",
        "num_threads": 8,
        "operators": [
            "insert_1",
            "remove_1",
            "two_opt",
            "exchange_ids",
            "exchange_1_1",
            "exchange_1_2",
            "exchange_2_3",
            "exchange_2_4",
            "exchange_3_3",
            "exchange_3_4",
            "rexchange_1_2",
            "centered_exchange_1",
            "centered_exchange_2",
            "centered_exchange_3",
            "centered_exchange_4",
            "relocate_5",
            "rrelocate_2",
            "rrelocate_3",
            "rrelocate_5",
            "move_all_by_2",
            "move_all_by_3",
            "move_all_by_4"
        ],
        "perturbation": [
            "random_double_bridge"
        ],
        "timeout": 6
    },
    "histogram": {
        "all": {
            "centered_exchange_1": 3,
            "centered_exchange_2": 3,
            "centered_exchange_3": 3,
            "centered_exchange_4": 2,
            "exchange_1_1": 3,
            "exchange_1_2": 2,
            "exchange_2_3": 3,
            "exchange_2_4": 3,
            "exchange_3_3": 2,
            "exchange_3_4": 2,
            "exchange_ids": 3,
            "insert_1": 3,
            "move_all_by_2": 3,
            "move_all_by_3": 2,
            "move_all_by_4": 2,
            "relocate_5": 3,
            "remove_1": 2,
            "rexchange_1_2": 2,
            "rrelocate_2": 3,
            "rrelocate_3": 2,
            "rrelocate_5": 3,
            "two_opt": 2
        },
        "improving": {
            "centered_exchange_1": 3,
            "centered_exchange_2": 3,
            "centered_exchange_3": 3,
            "centered_exchange_4": 2,
            "exchange_1_1": 3,
            "exchange_1_2": 2,
            "exchange_2_3": 3,
            "exchange_2_4": 3,
            "exchange_3_3": 2,
            "exchange_3_4": 2,
            "exchange_ids": 3,
            "insert_1": 3,
            "move_all_by_2": 3,
            "move_all_by_3": 2,
            "move_all_by_4": 2,
            "relocate_5": 3,
            "remove_1": 0,
            "rexchange_1_2": 2,
            "rrelocate_2": 3,
            "rrelocate_3": 2,
            "rrelocate_5": 3,
            "two_opt": 2
        },
        "rate": {
            "centered_exchange_1": 1.0,
            "centered_exchange_2": 1.0,
            "centered_exchange_3": 1.0,
            "centered_exchange_4": 1.0,
            "exchange_1_1": 1.0,
            "exchange_1_2": 1.0,
            "exchange_2_3": 1.0,
            "exchange_2_4": 1.0,
            "exchange_3_3": 1.0,
            "exchange_3_4": 1.0,
            "exchange_ids": 1.0,
            "insert_1": 1.0,
            "move_all_by_2": 1.0,
            "move_all_by_3": 1.0,
            "move_all_by_4": 1.0,
            "relocate_5": 1.0,
            "remove_1": 0.0,
            "rexchange_1_2": 1.0,
            "rrelocate_2": 1.0,
            "rrelocate_3": 1.0,
            "rrelocate_5": 1.0,
            "two_opt": 1.0
        }
    },
    "last_improvement": 7,
    "name": "cvrp-X-n749-k98.xml",
    "solution": {
        "solution": {
            "fitness": 1176638684,
            "is_feasible": false,
            "permutation": [
                76,
                174,
                233,
                351,
                565,
                684,
                630,
                63,
                349,
                146,
                95,
                418,
                9,
                211,
                223,
                443,
                140,
                177,
                627,
                148,
                408,
                313,
                170,
                665,
                747,
                39,
                660,
                365,
                393,
                180,
                635,
                379,
                361,
                57,
                428,
                176,
                417,
                159,
                61,
                56,
                517,
                414,
                219,
                28,
                454,
                385,
                329,
                595,
                246,
                621,
                423,
                110,
                742,
                113,
                666,
                175,
                281,
                748,
                650,
                255,
                24,
                732,
                303,
                68,
                107,
                432,
                574,
                576,
                121,
                247,
                664,
                34,
                320,
                188,
                91,
                404,
                622,
                348,
                239,
                642,
                491,
                336,
                537,
                546,
                160,
                78,
                205,
                209,
                539,
                257,
                729,
                101,
                249,
                703,
                484,
                686,
                672,
                552,
                191,
                316,
                222,
                529,
                225,
                369,
                248,
                420,
                254,
                435,
                392,
                112,
                446,
                403,
                707,
                279,
                706,
                19,
                50,
                746,
                263,
                453,
                264,
                505,
                648,
                551,
                579,
                396,
                438,
                676,
                488,
                700,
                332,
                475,
                441,
                602,
                687,
                346,
                199,
                583,
                291,
                164,
                189,
                273,
                409,
                357,
                452,
                167,
                155,
                152,
                201,
                10,
                213,
                375,
                740,
                573,
                590,
                193,
                318,
                36,
                229,
                535,
                117,
                289,
                430,
                601,
                457,
                17,
                370,
                272,
                722,
                473,
                382,
                516,
                632,
                48,
                171,
                434,
                480,
                179,
                325,
                647,
                495,
                615,
                512,
                127,
                577,
                220,
                126,
                610,
                534,
                433,
                282,
                88,
                234,
                271,
                69,
                128,
                456,
                723,
                70,
                654,
                412,
                696,
                712,
                458,
                736,
                407,
                462,
                203,
                129,
                275,
                240,
                638,
                43,
                195,
                172,
                674,
                268,
                391,
                656,
                293,
                679,
                311,
                119,
                58,
                697,
                741,
                661,
                483,
                587,
                401,
                554,
                398,
                55,
                652,
                13,
                30,
                150,
                103,
                499,
                304,
                64,
                221,
                427,
                387,
                120,
                235,
                86,
                260,
                490,
                216,
                558,
                300,
                413,
                643,
                258,
                153,
                481,
                715,
                485,
                337,
                26,
                206,
                0,
                593,
                637,
                737,
                368,
                500,
                509,
                614,
                504,
                586,
                158,
                469,
                210,
                72,
                668,
                476,
                314,
                162,
                143,
                333,
                639,
                678,
                442,
                178,
                471,
                52,
                262,
                675,
                7,
                515,
                97,
                331,
                429,
                463,
                497,
                124,
                562,
                232,
                513,
                51,
                134,
                297,
                455,
                376,
                536,
                479,
                380,
                123,
                510,
                705,
                606,
                588,
                692,
                585,
                538,
                440,
                276,
                731,
                109,
                651,
                439,
                738,
                323,
                566,
                489,
                226,
                415,
                31,
                3,
                543,
                449,
                636,
                116,
                718,
                557,
                270,
                689,
                378,
                659,
                623,
                133,
                745,
                633,
                374,
                629,
                698,
                208,
                20,
                197,
                299,
                324,
                0,
                685,
                680,
                728,
                612,
                735,
                395,
                306,
                137,
                478,
                290,
                459,
                436,
                32,
                389,
                691,
                628,
                294,
                720,
                450,
                106,
                544,
                241,
                425,
                77,
                358,
                563,
                470,
                572,
                726,
                507,
                135,
                236,
                11,
                284,
                528,
                89,
                5,
                308,
                501,
                242,
                710,
                261,
                451,
                338,
                671,
                283,
                613,
                695,
                564,
                556,
                682,
                104,
                359,
                580,
                253,
                151,
                173,
                269,
                204,
                18,
                681,
                339,
                360,
                125,
                280,
                617,
                474,
                658,
                597,
                694,
                669,
                108,
                468,
                645,
                99,
                154,
                367,
                553,
                699,
                599,
                399,
                265,
                530,
                611,
                431,
                721,
                46,
                319,
                277,
                285,
                227,
                493,
                411,
                422,
                301,
                138,
                550,
                321,
                548,
                312,
                190,
                181,
                377,
                37,
                545,
                278,
                445,
                224,
                609,
                381,
                364,
                288,
                394,
                447,
                49,
                132,
                65,
                266,
                356,
                15,
                344,
                575,
                437,
                334,
                330,
                166,
                27,
                461,
                603,
                655,
                355,
                644,
                130,
                16,
                734,
                122,
                317,
                256,
                567,
                228,
                683,
                328,
                410,
                616,
                29,
                713,
                518,
                560,
                274,
                142,
                67,
                607,
                568,
                547,
                605,
                326,
                701,
                183,
                94,
                592,
                531,
                136,
                657,
                327,
                118,
                631,
                502,
                397,
                25,
                296,
                352,
                102,
                147,
                424,
                733,
                252,
                38,
                192,
                584,
                251,
                2,
                373,
                66,
                231,
                589,
                486,
                608,
                350,
                724,
                527,
                35,
                388,
                526,
                98,
                498,
                207,
                73,
                309,
                74,
                444,
                598,
                149,
                561,
                237,
                54,
                525,
                23,
                487,
                465,
                165,
                340,
                81,
                87,
                6,
                739,
                596,
                47,
                245,
                212,
                383,
                41,
                744,
                708,
                663,
                353,
                514,
                345,
                604,
                582,
                82,
                238,
                305,
                111,
                131,
                522,
                506,
                71,
                259,
                53,
                709,
                494,
                217,
                93,
                215,
                90,
                594,
                141,
                492,
                315,
                92,
                496,
                287,
                0,
                60,
                702,
                719,
                624,
                711,
                640,
                371,
                196,
                472,
                96,
                690,
                677,
                717,
                555,
                214,
                649,
                653,
                310,
                578,
                144,
                33,
                688,
                714,
                335,
                730,
                406,
                704,
                62,
                75,
                200,
                549,
                366,
                194,
                569,
                42,
                477,
                100,
                625,
                460,
                662,
                716,
                80,
                14,
                59,
                390,
                519,
                667,
                363,
                354,
                508,
                292,
                743,
                186,
                524,
                0,
                591,
                362,
                4,
                322,
                44,
                145,
                156,
                8,
                725,
                40,
                342,
                520,
                570,
                634,
                83,
                168,
                45,
                386,
                347,
                421,
                402,
                161,
                1,
                105,
                341,
                218,
                12,
                521,
                646,
                641,
                626,
                187,
                559,
                533,
                532,
                571,
                286,
                307,
                267,
                467,
                426,
                85,
                230,
                620,
                298,
                302,
                464,
                511,
                448,
                22,
                163,
                400,
                618,
                184,
                114,
                115,
                198,
                157,
                540,
                727,
                250,
                673,
                581,
                419,
                202,
                169,
                541,
                182,
                343,
                405,
                523,
                372,
                416,
                384,
                244,
                466,
                600,
                295,
                84,
                482,
                693,
                542,
                139,
                21,
                79,
                243,
                185,
                503,
                670,
                619
            ]
        }
    },
    "steps": {
        "0": 1197498277,
        "1": 1197484253,
        "2": 1197473190,
        "3": 1187064969,
        "4": 1187055011,
        "5": 1176647892,
        "6": 1176640438,
        "7": 1176638684
    },
    "timeout": 6
}