{
    "config": {
        "allow_infeasible": true,
        "bvns_max_k": 8,
        "bvns_min_k": 3,
        "construction": "random",
        "local_search": "RVND",
        "metaheuristic": "BVNS",
        "num_threads": 8,
        "operators": [
            "insert_1",
            "remove_1",
            "two_opt",
            "exchange_ids",
            "exchange_1_1",
            "exchange_1_2",
            "exchange_2_3",
            "exchange_2_4",
            "exchange_3_3",
            "exchange_3_4",
            "rexchange_1_2",
            "centered_exchange_1",
            "centered_exchange_2",
            "centered_exchange_3",
            "centered_exchange_4",
            "relocate_5",
            "rrelocate_2",
            "rrelocate_3",
            "rrelocate_5",
            "move_all_by_2",
            "move_all_by_3",
            "move_all_by_4"
        ],
        "perturbation": [
            "random_double_bridge"
        ],
        "timeout": 6
    },
    "histogram": {
        "all": {
            "centered_exchange_1": 2,
            "centered_exchange_2": 3,
            "centered_exchange_3": 3,
            "centered_exchange_4": 2,
            "exchange_1_1": 2,
            "exchange_1_2": 3,
            "exchange_2_3": 3,
            "exchange_2_4": 3,
            "exchange_3_3": 3,
            "exchange_3_4": 3,
            "exchange_ids": 3,
            "insert_1": 2,
            "move_all_by_2": 2,
            "move_all_by_3": 2,
            "move_all_by_4": 3,
            "relocate_5": 3,
            "remove_1": 2,
            "rexchange_1_2": 2,
            "rrelocate_2": 3,
            "rrelocate_3": 2,
            "rrelocate_5": 3,
            "two_opt": 2
        },
        "improving": {
            "centered_exchange_1": 2,
            "centered_exchange_2": 3,
            "centered_exchange_3": 3,
            "centered_exchange_4": 2,
            "exchange_1_1": 2,
            "exchange_1_2": 3,
            "exchange_2_3": 3,
            "exchange_2_4": 3,
            "exchange_3_3": 3,
            "exchange_3_4": 3,
            "exchange_ids": 3,
            "insert_1": 2,
            "move_all_by_2": 2,
            "move_all_by_3": 2,
            "move_all_by_4": 3,
            "relocate_5": 3,
            "remove_1": 0,
            "rexchange_1_2": 2,
            "rrelocate_2": 3,
            "rrelocate_3": 2,
            "rrelocate_5": 3,
            "two_opt": 2
        },
        "rate": {
            "centered_exchange_1": 1.0,
            "centered_exchange_2": 1.0,
            "centered_exchange_3": 1.0,
            "centered_exchange_4": 1.0,
            "exchange_1_1": 1.0,
            "exchange_1_2": 1.0,
            "exchange_2_3": 1.0,
            "exchange_2_4": 1.0,
            "exchange_3_3": 1.0,
            "exchange_3_4": 1.0,
            "exchange_ids": 1.0,
            "insert_1": 1.0,
            "move_all_by_2": 1.0,
            "move_all_by_3": 1.0,
            "move_all_by_4": 1.0,
            "relocate_5": 1.0,
            "remove_1": 0.0,
            "rexchange_1_2": 1.0,
            "rrelocate_2": 1.0,
            "rrelocate_3": 1.0,
            "rrelocate_5": 1.0,
            "two_opt": 1.0
        }
    },
    "last_improvement": 7,
    "name": "cvrp-X-n749-k98.xml",
    "solution": {
        "solution": {
            "fitness": 1187035176,
            "is_feasible": false,
            "permutation": [
                171,
                644,
                303,
                16,
                610,
                412,
                606,
                86,
                177,
                182,
                706,
                326,
                77,
                114,
                709,
                579,
                278,
                551,
                726,
                389,
                612,
                237,
                613,
                293,
                233,
                23,
                163,
                481,
                496,
                369,
                147,
                344,
                514,
                120,
                62,
                224,
                55,
                386,
                399,
                631,
                220,
                502,
                310,
                469,
                158,
                542,
                443,
                380,
                82,
                140,
                382,
                48,
                405,
                658,
                10,
                371,
                635,
                559,
                419,
                718,
                65,
                80,
                545,
                69,
                458,
                148,
                179,
                197,
                649,
                686,
                467,
                582,
                475,
                566,
                710,
                719,
                250,
                87,
                701,
                509,
                553,
                181,
                318,
                522,
                731,
                544,
                424,
                597,
                14,
                127,
                199,
                214,
                261,
                28,
                615,
                689,
                239,
                436,
                216,
                660,
                673,
                438,
                740,
                721,
                583,
                111,
                661,
                275,
                68,
                327,
                655,
                523,
                85,
                221,
                269,
                601,
                504,
                113,
                482,
                492,
                626,
                526,
                39,
                212,
                576,
                26,
                518,
                281,
                20,
                533,
                53,
                457,
                510,
                744,
                708,
                294,
                600,
                499,
                629,
                704,
                449,
                56,
                677,
                31,
                44,
                685,
                352,
                8,
                680,
                381,
                692,
                257,
                351,
                24,
                379,
                315,
                151,
                745,
                58,
                645,
                636,
                392,
                115,
                83,
                549,
                240,
                536,
                79,
                149,
                201,
                472,
                532,
                415,
                11,
                531,
                471,
                479,
                588,
                190,
                76,
                43,
                0,
                333,
                742,
                173,
                683,
                191,
                671,
                204,
                633,
                634,
                94,
                319,
                659,
                418,
                485,
                337,
                7,
                639,
                172,
                311,
                123,
                192,
                15,
                64,
                506,
                586,
                263,
                534,
                693,
                667,
                611,
                341,
                67,
                454,
                707,
                451,
                325,
                513,
                0,
                118,
                396,
                301,
                142,
                487,
                476,
                74,
                289,
                215,
                433,
                129,
                435,
                59,
                554,
                591,
                734,
                567,
                722,
                334,
                4,
                517,
                712,
                27,
                627,
                607,
                387,
                139,
                164,
                747,
                367,
                483,
                97,
                267,
                251,
                184,
                538,
                287,
                552,
                189,
                308,
                440,
                643,
                175,
                748,
                453,
                45,
                641,
                578,
                166,
                329,
                694,
                385,
                141,
                102,
                406,
                489,
                135,
                330,
                463,
                657,
                169,
                562,
                592,
                647,
                247,
                696,
                581,
                30,
                393,
                432,
                29,
                687,
                41,
                563,
                493,
                364,
                256,
                273,
                347,
                49,
                700,
                288,
                368,
                434,
                203,
                362,
                6,
                716,
                480,
                608,
                235,
                587,
                285,
                93,
                603,
                355,
                134,
                243,
                343,
                46,
                461,
                312,
                630,
                356,
                556,
                651,
                91,
                670,
                529,
                358,
                569,
                33,
                176,
                19,
                713,
                99,
                602,
                50,
                411,
                417,
                404,
                746,
                400,
                12,
                196,
                361,
                439,
                442,
                730,
                144,
                519,
                720,
                292,
                187,
                697,
                725,
                460,
                413,
                73,
                473,
                2,
                260,
                409,
                357,
                342,
                426,
                524,
                410,
                478,
                699,
                577,
                206,
                299,
                98,
                596,
                348,
                618,
                124,
                145,
                207,
                366,
                128,
                711,
                324,
                295,
                157,
                116,
                167,
                328,
                154,
                373,
                515,
                354,
                314,
                619,
                558,
                159,
                236,
                729,
                428,
                456,
                497,
                346,
                340,
                130,
                468,
                231,
                470,
                305,
                675,
                666,
                309,
                161,
                650,
                668,
                359,
                737,
                663,
                703,
                590,
                684,
                383,
                350,
                100,
                548,
                0,
                170,
                335,
                229,
                36,
                594,
                307,
                537,
                570,
                259,
                51,
                511,
                25,
                117,
                213,
                265,
                227,
                34,
                484,
                101,
                153,
                228,
                9,
                241,
                455,
                121,
                521,
                637,
                388,
                501,
                268,
                674,
                585,
                488,
                37,
                104,
                195,
                599,
                345,
                494,
                682,
                378,
                70,
                490,
                242,
                598,
                593,
                35,
                420,
                444,
                669,
                178,
                695,
                323,
                248,
                84,
                180,
                572,
                652,
                394,
                277,
                276,
                741,
                535,
                565,
                648,
                580,
                557,
                505,
                525,
                105,
                727,
                632,
                363,
                271,
                543,
                280,
                654,
                155,
                384,
                88,
                656,
                512,
                723,
                621,
                474,
                503,
                640,
                402,
                375,
                244,
                321,
                336,
                17,
                507,
                262,
                374,
                232,
                584,
                691,
                678,
                21,
                450,
                146,
                63,
                304,
                646,
                390,
                42,
                316,
                38,
                296,
                622,
                546,
                429,
                728,
                724,
                653,
                52,
                604,
                208,
                78,
                186,
                445,
                200,
                527,
                156,
                676,
                226,
                313,
                217,
                397,
                193,
                339,
                332,
                160,
                72,
                491,
                198,
                459,
                422,
                560,
                391,
                401,
                398,
                714,
                353,
                22,
                617,
                125,
                462,
                202,
                138,
                252,
                272,
                274,
                423,
                223,
                733,
                464,
                628,
                360,
                430,
                679,
                255,
                431,
                735,
                66,
                614,
                57,
                465,
                331,
                736,
                107,
                209,
                32,
                425,
                477,
                253,
                338,
                266,
                441,
                306,
                408,
                539,
                662,
                414,
                81,
                508,
                168,
                110,
                297,
                109,
                541,
                1,
                185,
                416,
                568,
                95,
                520,
                547,
                370,
                665,
                284,
                126,
                291,
                555,
                264,
                681,
                183,
                119,
                246,
                3,
                732,
                561,
                715,
                605,
                298,
                270,
                705,
                322,
                609,
                446,
                137,
                283,
                421,
                106,
                5,
                672,
                690,
                18,
                664,
                516,
                211,
                702,
                738,
                498,
                349,
                486,
                103,
                132,
                92,
                540,
                616,
                47,
                131,
                395,
                550,
                40,
                403,
                219,
                60,
                466,
                13,
                249,
                452,
                739,
                133,
                210,
                642,
                90,
                500,
                254,
                194,
                282,
                188,
                437,
                205,
                150,
                286,
                75,
                290,
                743,
                575,
                89,
                302,
                564,
                624,
                573,
                623,
                245,
                717,
                571,
                320,
                165,
                300,
                218,
                528,
                638,
                625,
                122,
                620,
                427,
                317,
                530,
                495,
                377,
                162,
                372,
                698,
                108,
                238,
                61,
                574,
                595,
                225,
                222,
                688,
                174,
                54,
                71,
                258,
                365,
                96,
                152,
                230,
                143,
                112,
                136,
                376,
                447,
                407,
                234,
                448,
                589,
                279
            ]
        }
    },
    "steps": {
        "0": 1207902418,
        "1": 1207882451,
        "2": 1197476133,
        "3": 1187067757,
        "4": 1187055194,
        "5": 1187044189,
        "6": 1187036392,
        "7": 1187035176
    },
    "timeout": 6
}