{
    "config": {
        "allow_infeasible": true,
        "bvns_max_k": 8,
        "bvns_min_k": 3,
        "construction": "random",
        "local_search": "RVND",
        "metaheuristic": "BVNS",
        "num_threads": 8,
        "operators": [
            "insert_1",
            "remove_1",
            "two_opt",
            "exchange_ids",
            "exchange_1_1",
            "exchange_1_2",
            "exchange_2_3",
            "exchange_2_4",
            "exchange_3_3",
            "exchange_3_4",
            "rexchange_1_2",
            "centered_exchange_1",
            "centered_exchange_2",
            "centered_exchange_3",
            "centered_exchange_4",
            "relocate_5",
            "rrelocate_2",
            "rrelocate_3",
            "rrelocate_5",
            "move_all_by_2",
            "move_all_by_3",
            "move_all_by_4"
        ],
        "perturbation": [
            "random_double_bridge"
        ],
        "timeout": 6
    },
    "histogram": {
        "all": {
            "centered_exchange_1": 2,
            "centered_exchange_2": 2,
            "centered_exchange_3": 3,
            "centered_exchange_4": 2,
            "exchange_1_1": 3,
            "exchange_1_2": 2,
            "exchange_2_3": 3,
            "exchange_2_4": 3,
            "exchange_3_3": 2,
            "exchange_3_4": 3,
            "exchange_ids": 3,
            "insert_1": 3,
            "move_all_by_2": 3,
            "move_all_by_3": 3,
            "move_all_by_4": 2,
            "relocate_5": 2,
            "remove_1": 2,
            "rexchange_1_2": 3,
            "rrelocate_2": 3,
            "rrelocate_3": 3,
            "rrelocate_5": 3,
            "two_opt": 2
        },
        "improving": {
            "centered_exchange_1": 2,
            "centered_exchange_2": 2,
            "centered_exchange_3": 3,
            "centered_exchange_4": 2,
            "exchange_1_1": 3,
            "exchange_1_2": 2,
            "exchange_2_3": 3,
            "exchange_2_4": 3,
            "exchange_3_3": 2,
            "exchange_3_4": 3,
            "exchange_ids": 3,
            "insert_1": 3,
            "move_all_by_2": 3,
            "move_all_by_3": 3,
            "move_all_by_4": 2,
            "relocate_5": 2,
            "remove_1": 0,
            "rexchange_1_2": 3,
            "rrelocate_2": 3,
            "rrelocate_3": 3,
            "rrelocate_5": 3,
            "two_opt": 2
        },
        "rate": {
            "centered_exchange_1": 1.0,
            "centered_exchange_2": 1.0,
            "centered_exchange_3": 1.0,
            "centered_exchange_4": 1.0,
            "exchange_1_1": 1.0,
            "exchange_1_2": 1.0,
            "exchange_2_3": 1.0,
            "exchange_2_4": 1.0,
            "exchange_3_3": 1.0,
            "exchange_3_4": 1.0,
            "exchange_ids": 1.0,
            "insert_1": 1.0,
            "move_all_by_2": 1.0,
            "move_all_by_3": 1.0,
            "move_all_by_4": 1.0,
            "relocate_5": 1.0,
            "remove_1": 0.0,
            "rexchange_1_2": 1.0,
            "rrelocate_2": 1.0,
            "rrelocate_3": 1.0,
            "rrelocate_5": 1.0,
            "two_opt": 1.0
        }
    },
    "last_improvement": 7,
    "name": "cvrp-X-n749-k98.xml",
    "solution": {
        "solution": {
            "fitness": 1176637216,
            "is_feasible": false,
            "permutation": [
                229,
                748,
                711,
                632,
                318,
                83,
                735,
                740,
                413,
                626,
                473,
                194,
                357,
                380,
                37,
                697,
                490,
                282,
                508,
                31,
                739,
                600,
                116,
                103,
                328,
                268,
                140,
                427,
                273,
                188,
                206,
                343,
                259,
                64,
                204,
                295,
                714,
                383,
                442,
                196,
                56,
                699,
                579,
                40,
                209,
                688,
                128,
                337,
                615,
                9,
                95,
                635,
                15,
                514,
                297,
                552,
                239,
                323,
                535,
                5,
                179,
                477,
                367,
                595,
                603,
                410,
                187,
                489,
                153,
                406,
                50,
                571,
                66,
                164,
                227,
                247,
                356,
                594,
                79,
                112,
                250,
                444,
                562,
                682,
                278,
                542,
                358,
                375,
                246,
                240,
                545,
                369,
                210,
                244,
                421,
                146,
                78,
                59,
                619,
                156,
                363,
                472,
                68,
                129,
                698,
                263,
                408,
                707,
                249,
                452,
                497,
                88,
                561,
                652,
                141,
                284,
                75,
                734,
                114,
                680,
                46,
                168,
                556,
                181,
                18,
                35,
                299,
                311,
                573,
                293,
                13,
                636,
                417,
                7,
                494,
                463,
                712,
                590,
                84,
                104,
                665,
                467,
                151,
                169,
                591,
                483,
                339,
                308,
                90,
                519,
                620,
                33,
                662,
                365,
                73,
                292,
                612,
                242,
                684,
                719,
                277,
                36,
                526,
                289,
                228,
                537,
                290,
                468,
                541,
                389,
                459,
                522,
                38,
                443,
                737,
                285,
                327,
                741,
                62,
                394,
                219,
                388,
                12,
                576,
                11,
                693,
                727,
                214,
                534,
                605,
                623,
                661,
                387,
                6,
                423,
                627,
                532,
                533,
                584,
                0,
                524,
                322,
                705,
                160,
                613,
                58,
                671,
                261,
                701,
                167,
                554,
                732,
                464,
                30,
                445,
                29,
                744,
                161,
                248,
                264,
                275,
                462,
                371,
                19,
                511,
                678,
                199,
                195,
                644,
                303,
                182,
                362,
                521,
                745,
                158,
                315,
                669,
                48,
                301,
                20,
                607,
                171,
                85,
                648,
                686,
                568,
                438,
                610,
                578,
                241,
                4,
                32,
                558,
                746,
                528,
                223,
                304,
                616,
                677,
                24,
                704,
                202,
                23,
                221,
                183,
                549,
                525,
                100,
                551,
                82,
                565,
                149,
                257,
                283,
                344,
                599,
                89,
                319,
                80,
                747,
                503,
                516,
                476,
                544,
                730,
                630,
                689,
                107,
                251,
                43,
                536,
                638,
                564,
                495,
                222,
                307,
                474,
                700,
                436,
                502,
                419,
                270,
                72,
                0,
                710,
                609,
                138,
                234,
                481,
                400,
                484,
                65,
                316,
                22,
                654,
                109,
                216,
                60,
                550,
                531,
                87,
                52,
                523,
                643,
                512,
                385,
                298,
                696,
                458,
                543,
                14,
                124,
                716,
                628,
                585,
                332,
                126,
                166,
                256,
                189,
                345,
                93,
                69,
                10,
                649,
                92,
                703,
                118,
                281,
                254,
                236,
                373,
                121,
                709,
                208,
                726,
                743,
                624,
                557,
                513,
                133,
                279,
                370,
                274,
                482,
                728,
                320,
                492,
                338,
                559,
                101,
                666,
                238,
                618,
                91,
                625,
                422,
                71,
                269,
                127,
                663,
                655,
                637,
                691,
                34,
                517,
                566,
                341,
                708,
                0,
                235,
                449,
                159,
                147,
                538,
                374,
                690,
                695,
                574,
                352,
                74,
                143,
                105,
                366,
                63,
                76,
                424,
                266,
                173,
                592,
                201,
                288,
                67,
                44,
                243,
                724,
                527,
                430,
                546,
                479,
                86,
                139,
                402,
                706,
                721,
                172,
                260,
                604,
                434,
                361,
                218,
                378,
                664,
                597,
                647,
                21,
                668,
                653,
                656,
                676,
                252,
                8,
                106,
                715,
                722,
                518,
                348,
                321,
                191,
                119,
                197,
                42,
                231,
                132,
                212,
                170,
                192,
                226,
                2,
                539,
                491,
                262,
                437,
                639,
                306,
                174,
                475,
                77,
                736,
                593,
                120,
                177,
                364,
                381,
                271,
                300,
                157,
                416,
                329,
                617,
                0,
                658,
                466,
                548,
                70,
                560,
                96,
                45,
                414,
                314,
                224,
                583,
                621,
                97,
                265,
                131,
                360,
                587,
                55,
                412,
                569,
                448,
                496,
                325,
                596,
                200,
                1,
                382,
                152,
                446,
                155,
                330,
                507,
                190,
                614,
                547,
                398,
                588,
                342,
                232,
                3,
                529,
                353,
                673,
                433,
                425,
                456,
                27,
                670,
                692,
                501,
                135,
                694,
                633,
                280,
                53,
                393,
                641,
                731,
                520,
                347,
                175,
                207,
                310,
                324,
                309,
                567,
                651,
                450,
                272,
                428,
                586,
                130,
                488,
                193,
                258,
                634,
                134,
                717,
                113,
                390,
                460,
                165,
                453,
                667,
                505,
                302,
                650,
                391,
                577,
                411,
                478,
                340,
                305,
                611,
                563,
                377,
                435,
                622,
                317,
                439,
                555,
                486,
                510,
                553,
                601,
                570,
                148,
                646,
                333,
                334,
                679,
                359,
                225,
                589,
                99,
                220,
                123,
                509,
                276,
                397,
                499,
                657,
                122,
                440,
                205,
                163,
                186,
                331,
                640,
                376,
                379,
                530,
                426,
                431,
                255,
                401,
                28,
                25,
                142,
                17,
                645,
                660,
                26,
                457,
                506,
                115,
                211,
                729,
                642,
                203,
                213,
                145,
                742,
                180,
                217,
                286,
                687,
                404,
                54,
                407,
                403,
                41,
                296,
                392,
                117,
                683,
                469,
                738,
                350,
                178,
                395,
                470,
                144,
                418,
                720,
                493,
                461,
                384,
                675,
                572,
                504,
                629,
                608,
                409,
                162,
                346,
                685,
                230,
                57,
                487,
                267,
                515,
                351,
                432,
                581,
                702,
                659,
                725,
                631,
                582,
                602,
                606,
                198,
                471,
                81,
                291,
                575,
                454,
                368,
                313,
                447,
                718,
                98,
                237,
                253,
                451,
                154,
                441,
                399,
                386,
                485,
                61,
                110,
                215,
                51,
                176,
                326,
                111,
                540,
                137,
                47,
                674,
                94,
                713,
                108,
                336,
                355,
                16,
                420,
                396,
                465,
                184,
                125,
                498,
                580,
                598,
                185,
                294,
                39,
                405,
                102,
                354,
                455,
                287,
                681,
                349,
                672,
                49,
                429,
                723,
                150,
                245,
                312,
                480,
                500,
                136,
                415,
                733,
                372,
                233,
                335
            ]
        }
    },
    "steps": {
        "0": 1207892435,
        "1": 1197481329,
        "2": 1197472686,
        "3": 1197464218,
        "4": 1187053412,
        "5": 1176646957,
        "6": 1176638570,
        "7": 1176637216
    },
    "timeout": 6
}