{
    "config": {
        "allow_infeasible": true,
        "bvns_max_k": 8,
        "bvns_min_k": 3,
        "construction": "random",
        "local_search": "RVND",
        "metaheuristic": "BVNS",
        "num_threads": 8,
        "operators": [
            "insert_1",
            "remove_1",
            "two_opt",
            "exchange_ids",
            "exchange_1_1",
            "exchange_1_2",
            "exchange_2_3",
            "exchange_2_4",
            "exchange_3_3",
            "exchange_3_4",
            "rexchange_1_2",
            "centered_exchange_1",
            "centered_exchange_2",
            "centered_exchange_3",
            "centered_exchange_4",
            "relocate_5",
            "rrelocate_2",
            "rrelocate_3",
            "rrelocate_5",
            "move_all_by_2",
            "move_all_by_3",
            "move_all_by_4"
        ],
        "perturbation": [
            "random_double_bridge"
        ],
        "timeout": 6
    },
    "histogram": {
        "all": {
            "centered_exchange_1": 2,
            "centered_exchange_2": 2,
            "centered_exchange_3": 2,
            "centered_exchange_4": 3,
            "exchange_1_1": 3,
            "exchange_1_2": 2,
            "exchange_2_3": 3,
            "exchange_2_4": 3,
            "exchange_3_3": 2,
            "exchange_3_4": 3,
            "exchange_ids": 3,
            "insert_1": 2,
            "move_all_by_2": 2,
            "move_all_by_3": 3,
            "move_all_by_4": 3,
            "relocate_5": 2,
            "remove_1": 3,
            "rexchange_1_2": 3,
            "rrelocate_2": 3,
            "rrelocate_3": 3,
            "rrelocate_5": 2,
            "two_opt": 2
        },
        "improving": {
            "centered_exchange_1": 2,
            "centered_exchange_2": 2,
            "centered_exchange_3": 2,
            "centered_exchange_4": 3,
            "exchange_1_1": 3,
            "exchange_1_2": 2,
            "exchange_2_3": 3,
            "exchange_2_4": 3,
            "exchange_3_3": 2,
            "exchange_3_4": 3,
            "exchange_ids": 3,
            "insert_1": 2,
            "move_all_by_2": 2,
            "move_all_by_3": 3,
            "move_all_by_4": 3,
            "relocate_5": 2,
            "remove_1": 0,
            "rexchange_1_2": 3,
            "rrelocate_2": 3,
            "rrelocate_3": 3,
            "rrelocate_5": 2,
            "two_opt": 2
        },
        "rate": {
            "centered_exchange_1": 1.0,
            "centered_exchange_2": 1.0,
            "centered_exchange_3": 1.0,
            "centered_exchange_4": 1.0,
            "exchange_1_1": 1.0,
            "exchange_1_2": 1.0,
            "exchange_2_3": 1.0,
            "exchange_2_4": 1.0,
            "exchange_3_3": 1.0,
            "exchange_3_4": 1.0,
            "exchange_ids": 1.0,
            "insert_1": 1.0,
            "move_all_by_2": 1.0,
            "move_all_by_3": 1.0,
            "move_all_by_4": 1.0,
            "relocate_5": 1.0,
            "remove_1": 0.0,
            "rexchange_1_2": 1.0,
            "rrelocate_2": 1.0,
            "rrelocate_3": 1.0,
            "rrelocate_5": 1.0,
            "two_opt": 1.0
        }
    },
    "last_improvement": 7,
    "name": "cvrp-X-n749-k98.xml",
    "solution": {
        "solution": {
            "fitness": 1187044659,
            "is_feasible": false,
            "permutation": [
                361,
                517,
                427,
                169,
                58,
                328,
                42,
                325,
                249,
                38,
                359,
                524,
                628,
                466,
                270,
                108,
                271,
                55,
                530,
                115,
                545,
                177,
                1,
                626,
                731,
                265,
                723,
                355,
                562,
                378,
                698,
                605,
                4,
                697,
                644,
                481,
                336,
                493,
                212,
                477,
                160,
                548,
                146,
                318,
                694,
                513,
                173,
                352,
                542,
                180,
                564,
                690,
                557,
                151,
                718,
                338,
                283,
                190,
                670,
                416,
                259,
                170,
                244,
                439,
                375,
                726,
                602,
                11,
                504,
                475,
                278,
                191,
                367,
                623,
                13,
                451,
                225,
                491,
                742,
                483,
                175,
                377,
                281,
                82,
                591,
                488,
                533,
                312,
                125,
                532,
                113,
                21,
                658,
                90,
                304,
                167,
                202,
                585,
                497,
                748,
                446,
                62,
                546,
                537,
                577,
                743,
                386,
                235,
                627,
                549,
                662,
                391,
                264,
                248,
                350,
                0,
                730,
                646,
                309,
                240,
                599,
                388,
                453,
                680,
                346,
                301,
                222,
                181,
                64,
                701,
                442,
                331,
                629,
                390,
                443,
                349,
                144,
                651,
                500,
                633,
                566,
                17,
                384,
                101,
                7,
                476,
                256,
                277,
                44,
                544,
                292,
                227,
                69,
                396,
                667,
                692,
                200,
                154,
                299,
                26,
                326,
                138,
                708,
                73,
                700,
                675,
                650,
                369,
                456,
                122,
                722,
                233,
                554,
                400,
                696,
                231,
                92,
                421,
                269,
                279,
                147,
                91,
                480,
                515,
                226,
                165,
                521,
                638,
                353,
                81,
                508,
                449,
                184,
                59,
                373,
                593,
                337,
                705,
                294,
                523,
                320,
                672,
                740,
                714,
                207,
                746,
                685,
                263,
                164,
                479,
                501,
                189,
                610,
                310,
                589,
                580,
                424,
                739,
                89,
                641,
                617,
                447,
                239,
                374,
                221,
                663,
                237,
                419,
                10,
                335,
                174,
                498,
                300,
                140,
                192,
                22,
                9,
                472,
                14,
                345,
                465,
                645,
                25,
                315,
                302,
                311,
                652,
                598,
                166,
                613,
                452,
                5,
                54,
                196,
                57,
                86,
                341,
                436,
                198,
                50,
                394,
                296,
                745,
                496,
                444,
                516,
                370,
                364,
                618,
                66,
                669,
                31,
                168,
                414,
                128,
                657,
                332,
                257,
                150,
                568,
                582,
                648,
                614,
                558,
                399,
                210,
                630,
                247,
                534,
                729,
                131,
                88,
                118,
                79,
                324,
                709,
                102,
                342,
                61,
                642,
                410,
                153,
                611,
                556,
                241,
                484,
                253,
                295,
                434,
                0,
                348,
                716,
                322,
                33,
                711,
                258,
                206,
                217,
                596,
                67,
                735,
                0,
                132,
                149,
                267,
                666,
                363,
                45,
                509,
                423,
                385,
                541,
                469,
                428,
                126,
                725,
                307,
                482,
                136,
                245,
                234,
                677,
                358,
                450,
                329,
                261,
                209,
                250,
                563,
                74,
                468,
                736,
                274,
                706,
                552,
                319,
                291,
                19,
                733,
                96,
                268,
                262,
                6,
                273,
                357,
                624,
                687,
                2,
                429,
                56,
                29,
                243,
                567,
                87,
                640,
                536,
                286,
                51,
                615,
                275,
                684,
                661,
                3,
                409,
                430,
                461,
                104,
                176,
                308,
                737,
                252,
                303,
                594,
                489,
                494,
                744,
                94,
                266,
                707,
                704,
                622,
                570,
                124,
                625,
                440,
                255,
                437,
                553,
                538,
                208,
                15,
                365,
                32,
                485,
                368,
                127,
                514,
                157,
                713,
                604,
                109,
                158,
                551,
                392,
                103,
                665,
                347,
                464,
                72,
                316,
                492,
                213,
                656,
                142,
                141,
                327,
                637,
                194,
                583,
                129,
                260,
                285,
                631,
                317,
                401,
                595,
                621,
                343,
                573,
                653,
                314,
                422,
                411,
                635,
                321,
                323,
                289,
                284,
                454,
                620,
                747,
                121,
                607,
                68,
                393,
                432,
                571,
                505,
                84,
                155,
                134,
                152,
                462,
                478,
                408,
                272,
                734,
                715,
                43,
                182,
                459,
                383,
                581,
                691,
                413,
                218,
                664,
                143,
                681,
                287,
                448,
                65,
                407,
                561,
                474,
                703,
                362,
                531,
                460,
                724,
                673,
                606,
                330,
                445,
                188,
                93,
                387,
                34,
                254,
                560,
                214,
                710,
                584,
                425,
                340,
                643,
                719,
                366,
                457,
                288,
                236,
                471,
                23,
                682,
                435,
                229,
                148,
                655,
                382,
                37,
                597,
                77,
                689,
                35,
                205,
                159,
                313,
                139,
                721,
                398,
                699,
                16,
                178,
                356,
                27,
                379,
                97,
                116,
                397,
                418,
                431,
                463,
                693,
                438,
                676,
                71,
                695,
                674,
                403,
                251,
                298,
                688,
                112,
                404,
                616,
                639,
                163,
                470,
                395,
                686,
                246,
                179,
                502,
                433,
                28,
                601,
                242,
                406,
                351,
                106,
                569,
                559,
                114,
                518,
                119,
                339,
                360,
                187,
                52,
                156,
                20,
                110,
                634,
                550,
                48,
                527,
                381,
                193,
                30,
                186,
                578,
                47,
                232,
                543,
                619,
                455,
                632,
                405,
                579,
                590,
                490,
                511,
                98,
                334,
                732,
                526,
                522,
                473,
                727,
                417,
                219,
                85,
                495,
                117,
                197,
                211,
                223,
                372,
                412,
                529,
                702,
                671,
                238,
                506,
                107,
                297,
                402,
                41,
                224,
                728,
                46,
                137,
                389,
                123,
                39,
                24,
                519,
                371,
                36,
                574,
                535,
                203,
                525,
                99,
                306,
                354,
                53,
                467,
                135,
                12,
                70,
                499,
                60,
                586,
                201,
                441,
                80,
                293,
                592,
                282,
                63,
                660,
                608,
                230,
                510,
                659,
                280,
                612,
                162,
                576,
                75,
                649,
                161,
                609,
                305,
                100,
                458,
                8,
                600,
                565,
                683,
                228,
                636,
                528,
                204,
                647,
                720,
                575,
                503,
                678,
                183,
                120,
                512,
                741,
                216,
                215,
                185,
                78,
                105,
                49,
                111,
                487,
                83,
                172,
                133,
                76,
                195,
                507,
                572,
                40,
                539,
                333,
                540,
                130,
                344,
                290,
                654,
                276,
                420,
                380,
                603,
                426,
                679,
                717,
                738,
                18,
                199,
                668,
                171,
                220,
                587,
                486,
                376,
                547,
                145,
                712,
                588,
                95,
                520,
                555,
                415
            ]
        }
    },
    "steps": {
        "0": 1207903537,
        "1": 1207894491,
        "2": 1187089487,
        "3": 1187078931,
        "4": 1187066949,
        "5": 1187056872,
        "6": 1187046309,
        "7": 1187044659
    },
    "timeout": 6
}